54.210.20.202 - - [05/May/2017:17:24:26 +0000] "POST /wp-cron.php?doing_wp_cron=1494005066.9705960750579833984375 HTTP/1.1" 200 - "http://sundog-soft.com/wp-cron.php?doing_wp_cron=1494005066.9705960750579833984375" "WordPress/4.7.4; http://sundog-soft.com"
95.78.232.201 - - [05/May/2017:17:24:26 +0000] "POST /wp-login.php HTTP/1.1" 200 2000 "http://sundog-soft.com/wp-login.php" "Mozilla/5.0 (Windows NT 6.0; rv:34.0) Gecko/20100101 Firefox/34.0"
54.210.20.202 - - [05/May/2017:17:24:52 +0000] "POST /wp-cron.php?doing_wp_cron=1494005092.3390049934387207031250 HTTP/1.1" 200 - "http://sundog-soft.com/wp-cron.php?doing_wp_cron=1494005092.3390049934387207031250" "WordPress/4.7.4; http://sundog-soft.com"
131.253.24.150 - - [05/May/2017:17:24:51 +0000] "GET /2013/01/sundog-adds-god-rays-cloud-shadows-to-silverlining-sdk/ HTTP/1.1" 200 15231 "-" "Mozilla/5.0 (compatible; MSIE 9.0; Windows NT 6.0; Trident/5.0;  Trident/5.0)"
131.253.24.150 - - [05/May/2017:17:24:56 +0000] "GET /wp-content/plugins/LayerSlider/static/layerslider/css/layerslider.css?ver=6.3.0 HTTP/1.1" 200 3792 "http://sundog-soft.com/2013/01/sundog-adds-god-rays-cloud-shadows-to-silverlining-sdk/" "Mozilla/5.0 (compatible; MSIE 9.0; Windows NT 6.0; Trident/5.0;  Trident/5.0)"
65.55.218.32 - - [05/May/2017:17:24:56 +0000] "GET /wp-content/plugins/contact-form-7/includes/css/styles.css?ver=4.7 HTTP/1.1" 200 634 "http://sundog-soft.com/2013/01/sundog-adds-god-rays-cloud-shadows-to-silverlining-sdk/" "Mozilla/5.0 (compatible; MSIE 9.0; Windows NT 6.0; Trident/5.0;  Trident/5.0)"
131.253.24.150 - - [05/May/2017:17:24:56 +0000] "GET /wp-content/plugins/revslider/public/assets/css/settings.css?ver=5.4.1 HTTP/1.1" 200 7067 "http://sundog-soft.com/2013/01/sundog-adds-god-rays-cloud-shadows-to-silverlining-sdk/" "Mozilla/5.0 (compatible; MSIE 9.0; Windows NT 6.0; Trident/5.0;  Trident/5.0)"
65.55.218.32 - - [05/May/2017:17:24:56 +0000] "GET /wp-content/plugins/tablepress/css/default.min.css?ver=1.8 HTTP/1.1" 200 2739 "http://sundog-soft.com/2013/01/sundog-adds-god-rays-cloud-shadows-to-silverlining-sdk/" "Mozilla/5.0 (compatible; MSIE 9.0; Windows NT 6.0; Trident/5.0;  Trident/5.0)"
131.253.24.150 - - [05/May/2017:17:24:56 +0000] "GET /wp-content/plugins/mailchimp-for-wp/assets/css/form-basic.min.css?ver=4.1.1 HTTP/1.1" 200 697 "http://sundog-soft.com/2013/01/sundog-adds-god-rays-cloud-shadows-to-silverlining-sdk/" "Mozilla/5.0 (compatible; MSIE 9.0; Windows NT 6.0; Trident/5.0;  Trident/5.0)"
65.55.218.32 - - [05/May/2017:17:24:57 +0000] "GET /wp-content/plugins/LayerSlider/static/layerslider/js/greensock.js?ver=1.19.0 HTTP/1.1" 200 39570 "http://sundog-soft.com/2013/01/sundog-adds-god-rays-cloud-shadows-to-silverlining-sdk/" "Mozilla/5.0 (compatible; MSIE 9.0; Windows NT 6.0; Trident/5.0;  Trident/5.0)"
131.253.24.150 - - [05/May/2017:17:24:57 +0000] "GET /wp-content/plugins/LayerSlider/static/layerslider/js/layerslider.kreaturamedia.jquery.js?ver=6.3.0 HTTP/1.1" 200 42430 "http://sundog-soft.com/2013/01/sundog-adds-god-rays-cloud-shadows-to-silverlining-sdk/" "Mozilla/5.0 (compatible; MSIE 9.0; Windows NT 6.0; Trident/5.0;  Trident/5.0)"
65.55.218.32 - - [05/May/2017:17:24:58 +0000] "GET /wp-content/plugins/revslider/public/assets/js/jquery.themepunch.tools.min.js?ver=5.4.1 HTTP/1.1" 200 37359 "http://sundog-soft.com/2013/01/sundog-adds-god-rays-cloud-shadows-to-silverlining-sdk/" "Mozilla/5.0 (compatible; MSIE 9.0; Windows NT 6.0; Trident/5.0;  Trident/5.0)"
131.253.24.150 - - [05/May/2017:17:24:58 +0000] "GET /wp-content/plugins/revslider/public/assets/js/jquery.themepunch.revolution.min.js?ver=5.4.1 HTTP/1.1" 200 17555 "http://sundog-soft.com/2013/01/sundog-adds-god-rays-cloud-shadows-to-silverlining-sdk/" "Mozilla/5.0 (compatible; MSIE 9.0; Windows NT 6.0; Trident/5.0;  Trident/5.0)"
65.55.218.32 - - [05/May/2017:17:24:59 +0000] "GET /wp-content/plugins/woocommerce/assets/js/frontend/add-to-cart.min.js?ver=3.0.4 HTTP/1.1" 200 803 "http://sundog-soft.com/2013/01/sundog-adds-god-rays-cloud-shadows-to-silverlining-sdk/" "Mozilla/5.0 (compatible; MSIE 9.0; Windows NT 6.0; Trident/5.0;  Trident/5.0)"
131.253.24.150 - - [05/May/2017:17:24:59 +0000] "GET /wp-content/plugins/js_composer/assets/js/vendors/woocommerce-add-to-cart.js?ver=5.1.2 HTTP/1.1" 200 351 "http://sundog-soft.com/2013/01/sundog-adds-god-rays-cloud-shadows-to-silverlining-sdk/" "Mozilla/5.0 (compatible; MSIE 9.0; Windows NT 6.0; Trident/5.0;  Trident/5.0)"
65.55.218.32 - - [05/May/2017:17:24:59 +0000] "GET /wp-content/plugins/mailchimp-widget/js/mailchimp-widget-min.js?ver=4.7.4 HTTP/1.1" 200 587 "http://sundog-soft.com/2013/01/sundog-adds-god-rays-cloud-shadows-to-silverlining-sdk/" "Mozilla/5.0 (compatible; MSIE 9.0; Windows NT 6.0; Trident/5.0;  Trident/5.0)"
131.253.24.150 - - [05/May/2017:17:24:59 +0000] "GET /wp-content/plugins/LayerSlider/static/layerslider/js/layerslider.transitions.js?ver=6.3.0 HTTP/1.1" 200 3396 "http://sundog-soft.com/2013/01/sundog-adds-god-rays-cloud-shadows-to-silverlining-sdk/" "Mozilla/5.0 (compatible; MSIE 9.0; Windows NT 6.0; Trident/5.0;  Trident/5.0)"
65.55.218.32 - - [05/May/2017:17:24:59 +0000] "GET /wp-content/plugins/js_composer/assets/css/vc_lte_ie9.min.css HTTP/1.1" 200 426 "http://sundog-soft.com/2013/01/sundog-adds-god-rays-cloud-shadows-to-silverlining-sdk/" "Mozilla/5.0 (compatible; MSIE 9.0; Windows NT 6.0; Trident/5.0;  Trident/5.0)"
54.210.20.202 - - [05/May/2017:17:25:13 +0000] "POST /wp-cron.php?doing_wp_cron=1494005113.2635209560394287109375 HTTP/1.1" 200 - "http://sundog-soft.com/wp-cron.php?doing_wp_cron=1494005113.2635209560394287109375" "WordPress/4.7.4; http://sundog-soft.com"
51.255.65.55 - - [05/May/2017:17:25:12 +0000] "GET /category/uncategorized/page/4/ HTTP/1.1" 200 14553 "-" "Mozilla/5.0 (compatible; AhrefsBot/5.2; +http://ahrefs.com/robot/)"
131.253.26.239 - - [05/May/2017:17:25:15 +0000] "GET /wp-includes/js/wp-emoji-release.min.js?ver=4.7.4 HTTP/1.1" 200 4230 "http://sundog-soft.com/2013/01/sundog-adds-god-rays-cloud-shadows-to-silverlining-sdk/" "Mozilla/5.0 (compatible; MSIE 9.0; Windows NT 6.0; Trident/5.0;  Trident/5.0)"
104.200.20.46 - - [05/May/2017:17:25:23 +0000] "GET / HTTP/1.1" 200 20503 "-" "Mozilla/5.0 (Windows NT 5.1; rv:7.0.1) Gecko/20100101 Firefox/7.0.1"
104.200.20.46 - - [05/May/2017:17:25:26 +0000] "GET / HTTP/1.1" 200 20503 "http://sundog-soft.org/" "Mozilla/5.0 (Windows NT 5.1; rv:7.0.1) Gecko/20100101 Firefox/7.0.1"
54.210.20.202 - - [05/May/2017:17:25:33 +0000] "POST /wp-cron.php?doing_wp_cron=1494005133.0330119132995605468750 HTTP/1.1" 200 - "http://sundog-soft.com/wp-cron.php?doing_wp_cron=1494005133.0330119132995605468750" "WordPress/4.7.4; http://sundog-soft.com"
148.251.21.227 - - [05/May/2017:17:25:32 +0000] "GET /robots.txt HTTP/1.1" 200 67 "-" "Mozilla/5.0 (compatible; BLEXBot/1.0; +http://webmeup-crawler.com/)"
148.251.21.227 - - [05/May/2017:17:25:34 +0000] "GET /docs/triton/shipwakes.html HTTP/1.1" 200 3684 "-" "Mozilla/5.0 (compatible; BLEXBot/1.0; +http://webmeup-crawler.com/)"
148.251.21.227 - - [05/May/2017:17:25:57 +0000] "GET /evaluate/download/licensed-user-downloads/ HTTP/1.1" 200 13407 "-" "Mozilla/5.0 (compatible; BLEXBot/1.0; +http://webmeup-crawler.com/)"
82.8.145.23 - - [05/May/2017:17:25:56 +0000] "GET /wp-login.php HTTP/1.1" 200 1625 "-" "Mozilla/5.0 (Windows NT 6.0; rv:34.0) Gecko/20100101 Firefox/34.0"
54.210.20.202 - - [05/May/2017:17:25:57 +0000] "POST /wp-cron.php?doing_wp_cron=1494005157.8899860382080078125000 HTTP/1.1" 200 - "http://sundog-soft.com/wp-cron.php?doing_wp_cron=1494005157.8899860382080078125000" "WordPress/4.7.4; http://sundog-soft.com"
54.210.20.202 - - [05/May/2017:17:25:59 +0000] "POST /wp-cron.php?doing_wp_cron=1494005159.8191509246826171875000 HTTP/1.1" 200 - "http://sundog-soft.com/wp-cron.php?doing_wp_cron=1494005159.8191509246826171875000" "WordPress/4.7.4; http://sundog-soft.com"
82.8.145.23 - - [05/May/2017:17:25:59 +0000] "POST /wp-login.php HTTP/1.1" 200 2000 "http://sundog-soft.com/wp-login.php" "Mozilla/5.0 (Windows NT 6.0; rv:34.0) Gecko/20100101 Firefox/34.0"
180.76.15.16 - - [05/May/2017:17:26:14 +0000] "GET /sds/dynamic-skies-3d-clouds-ogre/?show=slide HTTP/1.1" 301 275 "-" "Mozilla/5.0 (compatible; Baiduspider/2.0; +http://www.baidu.com/search/spider.html)"
54.210.20.202 - - [05/May/2017:17:26:14 +0000] "POST /wp-cron.php?doing_wp_cron=1494005174.0177419185638427734375 HTTP/1.1" 200 - "http://sundog-soft.com/wp-cron.php?doing_wp_cron=1494005174.0177419185638427734375" "WordPress/4.7.4; http://sundog-soft.com"
148.251.21.227 - - [05/May/2017:17:26:13 +0000] "GET /shop/ HTTP/1.1" 200 12779 "-" "Mozilla/5.0 (compatible; BLEXBot/1.0; +http://webmeup-crawler.com/)"
180.76.15.160 - - [05/May/2017:17:26:14 +0000] "GET /dynamic-skies-3d-clouds-ogre/?show=slide HTTP/1.1" 301 - "-" "Mozilla/5.0 (compatible; Baiduspider/2.0; +http://www.baidu.com/search/spider.html)"
54.210.20.202 - - [05/May/2017:17:26:16 +0000] "POST /wp-cron.php?doing_wp_cron=1494005176.7973890304565429687500 HTTP/1.1" 200 - "http://sundog-soft.com/wp-cron.php?doing_wp_cron=1494005176.7973890304565429687500" "WordPress/4.7.4; http://sundog-soft.com"
180.76.15.12 - - [05/May/2017:17:26:16 +0000] "GET /dynamic-skies-3d-clouds-ogre/?show=slide HTTP/1.1" 200 14948 "-" "Mozilla/5.0 (compatible; Baiduspider/2.0; +http://www.baidu.com/search/spider.html)"
148.251.21.227 - - [05/May/2017:17:26:29 +0000] "GET /2009/12/silverlining-1-93-adjustable-alpha-thick-cirrus/ HTTP/1.1" 200 14490 "-" "Mozilla/5.0 (compatible; BLEXBot/1.0; +http://webmeup-crawler.com/)"
148.251.21.227 - - [05/May/2017:17:26:42 +0000] "GET /2010/03/serialization-support-better-directx9-support-new-lightspeed-integration/ HTTP/1.1" 200 14843 "-" "Mozilla/5.0 (compatible; BLEXBot/1.0; +http://webmeup-crawler.com/)"
54.210.20.202 - - [05/May/2017:17:26:43 +0000] "POST /wp-cron.php?doing_wp_cron=1494005203.2098670005798339843750 HTTP/1.1" 200 - "http://sundog-soft.com/wp-cron.php?doing_wp_cron=1494005203.2098670005798339843750" "WordPress/4.7.4; http://sundog-soft.com"
185.85.239.110 - - [05/May/2017:17:26:42 +0000] "GET /wp-login.php HTTP/1.1" 200 5226 "-" "Mozilla/5.0 (Windows NT 10.0; WOW64) AppleWebKit/537.36 (KHTML, like Gecko) Chrome/51.0.2704.103 Safari/537.36"
54.210.20.202 - - [05/May/2017:17:26:44 +0000] "POST /wp-cron.php?doing_wp_cron=1494005204.7187650203704833984375 HTTP/1.1" 200 - "http://sundog-soft.com/wp-cron.php?doing_wp_cron=1494005204.7187650203704833984375" "WordPress/4.7.4; http://sundog-soft.com"
185.85.239.110 - - [05/May/2017:17:26:44 +0000] "POST /wp-login.php HTTP/1.1" 200 6164 "http://sundog-soft.com/wp-login.php" "Mozilla/5.0 (Windows NT 10.0; WOW64) AppleWebKit/537.36 (KHTML, like Gecko) Chrome/51.0.2704.103 Safari/537.36"
157.55.39.81 - - [05/May/2017:17:26:50 +0000] "GET /docs/triton/_oriented_bounding_box_8h.html HTTP/1.1" 200 2259 "-" "msnbot-media/1.1 (+http://search.msn.com/msnbot.htm)"
148.251.21.227 - - [05/May/2017:17:26:55 +0000] "GET /2010/03/silverlining-playing-nice-with-others/ HTTP/1.1" 200 15177 "-" "Mozilla/5.0 (compatible; BLEXBot/1.0; +http://webmeup-crawler.com/)"
148.251.21.227 - - [05/May/2017:17:27:11 +0000] "GET /2010/03/were-in-game-engine-gems/ HTTP/1.1" 200 14478 "-" "Mozilla/5.0 (compatible; BLEXBot/1.0; +http://webmeup-crawler.com/)"
54.210.20.202 - - [05/May/2017:17:27:13 +0000] "POST /wp-cron.php?doing_wp_cron=1494005233.7089030742645263671875 HTTP/1.1" 200 - "http://sundog-soft.com/wp-cron.php?doing_wp_cron=1494005233.7089030742645263671875" "WordPress/4.7.4; http://sundog-soft.com"
66.249.75.189 - - [05/May/2017:17:27:13 +0000] "GET /2014/07/underwater-god-rays-triton-2-89/ HTTP/1.1" 200 14586 "-" "Mozilla/5.0 (compatible; Googlebot/2.1; +http://www.google.com/bot.html)"
148.251.21.227 - - [05/May/2017:17:27:23 +0000] "GET /2010/04/third-party-dependencies-eliminated/ HTTP/1.1" 200 14446 "-" "Mozilla/5.0 (compatible; BLEXBot/1.0; +http://webmeup-crawler.com/)"
54.210.20.202 - - [05/May/2017:17:27:30 +0000] "POST /wp-cron.php?doing_wp_cron=1494005250.4514639377593994140625 HTTP/1.1" 200 - "http://sundog-soft.com/wp-cron.php?doing_wp_cron=1494005250.4514639377593994140625" "WordPress/4.7.4; http://sundog-soft.com"
77.75.78.170 - - [05/May/2017:17:27:29 +0000] "GET /robots.txt HTTP/1.1" 200 67 "-" "Mozilla/5.0 (compatible; SeznamBot/3.2; +http://napoveda.seznam.cz/en/seznambot-intro/)"
54.210.20.202 - - [05/May/2017:17:27:35 +0000] "POST /wp-cron.php?doing_wp_cron=1494005255.5071051120758056640625 HTTP/1.1" 200 - "http://sundog-soft.com/wp-cron.php?doing_wp_cron=1494005255.5071051120758056640625" "WordPress/4.7.4; http://sundog-soft.com"
77.75.78.170 - - [05/May/2017:17:27:34 +0000] "GET /2016/03/celebrating-10-years-silverlining/ HTTP/1.1" 200 15114 "-" "Mozilla/5.0 (compatible; SeznamBot/3.2; +http://napoveda.seznam.cz/en/seznambot-intro/)"
54.210.20.202 - - [05/May/2017:17:27:37 +0000] "POST /wp-cron.php?doing_wp_cron=1494005257.5148820877075195312500 HTTP/1.1" 200 - "http://sundog-soft.com/wp-cron.php?doing_wp_cron=1494005257.5148820877075195312500" "WordPress/4.7.4; http://sundog-soft.com"
148.251.21.227 - - [05/May/2017:17:27:36 +0000] "GET /2010/04/visual-c-2010-support/ HTTP/1.1" 200 14054 "-" "Mozilla/5.0 (compatible; BLEXBot/1.0; +http://webmeup-crawler.com/)"
54.210.20.202 - - [05/May/2017:17:27:50 +0000] "POST /wp-cron.php?doing_wp_cron=1494005270.7993340492248535156250 HTTP/1.1" 200 - "http://sundog-soft.com/wp-cron.php?doing_wp_cron=1494005270.7993340492248535156250" "WordPress/4.7.4; http://sundog-soft.com"
212.71.248.19 - - [05/May/2017:17:27:50 +0000] "GET /2016/09/sundog-software-top-training-simulation-company/ HTTP/1.1" 200 14451 "-" "Mozilla/5.0 (X11; U; Linux i686; en-GB; rv:1.8.1.10) Gecko/20071126 Ubuntu/7.10 (gutsy) Firefox/2.0.0.10"
148.251.21.227 - - [05/May/2017:17:27:53 +0000] "GET /2010/06/opengl-3-2-support-and-no-more-popping-clouds/ HTTP/1.1" 200 15466 "-" "Mozilla/5.0 (compatible; BLEXBot/1.0; +http://webmeup-crawler.com/)"
173.239.230.117 - - [05/May/2017:17:27:55 +0000] "GET / HTTP/1.1" 200 20503 "-" "Mozilla/5.0 (Windows NT 5.1; rv:7.0.1) Gecko/20100101 Firefox/7.0.1"
54.210.20.202 - - [05/May/2017:17:27:57 +0000] "POST /wp-cron.php?doing_wp_cron=1494005277.1047160625457763671875 HTTP/1.1" 200 - "http://sundog-soft.com/wp-cron.php?doing_wp_cron=1494005277.1047160625457763671875" "WordPress/4.7.4; http://sundog-soft.com"
173.239.230.117 - - [05/May/2017:17:27:56 +0000] "POST / HTTP/1.1" 200 20542 "http://sundog-soft.com/" "Mozilla/5.0 (Windows NT 5.1; rv:7.0.1) Gecko/20100101 Firefox/7.0.1"
66.249.64.152 - - [05/May/2017:17:28:00 +0000] "GET /docs/triton/functions_func_0x75.html HTTP/1.1" 200 1971 "-" "Mozilla/5.0 (compatible; Googlebot/2.1; +http://www.google.com/bot.html)"
54.210.20.202 - - [05/May/2017:17:28:01 +0000] "POST /wp-cron.php?doing_wp_cron=1494005281.5963160991668701171875 HTTP/1.1" 200 - "http://sundog-soft.com/wp-cron.php?doing_wp_cron=1494005281.5963160991668701171875" "WordPress/4.7.4; http://sundog-soft.com"
66.249.64.146 - - [05/May/2017:17:28:00 +0000] "GET /robots.txt HTTP/1.1" 200 67 "-" "Mozilla/5.0 (compatible; Googlebot/2.1; +http://www.google.com/bot.html)"
54.210.20.202 - - [05/May/2017:17:28:08 +0000] "POST /wp-cron.php?doing_wp_cron=1494005288.9094560146331787109375 HTTP/1.1" 200 - "http://sundog-soft.com/wp-cron.php?doing_wp_cron=1494005288.9094560146331787109375" "WordPress/4.7.4; http://sundog-soft.com"
148.251.21.227 - - [05/May/2017:17:28:08 +0000] "GET /2010/06/silverlining-featured-in-june-issue-of-develop/ HTTP/1.1" 200 14379 "-" "Mozilla/5.0 (compatible; BLEXBot/1.0; +http://webmeup-crawler.com/)"
148.251.21.227 - - [05/May/2017:17:28:33 +0000] "GET /2010/06/vizerra-writes-about-collaboration-with-sundog/ HTTP/1.1" 200 14472 "-" "Mozilla/5.0 (compatible; BLEXBot/1.0; +http://webmeup-crawler.com/)"
54.210.20.202 - - [05/May/2017:17:28:35 +0000] "POST /wp-cron.php?doing_wp_cron=1494005315.6192290782928466796875 HTTP/1.1" 200 - "http://sundog-soft.com/wp-cron.php?doing_wp_cron=1494005315.6192290782928466796875" "WordPress/4.7.4; http://sundog-soft.com"
185.25.32.36 - - [05/May/2017:17:28:35 +0000] "GET /robots.txt HTTP/1.1" 200 67 "-" "robots"
185.25.32.36 - - [05/May/2017:17:28:38 +0000] "GET /sds/feed/ HTTP/1.1" 301 236 "-" "magpie-crawler/1.1 (U; Linux amd64; en-GB; +http://www.brandwatch.net)"
54.210.20.202 - - [05/May/2017:17:28:41 +0000] "POST /wp-cron.php?doing_wp_cron=1494005321.6569020748138427734375 HTTP/1.1" 200 - "http://sundog-soft.com/wp-cron.php?doing_wp_cron=1494005321.6569020748138427734375" "WordPress/4.7.4; http://sundog-soft.com"
185.25.32.36 - - [05/May/2017:17:28:41 +0000] "GET /feed/ HTTP/1.1" 200 31812 "-" "magpie-crawler/1.1 (U; Linux amd64; en-GB; +http://www.brandwatch.net)"
54.210.20.202 - - [05/May/2017:17:28:44 +0000] "POST /wp-cron.php?doing_wp_cron=1494005324.1783199310302734375000 HTTP/1.1" 200 - "http://sundog-soft.com/wp-cron.php?doing_wp_cron=1494005324.1783199310302734375000" "WordPress/4.7.4; http://sundog-soft.com"
148.251.21.227 - - [05/May/2017:17:28:43 +0000] "GET /2010/08/scenix-engine-now-supported/ HTTP/1.1" 200 14378 "-" "Mozilla/5.0 (compatible; BLEXBot/1.0; +http://webmeup-crawler.com/)"
54.210.20.202 - - [05/May/2017:17:28:55 +0000] "POST /wp-cron.php?doing_wp_cron=1494005335.4583690166473388671875 HTTP/1.1" 200 - "http://sundog-soft.com/wp-cron.php?doing_wp_cron=1494005335.4583690166473388671875" "WordPress/4.7.4; http://sundog-soft.com"
148.251.21.227 - - [05/May/2017:17:28:54 +0000] "GET /2010/09/sundog-named-a-top-simulation-and-training-company/ HTTP/1.1" 200 14276 "-" "Mozilla/5.0 (compatible; BLEXBot/1.0; +http://webmeup-crawler.com/)"
54.210.20.202 - - [05/May/2017:17:29:05 +0000] "POST /wp-cron.php?doing_wp_cron=1494005345.0985360145568847656250 HTTP/1.1" 200 - "http://sundog-soft.com/wp-cron.php?doing_wp_cron=1494005345.0985360145568847656250" "WordPress/4.7.4; http://sundog-soft.com"
177.220.176.100 - - [05/May/2017:17:29:04 +0000] "GET /wp-login.php HTTP/1.1" 200 5226 "-" "Mozilla/5.0 (Windows NT 6.1; WOW64; rv:40.0) Gecko/20100101 Firefox/40.1"
177.220.176.100 - - [05/May/2017:17:29:06 +0000] "GET / HTTP/1.1" 200 110612 "-" "Mozilla/5.0 (Windows NT 6.1; WOW64; rv:40.0) Gecko/20100101 Firefox/40.1"
54.210.20.202 - - [05/May/2017:17:29:08 +0000] "POST /wp-cron.php?doing_wp_cron=1494005348.1053700447082519531250 HTTP/1.1" 200 - "http://sundog-soft.com/wp-cron.php?doing_wp_cron=1494005348.1053700447082519531250" "WordPress/4.7.4; http://sundog-soft.com"
148.251.21.227 - - [05/May/2017:17:29:07 +0000] "GET /2012/11/sundog-launches-unity-4-0-support-for-triton-silverlining-sdks/ HTTP/1.1" 200 15252 "-" "Mozilla/5.0 (compatible; BLEXBot/1.0; +http://webmeup-crawler.com/)"
54.210.20.202 - - [05/May/2017:17:29:21 +0000] "POST /wp-cron.php?doing_wp_cron=1494005361.3674790859222412109375 HTTP/1.1" 200 - "http://sundog-soft.com/wp-cron.php?doing_wp_cron=1494005361.3674790859222412109375" "WordPress/4.7.4; http://sundog-soft.com"
148.251.21.227 - - [05/May/2017:17:29:20 +0000] "GET /2013/08/new-3d-clouds-god-rays-x-plane-10/ HTTP/1.1" 200 14978 "-" "Mozilla/5.0 (compatible; BLEXBot/1.0; +http://webmeup-crawler.com/)"
54.210.20.202 - - [05/May/2017:17:29:33 +0000] "POST /wp-cron.php?doing_wp_cron=1494005373.5088250637054443359375 HTTP/1.1" 200 - "http://sundog-soft.com/wp-cron.php?doing_wp_cron=1494005373.5088250637054443359375" "WordPress/4.7.4; http://sundog-soft.com"
148.251.21.227 - - [05/May/2017:17:29:32 +0000] "GET /2014/06/sundog-silverlining-vs-simul-truesky-comparison/ HTTP/1.1" 200 18603 "-" "Mozilla/5.0 (compatible; BLEXBot/1.0; +http://webmeup-crawler.com/)"
54.210.20.202 - - [05/May/2017:17:29:38 +0000] "POST /wp-cron.php?doing_wp_cron=1494005378.0707600116729736328125 HTTP/1.1" 200 - "http://sundog-soft.com/wp-cron.php?doing_wp_cron=1494005378.0707600116729736328125" "WordPress/4.7.4; http://sundog-soft.com"
80.93.54.33 - - [05/May/2017:17:29:37 +0000] "GET /wp-admin/admin-ajax.php?action=revslider_show_image&img=../wp-config.php HTTP/1.1" 200 1 "-" "-"
54.210.20.202 - - [05/May/2017:17:29:45 +0000] "POST /wp-cron.php?doing_wp_cron=1494005385.8200929164886474609375 HTTP/1.1" 200 - "http://sundog-soft.com/wp-cron.php?doing_wp_cron=1494005385.8200929164886474609375" "WordPress/4.7.4; http://sundog-soft.com"
148.251.21.227 - - [05/May/2017:17:29:45 +0000] "GET /2014/07/hi-res-clouds-look-even-better-silverlining-3-009/ HTTP/1.1" 200 14727 "-" "Mozilla/5.0 (compatible; BLEXBot/1.0; +http://webmeup-crawler.com/)"
216.244.66.246 - - [05/May/2017:17:29:52 +0000] "GET /docs/html/_matrix3_8h.html HTTP/1.1" 200 4729 "-" "Mozilla/5.0 (compatible; DotBot/1.1; http://www.opensiteexplorer.org/dotbot, help@moz.com)"
54.210.20.202 - - [05/May/2017:17:29:59 +0000] "POST /wp-cron.php?doing_wp_cron=1494005399.1110959053039550781250 HTTP/1.1" 200 - "http://sundog-soft.com/wp-cron.php?doing_wp_cron=1494005399.1110959053039550781250" "WordPress/4.7.4; http://sundog-soft.com"
148.251.21.227 - - [05/May/2017:17:29:58 +0000] "GET /2014/07/underwater-god-rays-triton-2-89/ HTTP/1.1" 200 14582 "-" "Mozilla/5.0 (compatible; BLEXBot/1.0; +http://webmeup-crawler.com/)"
54.210.20.202 - - [05/May/2017:17:30:11 +0000] "POST /wp-cron.php?doing_wp_cron=1494005411.1767840385437011718750 HTTP/1.1" 200 - "http://sundog-soft.com/wp-cron.php?doing_wp_cron=1494005411.1767840385437011718750" "WordPress/4.7.4; http://sundog-soft.com"
148.251.21.227 - - [05/May/2017:17:30:10 +0000] "GET /2015/01/new-x-plane-video-featuring-silverlinings-clouds/ HTTP/1.1" 200 14235 "-" "Mozilla/5.0 (compatible; BLEXBot/1.0; +http://webmeup-crawler.com/)"
148.251.21.227 - - [05/May/2017:17:30:19 +0000] "GET /2015/03/about-silverlining-skies-3d-clouds-for-unity/ HTTP/1.1" 200 15120 "-" "Mozilla/5.0 (compatible; BLEXBot/1.0; +http://webmeup-crawler.com/)"
54.210.20.202 - - [05/May/2017:17:30:20 +0000] "GET /sitemap_index.xml HTTP/1.1" 200 389 "http://sundog-soft.com/sitemap_index.xml" "W3 Total Cache"
54.210.20.202 - - [05/May/2017:17:30:21 +0000] "GET /post-sitemap.xml HTTP/1.1" 200 13654 "http://sundog-soft.com/post-sitemap.xml" "W3 Total Cache"
54.210.20.202 - - [05/May/2017:17:30:21 +0000] "GET /page-sitemap.xml HTTP/1.1" 200 2198 "http://sundog-soft.com/page-sitemap.xml" "W3 Total Cache"
54.210.20.202 - - [05/May/2017:17:30:22 +0000] "GET /product-sitemap.xml HTTP/1.1" 200 555 "http://sundog-soft.com/product-sitemap.xml" "W3 Total Cache"
54.210.20.202 - - [05/May/2017:17:30:23 +0000] "GET /creativo_portfolio-sitemap.xml HTTP/1.1" 200 658 "http://sundog-soft.com/creativo_portfolio-sitemap.xml" "W3 Total Cache"
54.210.20.202 - - [05/May/2017:17:30:23 +0000] "GET /clients-sitemap.xml HTTP/1.1" 200 3298 "http://sundog-soft.com/clients-sitemap.xml" "W3 Total Cache"
54.210.20.202 - - [05/May/2017:17:30:24 +0000] "GET /category-sitemap.xml HTTP/1.1" 200 411 "http://sundog-soft.com/category-sitemap.xml" "W3 Total Cache"
54.210.20.202 - - [05/May/2017:17:30:25 +0000] "GET /portfolio_category-sitemap.xml HTTP/1.1" 200 337 "http://sundog-soft.com/portfolio_category-sitemap.xml" "W3 Total Cache"
54.210.20.202 - - [05/May/2017:17:30:26 +0000] "GET /author-sitemap.xml HTTP/1.1" 200 347 "http://sundog-soft.com/author-sitemap.xml" "W3 Total Cache"
54.210.20.202 - - [05/May/2017:17:30:26 +0000] "GET /2011/02/silverlining-featured-in-gdc-issue-of-develop-magazine/ HTTP/1.1" 200 14323 "http://sundog-soft.com/2011/02/silverlining-featured-in-gdc-issue-of-develop-magazine/" "WordPress"
54.210.20.202 - - [05/May/2017:17:30:27 +0000] "GET /2011/01/silverlining-1-11-now-available/ HTTP/1.1" 200 14626 "http://sundog-soft.com/2011/01/silverlining-1-11-now-available/" "WordPress"
54.210.20.202 - - [05/May/2017:17:30:28 +0000] "GET /2011/02/get-under-silverlinings-hood-with-game-engine-gems-2/ HTTP/1.1" 200 14744 "http://sundog-soft.com/2011/02/get-under-silverlinings-hood-with-game-engine-gems-2/" "WordPress"
54.210.20.202 - - [05/May/2017:17:30:29 +0000] "GET /2011/03/sundog-interviewed-in-military-training-technology-magazine/ HTTP/1.1" 200 14326 "http://sundog-soft.com/2011/03/sundog-interviewed-in-military-training-technology-magazine/" "WordPress"
54.210.20.202 - - [05/May/2017:17:30:30 +0000] "GET /2011/03/silverlining-2-12-now-available/ HTTP/1.1" 200 14610 "http://sundog-soft.com/2011/03/silverlining-2-12-now-available/" "WordPress"
54.210.20.202 - - [05/May/2017:17:30:31 +0000] "GET /2010/12/silverlining-2-09-features-faster-stratocumulus-clouds/ HTTP/1.1" 200 14278 "http://sundog-soft.com/2010/12/silverlining-2-09-features-faster-stratocumulus-clouds/" "WordPress"
54.210.20.202 - - [05/May/2017:17:30:32 +0000] "GET /2010/11/carmenta-engine-5-0-integration-sample-posted/ HTTP/1.1" 200 14203 "http://sundog-soft.com/2010/11/carmenta-engine-5-0-integration-sample-posted/" "WordPress"
54.210.20.202 - - [05/May/2017:17:30:32 +0000] "GET /2010/08/scenix-engine-now-supported/ HTTP/1.1" 200 14378 "http://sundog-soft.com/2010/08/scenix-engine-now-supported/" "WordPress"
54.210.20.202 - - [05/May/2017:17:30:32 +0000] "GET /2010/06/silverlining-featured-in-june-issue-of-develop/ HTTP/1.1" 200 14379 "http://sundog-soft.com/2010/06/silverlining-featured-in-june-issue-of-develop/" "WordPress"
54.210.20.202 - - [05/May/2017:17:30:32 +0000] "GET /2010/09/sundog-named-a-top-simulation-and-training-company/ HTTP/1.1" 200 14276 "http://sundog-soft.com/2010/09/sundog-named-a-top-simulation-and-training-company/" "WordPress"
54.210.20.202 - - [05/May/2017:17:30:19 +0000] "POST /wp-cron.php?doing_wp_cron=1494005419.6656799316406250000000 HTTP/1.1" 200 - "http://sundog-soft.com/wp-cron.php?doing_wp_cron=1494005419.6656799316406250000000" "WordPress/4.7.4; http://sundog-soft.com"
54.210.20.202 - - [05/May/2017:17:30:41 +0000] "POST /wp-cron.php?doing_wp_cron=1494005441.9701240062713623046875 HTTP/1.1" 200 - "http://sundog-soft.com/wp-cron.php?doing_wp_cron=1494005441.9701240062713623046875" "WordPress/4.7.4; http://sundog-soft.com"
104.154.198.228 - - [05/May/2017:17:30:41 +0000] "GET /feed/ HTTP/1.1" 200 31812 "-" "Java/1.8.0_121"
54.210.20.202 - - [05/May/2017:17:30:57 +0000] "POST /wp-cron.php?doing_wp_cron=1494005457.1565570831298828125000 HTTP/1.1" 200 - "http://sundog-soft.com/wp-cron.php?doing_wp_cron=1494005457.1565570831298828125000" "WordPress/4.7.4; http://sundog-soft.com"
148.251.21.227 - - [05/May/2017:17:30:56 +0000] "GET /2015/03/blueskies-pro-level-skies-and-clouds-for-unity/ HTTP/1.1" 200 14538 "-" "Mozilla/5.0 (compatible; BLEXBot/1.0; +http://webmeup-crawler.com/)"
54.210.20.202 - - [05/May/2017:17:31:09 +0000] "POST /wp-cron.php?doing_wp_cron=1494005469.8471140861511230468750 HTTP/1.1" 200 - "http://sundog-soft.com/wp-cron.php?doing_wp_cron=1494005469.8471140861511230468750" "WordPress/4.7.4; http://sundog-soft.com"
148.251.21.227 - - [05/May/2017:17:31:09 +0000] "GET /2015/07/i-wrote-a-book-on-self-employment/ HTTP/1.1" 200 14827 "-" "Mozilla/5.0 (compatible; BLEXBot/1.0; +http://webmeup-crawler.com/)"
54.210.20.202 - - [05/May/2017:17:31:18 +0000] "POST /wp-cron.php?doing_wp_cron=1494005478.1472809314727783203125 HTTP/1.1" 200 - "http://sundog-soft.com/wp-cron.php?doing_wp_cron=1494005478.1472809314727783203125" "WordPress/4.7.4; http://sundog-soft.com"
148.251.21.227 - - [05/May/2017:17:31:17 +0000] "GET /2015/10/opengl-vs-directx-fight/ HTTP/1.1" 200 16292 "-" "Mozilla/5.0 (compatible; BLEXBot/1.0; +http://webmeup-crawler.com/)"
54.210.20.202 - - [05/May/2017:17:31:27 +0000] "POST /wp-cron.php?doing_wp_cron=1494005487.7759120464324951171875 HTTP/1.1" 200 - "http://sundog-soft.com/wp-cron.php?doing_wp_cron=1494005487.7759120464324951171875" "WordPress/4.7.4; http://sundog-soft.com"
148.251.21.227 - - [05/May/2017:17:31:27 +0000] "GET /2015/10/silverlining-now-supports-directx-11-1-2/ HTTP/1.1" 200 14929 "-" "Mozilla/5.0 (compatible; BLEXBot/1.0; +http://webmeup-crawler.com/)"
54.210.20.202 - - [05/May/2017:17:31:42 +0000] "POST /wp-cron.php?doing_wp_cron=1494005502.1032450199127197265625 HTTP/1.1" 200 - "http://sundog-soft.com/wp-cron.php?doing_wp_cron=1494005502.1032450199127197265625" "WordPress/4.7.4; http://sundog-soft.com"
148.251.21.227 - - [05/May/2017:17:31:41 +0000] "GET /2015/10/skymaxx-pro-3-for-x-plane-is-out/ HTTP/1.1" 200 14207 "-" "Mozilla/5.0 (compatible; BLEXBot/1.0; +http://webmeup-crawler.com/)"
54.210.20.202 - - [05/May/2017:17:31:52 +0000] "POST /wp-cron.php?doing_wp_cron=1494005512.6732110977172851562500 HTTP/1.1" 200 - "http://sundog-soft.com/wp-cron.php?doing_wp_cron=1494005512.6732110977172851562500" "WordPress/4.7.4; http://sundog-soft.com"
148.251.21.227 - - [05/May/2017:17:31:52 +0000] "GET /2015/10/skymaxx-pro-3-is-a-success/ HTTP/1.1" 200 14873 "-" "Mozilla/5.0 (compatible; BLEXBot/1.0; +http://webmeup-crawler.com/)"
54.210.20.202 - - [05/May/2017:17:32:03 +0000] "POST /wp-cron.php?doing_wp_cron=1494005523.6924788951873779296875 HTTP/1.1" 200 - "http://sundog-soft.com/wp-cron.php?doing_wp_cron=1494005523.6924788951873779296875" "WordPress/4.7.4; http://sundog-soft.com"
148.251.21.227 - - [05/May/2017:17:32:03 +0000] "GET /2015/11/check-that-end-of-the-year-budget/ HTTP/1.1" 200 14591 "-" "Mozilla/5.0 (compatible; BLEXBot/1.0; +http://webmeup-crawler.com/)"
54.210.20.202 - - [05/May/2017:17:32:14 +0000] "POST /wp-cron.php?doing_wp_cron=1494005534.2753639221191406250000 HTTP/1.1" 200 - "http://sundog-soft.com/wp-cron.php?doing_wp_cron=1494005534.2753639221191406250000" "WordPress/4.7.4; http://sundog-soft.com"
212.26.236.155 - - [05/May/2017:17:32:13 +0000] "GET /wp-login.php HTTP/1.1" 200 1624 "-" "Mozilla/5.0 (Windows NT 6.0; rv:34.0) Gecko/20100101 Firefox/34.0"
68.180.230.62 - - [05/May/2017:17:32:16 +0000] "GET /docs/html/class_silver_lining_1_1_mem_object-members.html HTTP/1.1" 200 825 "-" "Mozilla/5.0 (compatible; Yahoo! Slurp; http://help.yahoo.com/help/us/ysearch/slurp)"
148.251.21.227 - - [05/May/2017:17:32:14 +0000] "GET /2015/11/field-of-view-triton-and-you/ HTTP/1.1" 200 14768 "-" "Mozilla/5.0 (compatible; BLEXBot/1.0; +http://webmeup-crawler.com/)"
54.210.20.202 - - [05/May/2017:17:32:16 +0000] "POST /wp-cron.php?doing_wp_cron=1494005536.5631089210510253906250 HTTP/1.1" 200 - "http://sundog-soft.com/wp-cron.php?doing_wp_cron=1494005536.5631089210510253906250" "WordPress/4.7.4; http://sundog-soft.com"
212.26.236.155 - - [05/May/2017:17:32:15 +0000] "POST /wp-login.php HTTP/1.1" 200 2000 "http://sundog-soft.com/wp-login.php" "Mozilla/5.0 (Windows NT 6.0; rv:34.0) Gecko/20100101 Firefox/34.0"
54.210.20.202 - - [05/May/2017:17:32:28 +0000] "POST /wp-cron.php?doing_wp_cron=1494005548.5344810485839843750000 HTTP/1.1" 200 - "http://sundog-soft.com/wp-cron.php?doing_wp_cron=1494005548.5344810485839843750000" "WordPress/4.7.4; http://sundog-soft.com"
148.251.21.227 - - [05/May/2017:17:32:27 +0000] "GET /2015/11/were-pulling-our-packages-from-the-unity-asset-store/ HTTP/1.1" 200 15232 "-" "Mozilla/5.0 (compatible; BLEXBot/1.0; +http://webmeup-crawler.com/)"
54.210.20.202 - - [05/May/2017:17:32:42 +0000] "POST /wp-cron.php?doing_wp_cron=1494005562.5569550991058349609375 HTTP/1.1" 200 - "http://sundog-soft.com/wp-cron.php?doing_wp_cron=1494005562.5569550991058349609375" "WordPress/4.7.4; http://sundog-soft.com"
148.251.21.227 - - [05/May/2017:17:32:41 +0000] "GET /2015/11/whos-going-to-iitsec/ HTTP/1.1" 200 14391 "-" "Mozilla/5.0 (compatible; BLEXBot/1.0; +http://webmeup-crawler.com/)"
54.210.20.202 - - [05/May/2017:17:32:55 +0000] "POST /wp-cron.php?doing_wp_cron=1494005575.6816160678863525390625 HTTP/1.1" 200 - "http://sundog-soft.com/wp-cron.php?doing_wp_cron=1494005575.6816160678863525390625" "WordPress/4.7.4; http://sundog-soft.com"
148.251.21.227 - - [05/May/2017:17:32:55 +0000] "GET /2015/12/more-silverlining-performance-tips/ HTTP/1.1" 200 15051 "-" "Mozilla/5.0 (compatible; BLEXBot/1.0; +http://webmeup-crawler.com/)"
54.210.20.202 - - [05/May/2017:17:33:11 +0000] "POST /wp-cron.php?doing_wp_cron=1494005591.0756731033325195312500 HTTP/1.1" 200 - "http://sundog-soft.com/wp-cron.php?doing_wp_cron=1494005591.0756731033325195312500" "WordPress/4.7.4; http://sundog-soft.com"
148.251.21.227 - - [05/May/2017:17:33:10 +0000] "GET /2015/12/sundog-spotting-at-iitsec/ HTTP/1.1" 200 15158 "-" "Mozilla/5.0 (compatible; BLEXBot/1.0; +http://webmeup-crawler.com/)"
54.210.20.202 - - [05/May/2017:17:33:19 +0000] "POST /wp-cron.php?doing_wp_cron=1494005599.8570148944854736328125 HTTP/1.1" 200 - "http://sundog-soft.com/wp-cron.php?doing_wp_cron=1494005599.8570148944854736328125" "WordPress/4.7.4; http://sundog-soft.com"
212.111.209.8 - - [05/May/2017:17:33:19 +0000] "GET /wp-login.php HTTP/1.1" 200 1622 "-" "Mozilla/5.0 (Windows NT 6.0; rv:34.0) Gecko/20100101 Firefox/34.0"
54.210.20.202 - - [05/May/2017:17:33:21 +0000] "POST /wp-cron.php?doing_wp_cron=1494005601.3441820144653320312500 HTTP/1.1" 200 - "http://sundog-soft.com/wp-cron.php?doing_wp_cron=1494005601.3441820144653320312500" "WordPress/4.7.4; http://sundog-soft.com"
212.111.209.8 - - [05/May/2017:17:33:20 +0000] "POST /wp-login.php HTTP/1.1" 200 2000 "http://sundog-soft.com/wp-login.php" "Mozilla/5.0 (Windows NT 6.0; rv:34.0) Gecko/20100101 Firefox/34.0"
148.251.21.227 - - [05/May/2017:17:33:21 +0000] "GET /2015/12/thanks-for-a-great-iitsec-2015/ HTTP/1.1" 200 14726 "-" "Mozilla/5.0 (compatible; BLEXBot/1.0; +http://webmeup-crawler.com/)"
54.210.20.202 - - [05/May/2017:17:33:33 +0000] "POST /wp-cron.php?doing_wp_cron=1494005613.3085350990295410156250 HTTP/1.1" 200 - "http://sundog-soft.com/wp-cron.php?doing_wp_cron=1494005613.3085350990295410156250" "WordPress/4.7.4; http://sundog-soft.com"
148.251.21.227 - - [05/May/2017:17:33:32 +0000] "GET /2016/01/thanks-for-a-great-2015/ HTTP/1.1" 200 15394 "-" "Mozilla/5.0 (compatible; BLEXBot/1.0; +http://webmeup-crawler.com/)"
148.251.21.227 - - [05/May/2017:17:33:44 +0000] "GET /2016/02/check-out-my-new-course-on-data-science-and-machine-learning-with-python/ HTTP/1.1" 200 14711 "-" "Mozilla/5.0 (compatible; BLEXBot/1.0; +http://webmeup-crawler.com/)"
54.210.20.202 - - [05/May/2017:17:33:58 +0000] "POST /wp-cron.php?doing_wp_cron=1494005638.5282409191131591796875 HTTP/1.1" 200 - "http://sundog-soft.com/wp-cron.php?doing_wp_cron=1494005638.5282409191131591796875" "WordPress/4.7.4; http://sundog-soft.com"
148.251.21.227 - - [05/May/2017:17:33:57 +0000] "GET /2016/02/handling-multiple-viewports-with-silverlining-and-triton/ HTTP/1.1" 200 15499 "-" "Mozilla/5.0 (compatible; BLEXBot/1.0; +http://webmeup-crawler.com/)"
54.210.20.202 - - [05/May/2017:17:34:13 +0000] "POST /wp-cron.php?doing_wp_cron=1494005653.7605190277099609375000 HTTP/1.1" 200 - "http://sundog-soft.com/wp-cron.php?doing_wp_cron=1494005653.7605190277099609375000" "WordPress/4.7.4; http://sundog-soft.com"
148.251.21.227 - - [05/May/2017:17:34:13 +0000] "GET /2016/02/integrating-reflections-with-tritons-ocean/ HTTP/1.1" 200 15592 "-" "Mozilla/5.0 (compatible; BLEXBot/1.0; +http://webmeup-crawler.com/)"
54.210.20.202 - - [05/May/2017:17:34:22 +0000] "POST /wp-cron.php?doing_wp_cron=1494005662.8534789085388183593750 HTTP/1.1" 200 - "http://sundog-soft.com/wp-cron.php?doing_wp_cron=1494005662.8534789085388183593750" "WordPress/4.7.4; http://sundog-soft.com"
176.56.0.65 - - [05/May/2017:17:34:22 +0000] "GET /wp-login.php HTTP/1.1" 200 1623 "-" "Mozilla/5.0 (Windows NT 6.0; rv:34.0) Gecko/20100101 Firefox/34.0"
54.210.20.202 - - [05/May/2017:17:34:24 +0000] "POST /wp-cron.php?doing_wp_cron=1494005664.4055299758911132812500 HTTP/1.1" 200 - "http://sundog-soft.com/wp-cron.php?doing_wp_cron=1494005664.4055299758911132812500" "WordPress/4.7.4; http://sundog-soft.com"
176.56.0.65 - - [05/May/2017:17:34:23 +0000] "POST /wp-login.php HTTP/1.1" 200 2000 "http://sundog-soft.com/wp-login.php" "Mozilla/5.0 (Windows NT 6.0; rv:34.0) Gecko/20100101 Firefox/34.0"
148.251.21.227 - - [05/May/2017:17:34:24 +0000] "GET /?p=2827 HTTP/1.1" 301 - "-" "Mozilla/5.0 (compatible; BLEXBot/1.0; +http://webmeup-crawler.com/)"
216.244.66.246 - - [05/May/2017:17:34:24 +0000] "GET /evaluate/gallery/ HTTP/1.1" 200 78222 "-" "Mozilla/5.0 (compatible; DotBot/1.1; http://www.opensiteexplorer.org/dotbot, help@moz.com)"
54.210.20.202 - - [05/May/2017:17:34:35 +0000] "POST /wp-cron.php?doing_wp_cron=1494005675.5853490829467773437500 HTTP/1.1" 200 - "http://sundog-soft.com/wp-cron.php?doing_wp_cron=1494005675.5853490829467773437500" "WordPress/4.7.4; http://sundog-soft.com"
148.251.21.227 - - [05/May/2017:17:34:34 +0000] "GET /category/uncategorized/page/20/ HTTP/1.1" 200 14638 "-" "Mozilla/5.0 (compatible; BLEXBot/1.0; +http://webmeup-crawler.com/)"
54.210.20.202 - - [05/May/2017:17:34:47 +0000] "POST /wp-cron.php?doing_wp_cron=1494005687.1643569469451904296875 HTTP/1.1" 200 - "http://sundog-soft.com/wp-cron.php?doing_wp_cron=1494005687.1643569469451904296875" "WordPress/4.7.4; http://sundog-soft.com"
148.251.21.227 - - [05/May/2017:17:34:46 +0000] "GET /category/uncategorized/page/21/ HTTP/1.1" 200 14542 "-" "Mozilla/5.0 (compatible; BLEXBot/1.0; +http://webmeup-crawler.com/)"
54.210.20.202 - - [05/May/2017:17:34:57 +0000] "POST /wp-cron.php?doing_wp_cron=1494005697.5729970932006835937500 HTTP/1.1" 200 - "http://sundog-soft.com/wp-cron.php?doing_wp_cron=1494005697.5729970932006835937500" "WordPress/4.7.4; http://sundog-soft.com"
148.251.21.227 - - [05/May/2017:17:34:56 +0000] "GET /category/uncategorized/page/23/ HTTP/1.1" 200 13446 "-" "Mozilla/5.0 (compatible; BLEXBot/1.0; +http://webmeup-crawler.com/)"
54.210.20.202 - - [05/May/2017:17:35:10 +0000] "POST /wp-cron.php?doing_wp_cron=1494005710.5911691188812255859375 HTTP/1.1" 200 - "http://sundog-soft.com/wp-cron.php?doing_wp_cron=1494005710.5911691188812255859375" "WordPress/4.7.4; http://sundog-soft.com"
148.251.21.227 - - [05/May/2017:17:35:09 +0000] "GET /category/uncategorized/page/6/ HTTP/1.1" 200 14476 "-" "Mozilla/5.0 (compatible; BLEXBot/1.0; +http://webmeup-crawler.com/)"
216.244.66.246 - - [05/May/2017:17:35:15 +0000] "GET /docs/html/functions_vars.html HTTP/1.1" 200 2808 "-" "Mozilla/5.0 (compatible; DotBot/1.1; http://www.opensiteexplorer.org/dotbot, help@moz.com)"
54.210.20.202 - - [05/May/2017:17:35:19 +0000] "POST /wp-cron.php?doing_wp_cron=1494005719.2847230434417724609375 HTTP/1.1" 200 - "http://sundog-soft.com/wp-cron.php?doing_wp_cron=1494005719.2847230434417724609375" "WordPress/4.7.4; http://sundog-soft.com"
148.251.21.227 - - [05/May/2017:17:35:18 +0000] "GET /category/uncategorized/page/7/ HTTP/1.1" 200 14597 "-" "Mozilla/5.0 (compatible; BLEXBot/1.0; +http://webmeup-crawler.com/)"
148.251.21.227 - - [05/May/2017:17:35:31 +0000] "GET /docs/html/_cloud_layer_8h.html HTTP/1.1" 200 2059 "-" "Mozilla/5.0 (compatible; BLEXBot/1.0; +http://webmeup-crawler.com/)"
54.210.20.202 - - [05/May/2017:17:35:46 +0000] "POST /wp-cron.php?doing_wp_cron=1494005746.6312100887298583984375 HTTP/1.1" 200 - "http://sundog-soft.com/wp-cron.php?doing_wp_cron=1494005746.6312100887298583984375" "WordPress/4.7.4; http://sundog-soft.com"
148.251.21.227 - - [05/May/2017:17:35:46 +0000] "GET /robots.txt HTTP/1.1" 200 67 "-" "Mozilla/5.0 (compatible; BLEXBot/1.0; +http://webmeup-crawler.com/)"
148.251.21.227 - - [05/May/2017:17:35:48 +0000] "GET /docs/html/class_silver_lining_1_1_cloud_layer-members.html HTTP/1.1" 200 3740 "-" "Mozilla/5.0 (compatible; BLEXBot/1.0; +http://webmeup-crawler.com/)"
77.247.181.163 - - [05/May/2017:17:35:54 +0000] "GET / HTTP/1.1" 200 20503 "-" "Mozilla/5.0 (Windows NT 5.1; rv:7.0.1) Gecko/20100101 Firefox/7.0.1"
54.210.20.202 - - [05/May/2017:17:35:56 +0000] "POST /wp-cron.php?doing_wp_cron=1494005756.7317590713500976562500 HTTP/1.1" 200 - "http://sundog-soft.com/wp-cron.php?doing_wp_cron=1494005756.7317590713500976562500" "WordPress/4.7.4; http://sundog-soft.com"
77.247.181.163 - - [05/May/2017:17:35:56 +0000] "POST / HTTP/1.1" 200 20542 "http://sundog-soft.com/" "Mozilla/5.0 (Windows NT 5.1; rv:7.0.1) Gecko/20100101 Firefox/7.0.1"
148.251.21.227 - - [05/May/2017:17:36:03 +0000] "GET /docs/html/class_silver_lining_1_1_cloud_layer_factory.html HTTP/1.1" 200 3025 "-" "Mozilla/5.0 (compatible; BLEXBot/1.0; +http://webmeup-crawler.com/)"
148.251.21.227 - - [05/May/2017:17:36:16 +0000] "GET /docs/html/class_silver_lining_1_1_lightning_listener.html HTTP/1.1" 200 1975 "-" "Mozilla/5.0 (compatible; BLEXBot/1.0; +http://webmeup-crawler.com/)"
66.249.64.141 - - [05/May/2017:17:36:21 +0000] "GET /docs/triton/functions_func_0x70.html HTTP/1.1" 200 1818 "-" "Mozilla/5.0 (compatible; Googlebot/2.1; +http://www.google.com/bot.html)"
148.251.21.227 - - [05/May/2017:17:36:24 +0000] "GET /docs/html/class_silver_lining_1_1_location.html HTTP/1.1" 200 3503 "-" "Mozilla/5.0 (compatible; BLEXBot/1.0; +http://webmeup-crawler.com/)"
178.79.143.171 - - [05/May/2017:17:36:34 +0000] "GET /sds/feed/ HTTP/1.1" 301 236 "-" "arss/testing; fsfeel@gmail.com"
148.251.21.227 - - [05/May/2017:17:36:36 +0000] "GET /docs/html/class_silver_lining_1_1_vector3.html HTTP/1.1" 200 3525 "-" "Mozilla/5.0 (compatible; BLEXBot/1.0; +http://webmeup-crawler.com/)"
54.210.20.202 - - [05/May/2017:17:36:35 +0000] "POST /wp-cron.php?doing_wp_cron=1494005795.6049160957336425781250 HTTP/1.1" 200 - "http://sundog-soft.com/wp-cron.php?doing_wp_cron=1494005795.6049160957336425781250" "WordPress/4.7.4; http://sundog-soft.com"
178.79.143.171 - - [05/May/2017:17:36:35 +0000] "GET /feed/ HTTP/1.1" 200 31812 "-" "arss/testing; fsfeel@gmail.com"
148.251.21.227 - - [05/May/2017:17:36:43 +0000] "GET /docs/html/functions_0x76.html HTTP/1.1" 200 1197 "-" "Mozilla/5.0 (compatible; BLEXBot/1.0; +http://webmeup-crawler.com/)"
148.251.21.227 - - [05/May/2017:17:36:53 +0000] "GET /docs/html/functions_0x77.html HTTP/1.1" 200 1203 "-" "Mozilla/5.0 (compatible; BLEXBot/1.0; +http://webmeup-crawler.com/)"
54.210.20.202 - - [05/May/2017:17:36:57 +0000] "POST /wp-cron.php?doing_wp_cron=1494005817.4753479957580566406250 HTTP/1.1" 200 - "http://sundog-soft.com/wp-cron.php?doing_wp_cron=1494005817.4753479957580566406250" "WordPress/4.7.4; http://sundog-soft.com"
64.62.252.164 - - [05/May/2017:17:36:56 +0000] "GET /robots.txt HTTP/1.1" 200 67 "-" "BUbiNG (+http://law.di.unimi.it/BUbiNG.html)"
148.251.21.227 - - [05/May/2017:17:37:04 +0000] "GET /docs/html/globals.html HTTP/1.1" 200 2392 "-" "Mozilla/5.0 (compatible; BLEXBot/1.0; +http://webmeup-crawler.com/)"
54.210.20.202 - - [05/May/2017:17:37:12 +0000] "POST /wp-cron.php?doing_wp_cron=1494005832.1196839809417724609375 HTTP/1.1" 200 - "http://sundog-soft.com/wp-cron.php?doing_wp_cron=1494005832.1196839809417724609375" "WordPress/4.7.4; http://sundog-soft.com"
64.62.252.164 - - [05/May/2017:17:37:11 +0000] "GET /?p=2425 HTTP/1.1" 301 - "-" "BUbiNG (+http://law.di.unimi.it/BUbiNG.html)"
148.251.21.227 - - [05/May/2017:17:37:17 +0000] "GET /docs/html/troubleshoot.html HTTP/1.1" 200 5886 "-" "Mozilla/5.0 (compatible; BLEXBot/1.0; +http://webmeup-crawler.com/)"
54.210.20.202 - - [05/May/2017:17:37:26 +0000] "POST /wp-cron.php?doing_wp_cron=1494005846.8365919589996337890625 HTTP/1.1" 200 - "http://sundog-soft.com/wp-cron.php?doing_wp_cron=1494005846.8365919589996337890625" "WordPress/4.7.4; http://sundog-soft.com"
148.251.21.227 - - [05/May/2017:17:37:27 +0000] "GET /docs/triton/_environment_8h.html HTTP/1.1" 200 3430 "-" "Mozilla/5.0 (compatible; BLEXBot/1.0; +http://webmeup-crawler.com/)"
64.62.252.164 - - [05/May/2017:17:37:26 +0000] "GET /wp-json/oembed/1.0/embed?url=http%3A%2F%2Fsundog-soft.com%2F2014%2F07%2Ftriton-oceans-unity-pro-documentation%2F HTTP/1.1" 200 1169 "-" "BUbiNG (+http://law.di.unimi.it/BUbiNG.html)"
148.251.21.227 - - [05/May/2017:17:37:37 +0000] "GET /docs/triton/_matrix3_8h.html HTTP/1.1" 200 2192 "-" "Mozilla/5.0 (compatible; BLEXBot/1.0; +http://webmeup-crawler.com/)"
54.210.20.202 - - [05/May/2017:17:37:42 +0000] "POST /wp-cron.php?doing_wp_cron=1494005862.4289219379425048828125 HTTP/1.1" 200 - "http://sundog-soft.com/wp-cron.php?doing_wp_cron=1494005862.4289219379425048828125" "WordPress/4.7.4; http://sundog-soft.com"
64.62.252.164 - - [05/May/2017:17:37:41 +0000] "GET /wp-json/oembed/1.0/embed?url=http%3A%2F%2Fsundog-soft.com%2F2014%2F07%2Ftriton-oceans-unity-pro-documentation%2F&format=xml HTTP/1.1" 200 1406 "-" "BUbiNG (+http://law.di.unimi.it/BUbiNG.html)"
148.251.21.227 - - [05/May/2017:17:37:46 +0000] "GET /docs/triton/_matrix4_8h.html HTTP/1.1" 200 2174 "-" "Mozilla/5.0 (compatible; BLEXBot/1.0; +http://webmeup-crawler.com/)"
148.251.21.227 - - [05/May/2017:17:37:54 +0000] "GET /docs/triton/_oriented_bounding_box_8h.html HTTP/1.1" 200 2259 "-" "Mozilla/5.0 (compatible; BLEXBot/1.0; +http://webmeup-crawler.com/)"
64.62.252.164 - - [05/May/2017:17:37:55 +0000] "GET /sds/features/ocean-and-water-rendering-with-triton/unity-water-effects-with-triton-for-unity-pro/ HTTP/1.1" 301 324 "-" "BUbiNG (+http://law.di.unimi.it/BUbiNG.html)"
148.251.21.227 - - [05/May/2017:17:38:03 +0000] "GET /docs/triton/_random_number_generator_8h.html HTTP/1.1" 200 2156 "-" "Mozilla/5.0 (compatible; BLEXBot/1.0; +http://webmeup-crawler.com/)"
148.251.21.227 - - [05/May/2017:17:38:12 +0000] "GET /docs/triton/_resource_loader_8h.html HTTP/1.1" 200 2267 "-" "Mozilla/5.0 (compatible; BLEXBot/1.0; +http://webmeup-crawler.com/)"
54.210.20.202 - - [05/May/2017:17:38:42 +0000] "POST /wp-cron.php?doing_wp_cron=1494005922.7264609336853027343750 HTTP/1.1" 200 - "http://sundog-soft.com/wp-cron.php?doing_wp_cron=1494005922.7264609336853027343750" "WordPress/4.7.4; http://sundog-soft.com"
213.111.219.66 - - [05/May/2017:17:38:42 +0000] "GET /wp-login.php HTTP/1.1" 200 1624 "-" "Mozilla/5.0 (Windows NT 6.0; rv:34.0) Gecko/20100101 Firefox/34.0"
54.210.20.202 - - [05/May/2017:17:38:44 +0000] "POST /wp-cron.php?doing_wp_cron=1494005924.2130470275878906250000 HTTP/1.1" 200 - "http://sundog-soft.com/wp-cron.php?doing_wp_cron=1494005924.2130470275878906250000" "WordPress/4.7.4; http://sundog-soft.com"
213.111.219.66 - - [05/May/2017:17:38:43 +0000] "POST /wp-login.php HTTP/1.1" 200 2000 "http://sundog-soft.com/wp-login.php" "Mozilla/5.0 (Windows NT 6.0; rv:34.0) Gecko/20100101 Firefox/34.0"
54.210.20.202 - - [05/May/2017:17:38:59 +0000] "POST /wp-cron.php?doing_wp_cron=1494005939.4610970020294189453125 HTTP/1.1" 200 - "http://sundog-soft.com/wp-cron.php?doing_wp_cron=1494005939.4610970020294189453125" "WordPress/4.7.4; http://sundog-soft.com"
104.154.198.228 - - [05/May/2017:17:38:58 +0000] "GET /feed/ HTTP/1.1" 200 31812 "-" "Java/1.8.0_121"
212.71.248.19 - - [05/May/2017:17:39:04 +0000] "GET /docs/triton/class_triton_1_1_matrix4.html HTTP/1.1" 200 4041 "-" "Mozilla/5.0 (X11; U; Linux i686; en-GB; rv:1.8.1.10) Gecko/20071126 Ubuntu/7.10 (gutsy) Firefox/2.0.0.10"
148.251.21.227 - - [05/May/2017:17:39:34 +0000] "GET /docs/triton/_triton_common_8h.html HTTP/1.1" 200 2771 "-" "Mozilla/5.0 (compatible; BLEXBot/1.0; +http://webmeup-crawler.com/)"
54.210.20.202 - - [05/May/2017:17:39:52 +0000] "POST /wp-cron.php?doing_wp_cron=1494005992.5291779041290283203125 HTTP/1.1" 200 - "http://sundog-soft.com/wp-cron.php?doing_wp_cron=1494005992.5291779041290283203125" "WordPress/4.7.4; http://sundog-soft.com"
23.23.222.66 - - [05/May/2017:17:39:51 +0000] "HEAD / HTTP/1.1" 301 - "-" "SiteUptime.com"
23.23.222.66 - - [05/May/2017:17:39:53 +0000] "HEAD / HTTP/1.1" 200 - "-" "SiteUptime.com"
54.210.20.202 - - [05/May/2017:17:39:58 +0000] "POST /wp-cron.php?doing_wp_cron=1494005998.4180910587310791015625 HTTP/1.1" 200 - "http://sundog-soft.com/wp-cron.php?doing_wp_cron=1494005998.4180910587310791015625" "WordPress/4.7.4; http://sundog-soft.com"
180.76.15.12 - - [05/May/2017:17:39:57 +0000] "GET / HTTP/1.1" 301 - "-" "Mozilla/5.0 (compatible; Baiduspider/2.0; +http://www.baidu.com/search/spider.html)"
54.210.20.202 - - [05/May/2017:17:40:18 +0000] "POST /wp-cron.php?doing_wp_cron=1494006018.7633509635925292968750 HTTP/1.1" 200 - "http://sundog-soft.com/wp-cron.php?doing_wp_cron=1494006018.7633509635925292968750" "WordPress/4.7.4; http://sundog-soft.com"
199.21.99.207 - - [05/May/2017:17:40:18 +0000] "GET /robots.txt HTTP/1.1" 200 67 "-" "Mozilla/5.0 (compatible; YandexBot/3.0; +http://yandex.com/bots)"
54.210.20.202 - - [05/May/2017:17:40:22 +0000] "POST /wp-cron.php?doing_wp_cron=1494006022.7310569286346435546875 HTTP/1.1" 200 - "http://sundog-soft.com/wp-cron.php?doing_wp_cron=1494006022.7310569286346435546875" "WordPress/4.7.4; http://sundog-soft.com"
199.21.99.207 - - [05/May/2017:17:40:22 +0000] "GET /2015/06/using-an-opengl-logarithmic-depth-buffer-in-silverlining-and-triton/ HTTP/1.1" 200 15902 "-" "Mozilla/5.0 (compatible; YandexBot/3.0; +http://yandex.com/bots)"
54.210.20.202 - - [05/May/2017:17:40:26 +0000] "POST /wp-cron.php?doing_wp_cron=1494006026.6598219871520996093750 HTTP/1.1" 200 - "http://sundog-soft.com/wp-cron.php?doing_wp_cron=1494006026.6598219871520996093750" "WordPress/4.7.4; http://sundog-soft.com"
199.21.99.207 - - [05/May/2017:17:40:26 +0000] "GET /2014/07/triton-oceans-unity-pro-documentation/ HTTP/1.1" 200 25893 "-" "Mozilla/5.0 (compatible; YandexBot/3.0; +http://yandex.com/bots)"
199.21.99.207 - - [05/May/2017:17:40:29 +0000] "GET /2011/11/sundog-brings-breaking-waves-to-games-and-simulations/ HTTP/1.1" 200 15217 "-" "Mozilla/5.0 (compatible; YandexBot/3.0; +http://yandex.com/bots)"
54.210.20.202 - - [05/May/2017:17:40:34 +0000] "POST /wp-cron.php?doing_wp_cron=1494006034.3835670948028564453125 HTTP/1.1" 200 - "http://sundog-soft.com/wp-cron.php?doing_wp_cron=1494006034.3835670948028564453125" "WordPress/4.7.4; http://sundog-soft.com"
199.21.99.207 - - [05/May/2017:17:40:33 +0000] "GET /2013/05/building-the-triton-3d-ocean-water-sdk-on-macos/ HTTP/1.1" 200 15587 "-" "Mozilla/5.0 (compatible; YandexBot/3.0; +http://yandex.com/bots)"
54.210.20.202 - - [05/May/2017:17:40:38 +0000] "POST /wp-cron.php?doing_wp_cron=1494006038.1953859329223632812500 HTTP/1.1" 200 - "http://sundog-soft.com/wp-cron.php?doing_wp_cron=1494006038.1953859329223632812500" "WordPress/4.7.4; http://sundog-soft.com"
199.21.99.207 - - [05/May/2017:17:40:37 +0000] "GET /2015/02/training-astronauts/ HTTP/1.1" 200 14915 "-" "Mozilla/5.0 (compatible; YandexBot/3.0; +http://yandex.com/bots)"
