80.68.230.163 - - [05/May/2017:16:23:28 +0000] "GET /wp-content/plugins/js_composer/assets/lib/bower/font-awesome/css/font-awesome.min.css?ver=5.1.2 HTTP/1.1" 200 6684 "http://sundog-soft.com/features/ocean-and-water-rendering-with-triton/unity-water-effects-with-triton-for-unity-pro/" "Mozilla/5.0 (Windows NT 10.0; Win64; x64; rv:53.0) Gecko/20100101 Firefox/53.0"
80.68.230.163 - - [05/May/2017:16:23:28 +0000] "GET /wp-content/plugins/contact-form-7/includes/js/jquery.form.min.js?ver=3.51.0-2014.06.20 HTTP/1.1" 200 5860 "http://sundog-soft.com/features/ocean-and-water-rendering-with-triton/unity-water-effects-with-triton-for-unity-pro/" "Mozilla/5.0 (Windows NT 10.0; Win64; x64; rv:53.0) Gecko/20100101 Firefox/53.0"
80.68.230.163 - - [05/May/2017:16:23:28 +0000] "GET /wp-content/plugins/contact-form-7/includes/js/scripts.js?ver=4.7 HTTP/1.1" 200 3667 "http://sundog-soft.com/features/ocean-and-water-rendering-with-triton/unity-water-effects-with-triton-for-unity-pro/" "Mozilla/5.0 (Windows NT 10.0; Win64; x64; rv:53.0) Gecko/20100101 Firefox/53.0"
80.68.230.163 - - [05/May/2017:16:23:28 +0000] "GET /wp-content/plugins/woocommerce/assets/js/jquery-blockui/jquery.blockUI.min.js?ver=2.70 HTTP/1.1" 200 3547 "http://sundog-soft.com/features/ocean-and-water-rendering-with-triton/unity-water-effects-with-triton-for-unity-pro/" "Mozilla/5.0 (Windows NT 10.0; Win64; x64; rv:53.0) Gecko/20100101 Firefox/53.0"
80.68.230.163 - - [05/May/2017:16:23:28 +0000] "GET /wp-content/plugins/woocommerce/assets/js/js-cookie/js.cookie.min.js?ver=2.1.4 HTTP/1.1" 200 987 "http://sundog-soft.com/features/ocean-and-water-rendering-with-triton/unity-water-effects-with-triton-for-unity-pro/" "Mozilla/5.0 (Windows NT 10.0; Win64; x64; rv:53.0) Gecko/20100101 Firefox/53.0"
80.68.230.163 - - [05/May/2017:16:23:28 +0000] "GET /wp-content/plugins/woocommerce/assets/js/frontend/woocommerce.min.js?ver=3.0.4 HTTP/1.1" 200 291 "http://sundog-soft.com/features/ocean-and-water-rendering-with-triton/unity-water-effects-with-triton-for-unity-pro/" "Mozilla/5.0 (Windows NT 10.0; Win64; x64; rv:53.0) Gecko/20100101 Firefox/53.0"
80.68.230.163 - - [05/May/2017:16:23:28 +0000] "GET /wp-includes/js/wp-emoji-release.min.js?ver=4.7.4 HTTP/1.1" 200 4230 "http://sundog-soft.com/features/ocean-and-water-rendering-with-triton/unity-water-effects-with-triton-for-unity-pro/" "Mozilla/5.0 (Windows NT 10.0; Win64; x64; rv:53.0) Gecko/20100101 Firefox/53.0"
80.68.230.163 - - [05/May/2017:16:23:28 +0000] "GET /wp-content/plugins/woocommerce/assets/js/frontend/cart-fragments.min.js?ver=3.0.4 HTTP/1.1" 200 925 "http://sundog-soft.com/features/ocean-and-water-rendering-with-triton/unity-water-effects-with-triton-for-unity-pro/" "Mozilla/5.0 (Windows NT 10.0; Win64; x64; rv:53.0) Gecko/20100101 Firefox/53.0"
80.68.230.163 - - [05/May/2017:16:23:33 +0000] "GET /wp-content/plugins/js_composer/assets/lib/bower/font-awesome/fonts/fontawesome-webfont.woff2?v=4.6.3 HTTP/1.1" 200 71896 "http://sundog-soft.com/wp-content/plugins/js_composer/assets/lib/bower/font-awesome/css/font-awesome.min.css?ver=5.1.2" "Mozilla/5.0 (Windows NT 10.0; Win64; x64; rv:53.0) Gecko/20100101 Firefox/53.0"
80.68.230.163 - - [05/May/2017:16:23:37 +0000] "GET /favicon.ico HTTP/1.1" 200 - "-" "Mozilla/5.0 (Windows NT 10.0; Win64; x64; rv:53.0) Gecko/20100101 Firefox/53.0"
188.18.115.82 - - [05/May/2017:16:23:36 +0000] "GET /wp-login.php HTTP/1.1" 200 1624 "-" "Mozilla/5.0 (Windows NT 6.0; rv:34.0) Gecko/20100101 Firefox/34.0"
54.210.20.202 - - [05/May/2017:16:23:37 +0000] "POST /wp-cron.php?doing_wp_cron=1494001417.2423260211944580078125 HTTP/1.1" 200 - "http://sundog-soft.com/wp-cron.php?doing_wp_cron=1494001417.2423260211944580078125" "WordPress/4.7.4; http://sundog-soft.com"
80.68.230.163 - - [05/May/2017:16:23:37 +0000] "POST /features/ocean-and-water-rendering-with-triton/unity-water-effects-with-triton-for-unity-pro/?wc-ajax=get_refreshed_fragments HTTP/1.1" 200 255 "http://sundog-soft.com/features/ocean-and-water-rendering-with-triton/unity-water-effects-with-triton-for-unity-pro/" "Mozilla/5.0 (Windows NT 10.0; Win64; x64; rv:53.0) Gecko/20100101 Firefox/53.0"
54.210.20.202 - - [05/May/2017:16:23:39 +0000] "POST /wp-cron.php?doing_wp_cron=1494001419.3175849914550781250000 HTTP/1.1" 200 - "http://sundog-soft.com/wp-cron.php?doing_wp_cron=1494001419.3175849914550781250000" "WordPress/4.7.4; http://sundog-soft.com"
188.18.115.82 - - [05/May/2017:16:23:38 +0000] "POST /wp-login.php HTTP/1.1" 200 2000 "http://sundog-soft.com/wp-login.php" "Mozilla/5.0 (Windows NT 6.0; rv:34.0) Gecko/20100101 Firefox/34.0"
::1 - - [05/May/2017:16:23:44 +0000] "OPTIONS * HTTP/1.0" 200 - "-" "Apache/2.4.25 (Amazon) OpenSSL/1.0.1k-fips PHP/5.6.30 (internal dummy connection)"
66.249.64.152 - - [05/May/2017:16:25:23 +0000] "GET /docs/triton/functions_func_0x69.html HTTP/1.1" 200 2001 "-" "Mozilla/5.0 (compatible; Googlebot/2.1; +http://www.google.com/bot.html)"
164.132.161.27 - - [05/May/2017:16:26:16 +0000] "GET /wp-content/uploads/2015/10/SMP3_1.jpg HTTP/1.1" 200 13262 "-" "Mozilla/5.0 (compatible; AhrefsBot/5.2; +http://ahrefs.com/robot/)"
54.210.20.202 - - [05/May/2017:16:26:36 +0000] "POST /wp-cron.php?doing_wp_cron=1494001596.2152469158172607421875 HTTP/1.1" 200 - "http://sundog-soft.com/wp-cron.php?doing_wp_cron=1494001596.2152469158172607421875" "WordPress/4.7.4; http://sundog-soft.com"
46.229.164.101 - - [05/May/2017:16:26:35 +0000] "GET /robots.txt HTTP/1.1" 200 67 "-" "Mozilla/5.0 (compatible; SemrushBot/1.2~bl; +http://www.semrush.com/bot.html)"
54.210.20.202 - - [05/May/2017:16:26:37 +0000] "POST /wp-cron.php?doing_wp_cron=1494001597.6699988842010498046875 HTTP/1.1" 200 - "http://sundog-soft.com/wp-cron.php?doing_wp_cron=1494001597.6699988842010498046875" "WordPress/4.7.4; http://sundog-soft.com"
34.195.252.134 - - [05/May/2017:16:26:37 +0000] "GET /robots.txt HTTP/1.1" 200 67 "-" "Amazon CloudFront"
54.210.20.202 - - [05/May/2017:16:27:07 +0000] "POST /wp-cron.php?doing_wp_cron=1494001627.4082539081573486328125 HTTP/1.1" 200 - "http://sundog-soft.com/wp-cron.php?doing_wp_cron=1494001627.4082539081573486328125" "WordPress/4.7.4; http://sundog-soft.com"
148.251.226.74 - - [05/May/2017:16:27:06 +0000] "GET /robots.txt HTTP/1.1" 200 67 "-" "AwarioRssBot/1.0 (+https://awario.com/bots.html; bots@awario.com)"
54.210.20.202 - - [05/May/2017:16:27:18 +0000] "POST /wp-cron.php?doing_wp_cron=1494001638.5844860076904296875000 HTTP/1.1" 200 - "http://sundog-soft.com/wp-cron.php?doing_wp_cron=1494001638.5844860076904296875000" "WordPress/4.7.4; http://sundog-soft.com"
148.251.226.74 - - [05/May/2017:16:27:17 +0000] "GET /feed/ HTTP/1.1" 304 - "-" "AwarioRssBot/1.0 (+https://awario.com/bots.html; bots@awario.com)"
194.187.170.115 - - [05/May/2017:16:28:15 +0000] "GET /sds/2015/12/3092/ HTTP/1.0" 301 244 "-" "Mozilla/5.0 (compatible; Qwantify/2.4w; +https://www.qwant.com/)/2.4w"
194.187.170.115 - - [05/May/2017:16:28:15 +0000] "GET /2015/12/3092/ HTTP/1.0" 200 17257 "-" "Mozilla/5.0 (compatible; Qwantify/2.4w; +https://www.qwant.com/)/2.4w"
180.76.15.25 - - [05/May/2017:16:28:28 +0000] "GET /2015/11/check-that-end-of-the-year-budget/embed/ HTTP/1.1" 301 - "-" "Mozilla/5.0 (compatible; Baiduspider/2.0; +http://www.baidu.com/search/spider.html)"
54.210.20.202 - - [05/May/2017:16:28:30 +0000] "GET /sitemap_index.xml HTTP/1.1" 200 389 "http://sundog-soft.com/sitemap_index.xml" "W3 Total Cache"
54.210.20.202 - - [05/May/2017:16:28:30 +0000] "GET /post-sitemap.xml HTTP/1.1" 200 13654 "http://sundog-soft.com/post-sitemap.xml" "W3 Total Cache"
180.76.15.161 - - [05/May/2017:16:28:31 +0000] "GET /2015/11/check-that-end-of-the-year-budget/embed/ HTTP/1.1" 200 6290 "-" "Mozilla/5.0 (compatible; Baiduspider/2.0; +http://www.baidu.com/search/spider.html)"
54.210.20.202 - - [05/May/2017:16:28:31 +0000] "GET /page-sitemap.xml HTTP/1.1" 200 2198 "http://sundog-soft.com/page-sitemap.xml" "W3 Total Cache"
54.210.20.202 - - [05/May/2017:16:28:32 +0000] "GET /product-sitemap.xml HTTP/1.1" 200 555 "http://sundog-soft.com/product-sitemap.xml" "W3 Total Cache"
54.210.20.202 - - [05/May/2017:16:28:33 +0000] "GET /creativo_portfolio-sitemap.xml HTTP/1.1" 200 658 "http://sundog-soft.com/creativo_portfolio-sitemap.xml" "W3 Total Cache"
54.210.20.202 - - [05/May/2017:16:28:34 +0000] "GET /clients-sitemap.xml HTTP/1.1" 200 3298 "http://sundog-soft.com/clients-sitemap.xml" "W3 Total Cache"
54.210.20.202 - - [05/May/2017:16:28:35 +0000] "GET /category-sitemap.xml HTTP/1.1" 200 411 "http://sundog-soft.com/category-sitemap.xml" "W3 Total Cache"
54.210.20.202 - - [05/May/2017:16:28:35 +0000] "GET /portfolio_category-sitemap.xml HTTP/1.1" 200 337 "http://sundog-soft.com/portfolio_category-sitemap.xml" "W3 Total Cache"
54.210.20.202 - - [05/May/2017:16:28:36 +0000] "GET /author-sitemap.xml HTTP/1.1" 200 347 "http://sundog-soft.com/author-sitemap.xml" "W3 Total Cache"
54.210.20.202 - - [05/May/2017:16:28:37 +0000] "GET /2011/11/making-the-rounds-at-iitsec/ HTTP/1.1" 200 14061 "http://sundog-soft.com/2011/11/making-the-rounds-at-iitsec/" "WordPress"
54.210.20.202 - - [05/May/2017:16:28:37 +0000] "GET /2011/10/triton-for-linux-beta-available/ HTTP/1.1" 200 14338 "http://sundog-soft.com/2011/10/triton-for-linux-beta-available/" "WordPress"
54.210.20.202 - - [05/May/2017:16:28:38 +0000] "GET /2011/08/announcing-a-china-and-taiwan-distributor/ HTTP/1.1" 200 14284 "http://sundog-soft.com/2011/08/announcing-a-china-and-taiwan-distributor/" "WordPress"
54.210.20.202 - - [05/May/2017:16:28:39 +0000] "GET /2011/07/silverlining-for-scenix7-now-available/ HTTP/1.1" 200 14192 "http://sundog-soft.com/2011/07/silverlining-for-scenix7-now-available/" "WordPress"
54.210.20.202 - - [05/May/2017:16:28:40 +0000] "GET /2011/07/silverlining-2-16-improves-opengl-3-2-support-adds-directx9ex-support/ HTTP/1.1" 200 14454 "http://sundog-soft.com/2011/07/silverlining-2-16-improves-opengl-3-2-support-adds-directx9ex-support/" "WordPress"
54.210.20.202 - - [05/May/2017:16:28:41 +0000] "GET /2011/05/ogre-integration-code-updated/ HTTP/1.1" 200 14287 "http://sundog-soft.com/2011/05/ogre-integration-code-updated/" "WordPress"
54.210.20.202 - - [05/May/2017:16:28:42 +0000] "GET /2011/07/triton-ocean-sdk-beta-applications-closed/ HTTP/1.1" 200 14692 "http://sundog-soft.com/2011/07/triton-ocean-sdk-beta-applications-closed/" "WordPress"
54.210.20.202 - - [05/May/2017:16:28:43 +0000] "GET /2011/07/silverlining-2-18-adds-openscenegraph-3-0-support/ HTTP/1.1" 200 14169 "http://sundog-soft.com/2011/07/silverlining-2-18-adds-openscenegraph-3-0-support/" "WordPress"
54.210.20.202 - - [05/May/2017:16:28:44 +0000] "GET /2011/07/sundog-unveils-the-triton-ocean-sdk-for-games-and-simulators/ HTTP/1.1" 200 15511 "http://sundog-soft.com/2011/07/sundog-unveils-the-triton-ocean-sdk-for-games-and-simulators/" "WordPress"
54.210.20.202 - - [05/May/2017:16:28:44 +0000] "GET /2011/11/sundog-brings-breaking-waves-to-games-and-simulations/ HTTP/1.1" 200 15217 "http://sundog-soft.com/2011/11/sundog-brings-breaking-waves-to-games-and-simulations/" "WordPress"
54.210.20.202 - - [05/May/2017:16:28:29 +0000] "POST /wp-cron.php?doing_wp_cron=1494001709.4317750930786132812500 HTTP/1.1" 200 - "http://sundog-soft.com/wp-cron.php?doing_wp_cron=1494001709.4317750930786132812500" "WordPress/4.7.4; http://sundog-soft.com"
54.210.20.202 - - [05/May/2017:16:28:53 +0000] "POST /wp-cron.php?doing_wp_cron=1494001733.9615559577941894531250 HTTP/1.1" 200 - "http://sundog-soft.com/wp-cron.php?doing_wp_cron=1494001733.9615559577941894531250" "WordPress/4.7.4; http://sundog-soft.com"
178.184.240.101 - - [05/May/2017:16:28:53 +0000] "GET /wp-login.php HTTP/1.1" 200 1625 "-" "Mozilla/5.0 (Windows NT 6.0; rv:34.0) Gecko/20100101 Firefox/34.0"
54.210.20.202 - - [05/May/2017:16:28:55 +0000] "POST /wp-cron.php?doing_wp_cron=1494001735.5335319042205810546875 HTTP/1.1" 200 - "http://sundog-soft.com/wp-cron.php?doing_wp_cron=1494001735.5335319042205810546875" "WordPress/4.7.4; http://sundog-soft.com"
178.184.240.101 - - [05/May/2017:16:28:54 +0000] "POST /wp-login.php HTTP/1.1" 200 2000 "http://sundog-soft.com/wp-login.php" "Mozilla/5.0 (Windows NT 6.0; rv:34.0) Gecko/20100101 Firefox/34.0"
54.210.20.202 - - [05/May/2017:16:29:19 +0000] "POST /wp-cron.php?doing_wp_cron=1494001759.2694110870361328125000 HTTP/1.1" 200 - "http://sundog-soft.com/wp-cron.php?doing_wp_cron=1494001759.2694110870361328125000" "WordPress/4.7.4; http://sundog-soft.com"
104.154.198.228 - - [05/May/2017:16:29:18 +0000] "GET /feed/ HTTP/1.1" 200 31812 "-" "Java/1.8.0_121"
54.210.20.202 - - [05/May/2017:16:29:39 +0000] "POST /wp-cron.php?doing_wp_cron=1494001779.8074829578399658203125 HTTP/1.1" 200 - "http://sundog-soft.com/wp-cron.php?doing_wp_cron=1494001779.8074829578399658203125" "WordPress/4.7.4; http://sundog-soft.com"
176.193.150.55 - - [05/May/2017:16:29:39 +0000] "GET /wp-login.php HTTP/1.1" 200 1623 "-" "Mozilla/5.0 (Windows NT 6.0; rv:34.0) Gecko/20100101 Firefox/34.0"
54.210.20.202 - - [05/May/2017:16:29:41 +0000] "POST /wp-cron.php?doing_wp_cron=1494001781.7101640701293945312500 HTTP/1.1" 200 - "http://sundog-soft.com/wp-cron.php?doing_wp_cron=1494001781.7101640701293945312500" "WordPress/4.7.4; http://sundog-soft.com"
176.193.150.55 - - [05/May/2017:16:29:41 +0000] "POST /wp-login.php HTTP/1.1" 200 2000 "http://sundog-soft.com/wp-login.php" "Mozilla/5.0 (Windows NT 6.0; rv:34.0) Gecko/20100101 Firefox/34.0"
54.210.20.202 - - [05/May/2017:16:29:55 +0000] "POST /wp-cron.php?doing_wp_cron=1494001795.3588290214538574218750 HTTP/1.1" 200 - "http://sundog-soft.com/wp-cron.php?doing_wp_cron=1494001795.3588290214538574218750" "WordPress/4.7.4; http://sundog-soft.com"
123.30.175.140 - - [05/May/2017:16:29:54 +0000] "GET /robots.txt HTTP/1.1" 200 67 "-" "Mozilla/5.0 (compatible; coccocbot-image/1.0; +http://help.coccoc.com/searchengine)"
123.30.175.139 - - [05/May/2017:16:29:56 +0000] "GET /docs/triton/doxygen.png HTTP/1.1" 200 3942 "-" "Mozilla/5.0 (compatible; coccocbot-image/1.0; +http://help.coccoc.com/searchengine)"
185.170.42.4 - - [05/May/2017:16:30:00 +0000] "GET / HTTP/1.1" 301 - "-" "Mozilla/5.0 (Windows NT 5.1; rv:7.0.1) Gecko/20100101 Firefox/7.0.1"
54.210.20.202 - - [05/May/2017:16:30:01 +0000] "POST /wp-cron.php?doing_wp_cron=1494001801.5667240619659423828125 HTTP/1.1" 200 - "http://sundog-soft.com/wp-cron.php?doing_wp_cron=1494001801.5667240619659423828125" "WordPress/4.7.4; http://sundog-soft.com"
185.170.42.4 - - [05/May/2017:16:30:03 +0000] "GET / HTTP/1.1" 200 20503 "-" "Mozilla/5.0 (Windows NT 5.1; rv:7.0.1) Gecko/20100101 Firefox/7.0.1"
54.210.20.202 - - [05/May/2017:16:30:06 +0000] "POST /wp-cron.php?doing_wp_cron=1494001806.1436140537261962890625 HTTP/1.1" 200 - "http://sundog-soft.com/wp-cron.php?doing_wp_cron=1494001806.1436140537261962890625" "WordPress/4.7.4; http://sundog-soft.com"
185.170.42.4 - - [05/May/2017:16:30:05 +0000] "GET / HTTP/1.1" 301 - "http://sundogsoftware.com/" "Mozilla/5.0 (Windows NT 5.1; rv:7.0.1) Gecko/20100101 Firefox/7.0.1"
185.170.42.4 - - [05/May/2017:16:30:07 +0000] "GET / HTTP/1.1" 200 20503 "http://sundogsoftware.com/" "Mozilla/5.0 (Windows NT 5.1; rv:7.0.1) Gecko/20100101 Firefox/7.0.1"
54.210.20.202 - - [05/May/2017:16:31:30 +0000] "POST /wp-cron.php?doing_wp_cron=1494001890.9206409454345703125000 HTTP/1.1" 200 - "http://sundog-soft.com/wp-cron.php?doing_wp_cron=1494001890.9206409454345703125000" "WordPress/4.7.4; http://sundog-soft.com"
95.84.196.173 - - [05/May/2017:16:31:30 +0000] "GET /wp-login.php HTTP/1.1" 200 1622 "-" "Mozilla/5.0 (Windows NT 6.0; rv:34.0) Gecko/20100101 Firefox/34.0"
54.210.20.202 - - [05/May/2017:16:31:32 +0000] "POST /wp-cron.php?doing_wp_cron=1494001892.4298460483551025390625 HTTP/1.1" 200 - "http://sundog-soft.com/wp-cron.php?doing_wp_cron=1494001892.4298460483551025390625" "WordPress/4.7.4; http://sundog-soft.com"
95.84.196.173 - - [05/May/2017:16:31:31 +0000] "POST /wp-login.php HTTP/1.1" 200 2000 "http://sundog-soft.com/wp-login.php" "Mozilla/5.0 (Windows NT 6.0; rv:34.0) Gecko/20100101 Firefox/34.0"
54.210.20.202 - - [05/May/2017:16:33:03 +0000] "POST /wp-cron.php?doing_wp_cron=1494001983.8240981101989746093750 HTTP/1.1" 200 - "http://sundog-soft.com/wp-cron.php?doing_wp_cron=1494001983.8240981101989746093750" "WordPress/4.7.4; http://sundog-soft.com"
195.9.51.62 - - [05/May/2017:16:33:03 +0000] "GET /wp-login.php HTTP/1.1" 200 1624 "-" "Mozilla/5.0 (Windows NT 6.0; rv:34.0) Gecko/20100101 Firefox/34.0"
54.210.20.202 - - [05/May/2017:16:33:05 +0000] "POST /wp-cron.php?doing_wp_cron=1494001985.3447320461273193359375 HTTP/1.1" 200 - "http://sundog-soft.com/wp-cron.php?doing_wp_cron=1494001985.3447320461273193359375" "WordPress/4.7.4; http://sundog-soft.com"
195.9.51.62 - - [05/May/2017:16:33:04 +0000] "POST /wp-login.php HTTP/1.1" 200 2000 "http://sundog-soft.com/wp-login.php" "Mozilla/5.0 (Windows NT 6.0; rv:34.0) Gecko/20100101 Firefox/34.0"
54.210.20.202 - - [05/May/2017:16:34:25 +0000] "POST /wp-cron.php?doing_wp_cron=1494002065.8257510662078857421875 HTTP/1.1" 200 - "http://sundog-soft.com/wp-cron.php?doing_wp_cron=1494002065.8257510662078857421875" "WordPress/4.7.4; http://sundog-soft.com"
217.25.223.206 - - [05/May/2017:16:34:25 +0000] "GET /wp-login.php HTTP/1.1" 200 1625 "-" "Mozilla/5.0 (Windows NT 6.0; rv:34.0) Gecko/20100101 Firefox/34.0"
54.210.20.202 - - [05/May/2017:16:34:27 +0000] "POST /wp-cron.php?doing_wp_cron=1494002067.4367558956146240234375 HTTP/1.1" 200 - "http://sundog-soft.com/wp-cron.php?doing_wp_cron=1494002067.4367558956146240234375" "WordPress/4.7.4; http://sundog-soft.com"
217.25.223.206 - - [05/May/2017:16:34:26 +0000] "POST /wp-login.php HTTP/1.1" 200 2000 "http://sundog-soft.com/wp-login.php" "Mozilla/5.0 (Windows NT 6.0; rv:34.0) Gecko/20100101 Firefox/34.0"
54.210.20.202 - - [05/May/2017:16:34:46 +0000] "POST /wp-cron.php?doing_wp_cron=1494002086.5526790618896484375000 HTTP/1.1" 200 - "http://sundog-soft.com/wp-cron.php?doing_wp_cron=1494002086.5526790618896484375000" "WordPress/4.7.4; http://sundog-soft.com"
31.47.153.51 - - [05/May/2017:16:34:45 +0000] "GET /wp-login.php HTTP/1.1" 200 1625 "-" "Mozilla/5.0 (Windows NT 6.0; rv:34.0) Gecko/20100101 Firefox/34.0"
66.249.64.146 - - [05/May/2017:16:34:48 +0000] "GET /docs/triton/functions_func_0x74.html HTTP/1.1" 200 1996 "-" "Mozilla/5.0 (compatible; Googlebot/2.1; +http://www.google.com/bot.html)"
54.210.20.202 - - [05/May/2017:16:34:48 +0000] "POST /wp-cron.php?doing_wp_cron=1494002088.0778059959411621093750 HTTP/1.1" 200 - "http://sundog-soft.com/wp-cron.php?doing_wp_cron=1494002088.0778059959411621093750" "WordPress/4.7.4; http://sundog-soft.com"
31.47.153.51 - - [05/May/2017:16:34:47 +0000] "POST /wp-login.php HTTP/1.1" 200 2000 "http://sundog-soft.com/wp-login.php" "Mozilla/5.0 (Windows NT 6.0; rv:34.0) Gecko/20100101 Firefox/34.0"
216.244.66.246 - - [05/May/2017:16:36:00 +0000] "GET /docs/html/functions_eval.html HTTP/1.1" 200 3953 "-" "Mozilla/5.0 (compatible; DotBot/1.1; http://www.opensiteexplorer.org/dotbot, help@moz.com)"
54.210.20.202 - - [05/May/2017:16:35:59 +0000] "POST /wp-cron.php?doing_wp_cron=1494002159.6008980274200439453125 HTTP/1.1" 200 - "http://sundog-soft.com/wp-cron.php?doing_wp_cron=1494002159.6008980274200439453125" "WordPress/4.7.4; http://sundog-soft.com"
180.76.15.16 - - [05/May/2017:16:35:59 +0000] "GET / HTTP/1.1" 301 - "-" "Mozilla/5.0 (compatible; Baiduspider/2.0; +http://www.baidu.com/search/spider.html)"
54.210.20.202 - - [05/May/2017:16:36:51 +0000] "POST /wp-cron.php?doing_wp_cron=1494002211.1580569744110107421875 HTTP/1.1" 200 - "http://sundog-soft.com/wp-cron.php?doing_wp_cron=1494002211.1580569744110107421875" "WordPress/4.7.4; http://sundog-soft.com"
180.76.15.21 - - [05/May/2017:16:36:50 +0000] "GET / HTTP/1.1" 301 - "-" "Mozilla/5.0 (compatible; Baiduspider/2.0; +http://www.baidu.com/search/spider.html)"
37.220.35.202 - - [05/May/2017:16:36:52 +0000] "GET / HTTP/1.1" 200 20503 "-" "Mozilla/5.0 (Windows NT 5.1; rv:7.0.1) Gecko/20100101 Firefox/7.0.1"
37.220.35.202 - - [05/May/2017:16:36:55 +0000] "GET / HTTP/1.1" 200 20503 "http://sundog-soft.org/" "Mozilla/5.0 (Windows NT 5.1; rv:7.0.1) Gecko/20100101 Firefox/7.0.1"
108.175.11.230 - - [05/May/2017:16:37:03 +0000] "GET / HTTP/1.1" 200 20503 "-" "Mozilla/5.0 (Windows NT 5.1; rv:7.0.1) Gecko/20100101 Firefox/7.0.1"
54.210.20.202 - - [05/May/2017:16:37:05 +0000] "POST /wp-cron.php?doing_wp_cron=1494002225.5623469352722167968750 HTTP/1.1" 200 - "http://sundog-soft.com/wp-cron.php?doing_wp_cron=1494002225.5623469352722167968750" "WordPress/4.7.4; http://sundog-soft.com"
108.175.11.230 - - [05/May/2017:16:37:04 +0000] "POST / HTTP/1.1" 200 20542 "http://sundog-soft.com/" "Mozilla/5.0 (Windows NT 5.1; rv:7.0.1) Gecko/20100101 Firefox/7.0.1"
54.210.20.202 - - [05/May/2017:16:38:24 +0000] "POST /wp-cron.php?doing_wp_cron=1494002304.6204500198364257812500 HTTP/1.1" 200 - "http://sundog-soft.com/wp-cron.php?doing_wp_cron=1494002304.6204500198364257812500" "WordPress/4.7.4; http://sundog-soft.com"
104.154.198.228 - - [05/May/2017:16:38:24 +0000] "GET /feed/ HTTP/1.1" 200 31812 "-" "Java/1.8.0_121"
54.210.20.202 - - [05/May/2017:16:38:46 +0000] "POST /wp-cron.php?doing_wp_cron=1494002326.3824160099029541015625 HTTP/1.1" 200 - "http://sundog-soft.com/wp-cron.php?doing_wp_cron=1494002326.3824160099029541015625" "WordPress/4.7.4; http://sundog-soft.com"
31.162.253.57 - - [05/May/2017:16:38:45 +0000] "GET /wp-login.php HTTP/1.1" 200 1625 "-" "Mozilla/5.0 (Windows NT 6.0; rv:34.0) Gecko/20100101 Firefox/34.0"
54.210.20.202 - - [05/May/2017:16:38:47 +0000] "POST /wp-cron.php?doing_wp_cron=1494002327.9905819892883300781250 HTTP/1.1" 200 - "http://sundog-soft.com/wp-cron.php?doing_wp_cron=1494002327.9905819892883300781250" "WordPress/4.7.4; http://sundog-soft.com"
31.162.253.57 - - [05/May/2017:16:38:47 +0000] "POST /wp-login.php HTTP/1.1" 200 2000 "http://sundog-soft.com/wp-login.php" "Mozilla/5.0 (Windows NT 6.0; rv:34.0) Gecko/20100101 Firefox/34.0"
54.210.20.202 - - [05/May/2017:16:39:44 +0000] "POST /wp-cron.php?doing_wp_cron=1494002384.0161290168762207031250 HTTP/1.1" 200 - "http://sundog-soft.com/wp-cron.php?doing_wp_cron=1494002384.0161290168762207031250" "WordPress/4.7.4; http://sundog-soft.com"
23.23.222.67 - - [05/May/2017:16:39:43 +0000] "HEAD / HTTP/1.1" 301 - "-" "SiteUptime.com"
23.23.222.67 - - [05/May/2017:16:39:44 +0000] "HEAD / HTTP/1.1" 200 - "-" "SiteUptime.com"
178.79.143.171 - - [05/May/2017:16:39:58 +0000] "GET /sds/feed/ HTTP/1.1" 301 236 "-" "arss/testing; fsfeel@gmail.com"
54.210.20.202 - - [05/May/2017:16:39:58 +0000] "POST /wp-cron.php?doing_wp_cron=1494002398.8730471134185791015625 HTTP/1.1" 200 - "http://sundog-soft.com/wp-cron.php?doing_wp_cron=1494002398.8730471134185791015625" "WordPress/4.7.4; http://sundog-soft.com"
178.79.143.171 - - [05/May/2017:16:39:58 +0000] "GET /feed/ HTTP/1.1" 200 31812 "-" "arss/testing; fsfeel@gmail.com"
73.12.100.31 - - [05/May/2017:16:40:06 +0000] "GET /sds/features/ocean-and-water-rendering-with-triton/ HTTP/1.1" 301 278 "-" "Mozilla/5.0 (Macintosh; Intel Mac OS X 10_12_4) AppleWebKit/603.1.30 (KHTML, like Gecko)"
54.210.20.202 - - [05/May/2017:16:40:07 +0000] "POST /wp-cron.php?doing_wp_cron=1494002407.0527889728546142578125 HTTP/1.1" 200 - "http://sundog-soft.com/wp-cron.php?doing_wp_cron=1494002407.0527889728546142578125" "WordPress/4.7.4; http://sundog-soft.com"
73.12.100.31 - - [05/May/2017:16:40:06 +0000] "GET /features/ocean-and-water-rendering-with-triton/ HTTP/1.1" 200 16609 "-" "Mozilla/5.0 (Macintosh; Intel Mac OS X 10_12_4) AppleWebKit/603.1.30 (KHTML, like Gecko)"
54.210.20.202 - - [05/May/2017:16:40:08 +0000] "POST /wp-cron.php?doing_wp_cron=1494002408.9437260627746582031250 HTTP/1.1" 200 - "http://sundog-soft.com/wp-cron.php?doing_wp_cron=1494002408.9437260627746582031250" "WordPress/4.7.4; http://sundog-soft.com"
73.12.100.31 - - [05/May/2017:16:40:08 +0000] "GET /apple-touch-icon-precomposed.png HTTP/1.1" 404 48308 "-" "Safari/12603.1.30.0.34 CFNetwork/811.4.18 Darwin/16.5.0 (x86_64)"
54.210.20.202 - - [05/May/2017:16:40:10 +0000] "POST /wp-cron.php?doing_wp_cron=1494002410.4455549716949462890625 HTTP/1.1" 200 - "http://sundog-soft.com/wp-cron.php?doing_wp_cron=1494002410.4455549716949462890625" "WordPress/4.7.4; http://sundog-soft.com"
73.12.100.31 - - [05/May/2017:16:40:09 +0000] "GET /apple-touch-icon.png HTTP/1.1" 404 48272 "-" "Safari/12603.1.30.0.34 CFNetwork/811.4.18 Darwin/16.5.0 (x86_64)"
73.12.100.31 - - [05/May/2017:16:40:11 +0000] "GET /favicon.ico HTTP/1.1" 200 - "-" "Safari/12603.1.30.0.34 CFNetwork/811.4.18 Darwin/16.5.0 (x86_64)"
54.210.20.202 - - [05/May/2017:16:40:12 +0000] "POST /wp-cron.php?doing_wp_cron=1494002411.9987680912017822265625 HTTP/1.1" 200 - "http://sundog-soft.com/wp-cron.php?doing_wp_cron=1494002411.9987680912017822265625" "WordPress/4.7.4; http://sundog-soft.com"
73.12.100.31 - - [05/May/2017:16:40:11 +0000] "GET /apple-touch-icon-precomposed.png HTTP/1.1" 404 48308 "-" "Safari/12603.1.30.0.34 CFNetwork/811.4.18 Darwin/16.5.0 (x86_64)"
54.210.20.202 - - [05/May/2017:16:40:13 +0000] "POST /wp-cron.php?doing_wp_cron=1494002413.5333731174468994140625 HTTP/1.1" 200 - "http://sundog-soft.com/wp-cron.php?doing_wp_cron=1494002413.5333731174468994140625" "WordPress/4.7.4; http://sundog-soft.com"
73.12.100.31 - - [05/May/2017:16:40:12 +0000] "GET /apple-touch-icon.png HTTP/1.1" 404 48272 "-" "Safari/12603.1.30.0.34 CFNetwork/811.4.18 Darwin/16.5.0 (x86_64)"
73.12.100.31 - - [05/May/2017:16:40:14 +0000] "GET /favicon.ico HTTP/1.1" 200 - "-" "Safari/12603.1.30.0.34 CFNetwork/811.4.18 Darwin/16.5.0 (x86_64)"
73.12.100.31 - - [05/May/2017:16:40:14 +0000] "GET /sds/features/ocean-and-water-rendering-with-triton/ HTTP/1.1" 301 278 "-" "Mozilla/5.0 (iPhone; CPU iPhone OS 10_0 like Mac OS X) AppleWebKit/602.1.38 (KHTML, like Gecko) Version/10.0 Mobile/14A300 Safari/602.1"
73.12.100.31 - - [05/May/2017:16:40:14 +0000] "GET /features/ocean-and-water-rendering-with-triton/ HTTP/1.1" 200 16609 "-" "Mozilla/5.0 (iPhone; CPU iPhone OS 10_0 like Mac OS X) AppleWebKit/602.1.38 (KHTML, like Gecko) Version/10.0 Mobile/14A300 Safari/602.1"
54.210.20.202 - - [05/May/2017:16:40:15 +0000] "POST /wp-cron.php?doing_wp_cron=1494002415.2094810009002685546875 HTTP/1.1" 200 - "http://sundog-soft.com/wp-cron.php?doing_wp_cron=1494002415.2094810009002685546875" "WordPress/4.7.4; http://sundog-soft.com"
73.12.100.31 - - [05/May/2017:16:40:14 +0000] "GET /apple-touch-icon-precomposed.png HTTP/1.1" 404 48308 "-" "Safari/12603.1.30.0.34 CFNetwork/811.4.18 Darwin/16.5.0 (x86_64)"
54.210.20.202 - - [05/May/2017:16:40:16 +0000] "POST /wp-cron.php?doing_wp_cron=1494002416.7374949455261230468750 HTTP/1.1" 200 - "http://sundog-soft.com/wp-cron.php?doing_wp_cron=1494002416.7374949455261230468750" "WordPress/4.7.4; http://sundog-soft.com"
73.12.100.31 - - [05/May/2017:16:40:16 +0000] "GET /apple-touch-icon.png HTTP/1.1" 404 48272 "-" "Safari/12603.1.30.0.34 CFNetwork/811.4.18 Darwin/16.5.0 (x86_64)"
73.12.100.31 - - [05/May/2017:16:40:17 +0000] "GET /favicon.ico HTTP/1.1" 200 - "-" "Safari/12603.1.30.0.34 CFNetwork/811.4.18 Darwin/16.5.0 (x86_64)"
54.210.20.202 - - [05/May/2017:16:40:18 +0000] "POST /wp-cron.php?doing_wp_cron=1494002418.2907209396362304687500 HTTP/1.1" 200 - "http://sundog-soft.com/wp-cron.php?doing_wp_cron=1494002418.2907209396362304687500" "WordPress/4.7.4; http://sundog-soft.com"
73.12.100.31 - - [05/May/2017:16:40:17 +0000] "GET /apple-touch-icon-precomposed.png HTTP/1.1" 404 48308 "-" "Safari/12603.1.30.0.34 CFNetwork/811.4.18 Darwin/16.5.0 (x86_64)"
54.210.20.202 - - [05/May/2017:16:40:19 +0000] "POST /wp-cron.php?doing_wp_cron=1494002419.8003559112548828125000 HTTP/1.1" 200 - "http://sundog-soft.com/wp-cron.php?doing_wp_cron=1494002419.8003559112548828125000" "WordPress/4.7.4; http://sundog-soft.com"
73.12.100.31 - - [05/May/2017:16:40:19 +0000] "GET /apple-touch-icon.png HTTP/1.1" 404 48272 "-" "Safari/12603.1.30.0.34 CFNetwork/811.4.18 Darwin/16.5.0 (x86_64)"
73.12.100.31 - - [05/May/2017:16:40:20 +0000] "GET /favicon.ico HTTP/1.1" 200 - "-" "Safari/12603.1.30.0.34 CFNetwork/811.4.18 Darwin/16.5.0 (x86_64)"
180.76.15.145 - - [05/May/2017:16:40:27 +0000] "GET /sds/2013/07/ship-wakes-in-triton-2-3-kelvin-wakes-bow-wakes-propeller-wash-and-more/ HTTP/1.1" 301 311 "-" "Mozilla/5.0 (compatible; Baiduspider/2.0; +http://www.baidu.com/search/spider.html)"
54.210.20.202 - - [05/May/2017:16:40:28 +0000] "POST /wp-cron.php?doing_wp_cron=1494002428.5558009147644042968750 HTTP/1.1" 200 - "http://sundog-soft.com/wp-cron.php?doing_wp_cron=1494002428.5558009147644042968750" "WordPress/4.7.4; http://sundog-soft.com"
180.76.15.34 - - [05/May/2017:16:40:27 +0000] "GET /2013/07/ship-wakes-in-triton-2-3-kelvin-wakes-bow-wakes-propeller-wash-and-more/ HTTP/1.1" 200 17030 "-" "Mozilla/5.0 (compatible; Baiduspider/2.0; +http://www.baidu.com/search/spider.html)"
212.71.248.19 - - [05/May/2017:16:41:09 +0000] "GET /docs/triton/class_triton_1_1_camera-members.html HTTP/1.1" 200 1991 "-" "Mozilla/5.0 (X11; U; Linux i686; en-GB; rv:1.8.1.10) Gecko/20071126 Ubuntu/7.10 (gutsy) Firefox/2.0.0.10"
54.210.20.202 - - [05/May/2017:16:41:11 +0000] "POST /wp-cron.php?doing_wp_cron=1494002471.4785189628601074218750 HTTP/1.1" 200 - "http://sundog-soft.com/wp-cron.php?doing_wp_cron=1494002471.4785189628601074218750" "WordPress/4.7.4; http://sundog-soft.com"
66.249.64.148 - - [05/May/2017:16:41:10 +0000] "GET /docs/silverlining-android/classcom_1_1sundogsoftware_1_1silverlining_1_1_silver_lining_lightning_listener.html HTTP/1.1" 301 - "-" "Mozilla/5.0 (compatible; Googlebot/2.1; +http://www.google.com/bot.html)"
54.210.20.202 - - [05/May/2017:16:41:12 +0000] "POST /wp-cron.php?doing_wp_cron=1494002472.9836580753326416015625 HTTP/1.1" 200 - "http://sundog-soft.com/wp-cron.php?doing_wp_cron=1494002472.9836580753326416015625" "WordPress/4.7.4; http://sundog-soft.com"
66.249.64.194 - - [05/May/2017:16:41:12 +0000] "GET /docs/silverlining-android/classcom_1_1sundogsoftware_1_1silverlining_1_1_silver_lining_lightning_listener.html HTTP/1.1" 404 48548 "-" "Mozilla/5.0 (compatible; Googlebot/2.1; +http://www.google.com/bot.html)"
54.210.20.202 - - [05/May/2017:16:42:06 +0000] "POST /wp-cron.php?doing_wp_cron=1494002526.7391369342803955078125 HTTP/1.1" 200 - "http://sundog-soft.com/wp-cron.php?doing_wp_cron=1494002526.7391369342803955078125" "WordPress/4.7.4; http://sundog-soft.com"
105.101.127.142 - - [05/May/2017:16:42:06 +0000] "POST / HTTP/1.1" 200 110664 "-" "Mozilla/4.0 (compatible; MSIE 7.0; Windows NT 5.1; BTRS102573; .NET CLR 2.0.50727; .NET CLR 3.0.04506.30; .NET CLR 3.0.04506.648; .NET CLR 3.5.21022)"
72.21.102.126 - - [05/May/2017:16:42:24 +0000] "GET /sds/wp-content/uploads/2014/10/SilverLiningTestApp-2014-11-03-08-19-24-29.jpg HTTP/1.1" 301 304 "https://www.google.com/" "Mozilla/5.0 (Windows NT 10.0; Win64; x64) AppleWebKit/537.36 (KHTML, like Gecko) Chrome/58.0.3029.96 Safari/537.36"
72.21.102.126 - - [05/May/2017:16:42:24 +0000] "GET /wp-content/uploads/2014/10/SilverLiningTestApp-2014-11-03-08-19-24-29.jpg HTTP/1.1" 200 58632 "https://www.google.com/" "Mozilla/5.0 (Windows NT 10.0; Win64; x64) AppleWebKit/537.36 (KHTML, like Gecko) Chrome/58.0.3029.96 Safari/537.36"
216.244.66.246 - - [05/May/2017:16:42:47 +0000] "GET /robots.txt HTTP/1.1" 200 67 "-" "Mozilla/5.0 (compatible; DotBot/1.1; http://www.opensiteexplorer.org/dotbot, help@moz.com)"
54.210.20.202 - - [05/May/2017:16:42:48 +0000] "POST /wp-cron.php?doing_wp_cron=1494002567.9868879318237304687500 HTTP/1.1" 200 - "http://sundog-soft.com/wp-cron.php?doing_wp_cron=1494002567.9868879318237304687500" "WordPress/4.7.4; http://sundog-soft.com"
216.244.66.246 - - [05/May/2017:16:42:48 +0000] "GET /robots.txt HTTP/1.1" 200 67 "-" "Mozilla/5.0 (compatible; DotBot/1.1; http://www.opensiteexplorer.org/dotbot, help@moz.com)"
198.40.51.148 - - [05/May/2017:16:44:26 +0000] "GET /features/ocean-and-water-rendering-with-triton/ HTTP/1.1" 200 16609 "-" "Mozilla/5.0 (X11; Linux x86_64) AppleWebKit/537.36 (KHTML, like Gecko) Chrome/48.0.2564.116 Safari/537.36 (Knil)"
66.249.64.148 - - [05/May/2017:16:44:28 +0000] "GET /docs/triton/functions_func_0x6d.html HTTP/1.1" 200 1778 "-" "Mozilla/5.0 (compatible; Googlebot/2.1; +http://www.google.com/bot.html)"
95.79.31.143 - - [05/May/2017:16:44:30 +0000] "GET /wp-login.php HTTP/1.1" 200 1625 "-" "Mozilla/5.0 (Windows NT 6.0; rv:34.0) Gecko/20100101 Firefox/34.0"
54.210.20.202 - - [05/May/2017:16:44:31 +0000] "GET /sitemap_index.xml HTTP/1.1" 200 389 "http://sundog-soft.com/sitemap_index.xml" "W3 Total Cache"
95.79.31.143 - - [05/May/2017:16:44:32 +0000] "POST /wp-login.php HTTP/1.1" 200 2000 "http://sundog-soft.com/wp-login.php" "Mozilla/5.0 (Windows NT 6.0; rv:34.0) Gecko/20100101 Firefox/34.0"
54.210.20.202 - - [05/May/2017:16:44:32 +0000] "GET /post-sitemap.xml HTTP/1.1" 200 13654 "http://sundog-soft.com/post-sitemap.xml" "W3 Total Cache"
54.210.20.202 - - [05/May/2017:16:44:33 +0000] "GET /page-sitemap.xml HTTP/1.1" 200 2198 "http://sundog-soft.com/page-sitemap.xml" "W3 Total Cache"
54.210.20.202 - - [05/May/2017:16:44:34 +0000] "GET /product-sitemap.xml HTTP/1.1" 200 555 "http://sundog-soft.com/product-sitemap.xml" "W3 Total Cache"
54.210.20.202 - - [05/May/2017:16:44:35 +0000] "GET /creativo_portfolio-sitemap.xml HTTP/1.1" 200 658 "http://sundog-soft.com/creativo_portfolio-sitemap.xml" "W3 Total Cache"
54.210.20.202 - - [05/May/2017:16:44:35 +0000] "GET /clients-sitemap.xml HTTP/1.1" 200 3298 "http://sundog-soft.com/clients-sitemap.xml" "W3 Total Cache"
54.210.20.202 - - [05/May/2017:16:44:36 +0000] "GET /category-sitemap.xml HTTP/1.1" 200 411 "http://sundog-soft.com/category-sitemap.xml" "W3 Total Cache"
54.210.20.202 - - [05/May/2017:16:44:37 +0000] "GET /portfolio_category-sitemap.xml HTTP/1.1" 200 337 "http://sundog-soft.com/portfolio_category-sitemap.xml" "W3 Total Cache"
54.210.20.202 - - [05/May/2017:16:44:37 +0000] "GET /author-sitemap.xml HTTP/1.1" 200 347 "http://sundog-soft.com/author-sitemap.xml" "W3 Total Cache"
54.210.20.202 - - [05/May/2017:16:44:38 +0000] "GET /2011/11/new-video-for-triton-1-2/ HTTP/1.1" 200 14089 "http://sundog-soft.com/2011/11/new-video-for-triton-1-2/" "WordPress"
54.210.20.202 - - [05/May/2017:16:44:39 +0000] "GET /2010/10/silverlining-2-0-is-out-volumetric-clouds/ HTTP/1.1" 200 15344 "http://sundog-soft.com/2010/10/silverlining-2-0-is-out-volumetric-clouds/" "WordPress"
54.210.20.202 - - [05/May/2017:16:44:40 +0000] "GET /2012/01/new-support-plans-and-a-new-binary-license/ HTTP/1.1" 200 14470 "http://sundog-soft.com/2012/01/new-support-plans-and-a-new-binary-license/" "WordPress"
54.210.20.202 - - [05/May/2017:16:44:41 +0000] "GET /2012/02/triton-1-3-improves-ship-wakes-geocentric-support/ HTTP/1.1" 200 14801 "http://sundog-soft.com/2012/02/triton-1-3-improves-ship-wakes-geocentric-support/" "WordPress"
54.210.20.202 - - [05/May/2017:16:44:42 +0000] "GET /2012/02/silverlining-2-34-speeds-up-cumulus-clouds/ HTTP/1.1" 200 14399 "http://sundog-soft.com/2012/02/silverlining-2-34-speeds-up-cumulus-clouds/" "WordPress"
54.210.20.202 - - [05/May/2017:16:44:43 +0000] "GET /2012/03/silverlining-2-36-real-time-cloud-growth-large-cloud-areas-c-support/ HTTP/1.1" 200 15065 "http://sundog-soft.com/2012/03/silverlining-2-36-real-time-cloud-growth-large-cloud-areas-c-support/" "WordPress"
54.210.20.202 - - [05/May/2017:16:44:43 +0000] "GET /2011/04/silverlining-2-13-better-dx9-support/ HTTP/1.1" 200 14425 "http://sundog-soft.com/2011/04/silverlining-2-13-better-dx9-support/" "WordPress"
54.210.20.202 - - [05/May/2017:16:44:44 +0000] "GET /2012/01/triton-1-22-adds-direct3d9ex-support/ HTTP/1.1" 200 14133 "http://sundog-soft.com/2012/01/triton-1-22-adds-direct3d9ex-support/" "WordPress"
54.210.20.202 - - [05/May/2017:16:44:45 +0000] "GET /2011/11/linux-support-expanded-for-the-triton-ocean-sdk/ HTTP/1.1" 200 14394 "http://sundog-soft.com/2011/11/linux-support-expanded-for-the-triton-ocean-sdk/" "WordPress"
54.210.20.202 - - [05/May/2017:16:44:46 +0000] "GET /2011/11/silverlining-2-30-improves-performance-visuals/ HTTP/1.1" 200 14467 "http://sundog-soft.com/2011/11/silverlining-2-30-improves-performance-visuals/" "WordPress"
54.210.20.202 - - [05/May/2017:16:44:31 +0000] "POST /wp-cron.php?doing_wp_cron=1494002671.1165199279785156250000 HTTP/1.1" 200 - "http://sundog-soft.com/wp-cron.php?doing_wp_cron=1494002671.1165199279785156250000" "WordPress/4.7.4; http://sundog-soft.com"
54.210.20.202 - - [05/May/2017:16:45:53 +0000] "POST /wp-cron.php?doing_wp_cron=1494002753.3845350742340087890625 HTTP/1.1" 200 - "http://sundog-soft.com/wp-cron.php?doing_wp_cron=1494002753.3845350742340087890625" "WordPress/4.7.4; http://sundog-soft.com"
8.29.198.26 - - [05/May/2017:16:45:52 +0000] "GET /feed/ HTTP/1.1" 304 - "-" "Feedly/1.0 (+http://www.feedly.com/fetcher.html; like FeedFetcher-Google)"
54.210.20.202 - - [05/May/2017:16:46:01 +0000] "POST /wp-cron.php?doing_wp_cron=1494002761.6966590881347656250000 HTTP/1.1" 200 - "http://sundog-soft.com/wp-cron.php?doing_wp_cron=1494002761.6966590881347656250000" "WordPress/4.7.4; http://sundog-soft.com"
104.154.198.228 - - [05/May/2017:16:46:01 +0000] "GET /feed/ HTTP/1.1" 200 31812 "-" "Java/1.8.0_121"
216.244.66.246 - - [05/May/2017:16:46:29 +0000] "GET /docs/triton/class_triton_1_1_rotor_wash-members.html HTTP/1.1" 200 5810 "-" "Mozilla/5.0 (compatible; DotBot/1.1; http://www.opensiteexplorer.org/dotbot, help@moz.com)"
109.14.214.53 - - [05/May/2017:16:46:38 +0000] "GET /sds/wp-content/uploads/2014/07/TritonGodRays.jpg HTTP/1.1" 301 275 "https://www.google.fr/" "Mozilla/5.0 (Windows NT 10.0; Win64; x64) AppleWebKit/537.36 (KHTML, like Gecko) Chrome/58.0.3029.96 Safari/537.36"
109.14.214.53 - - [05/May/2017:16:46:38 +0000] "GET /wp-content/uploads/2014/07/TritonGodRays.jpg HTTP/1.1" 200 31178 "https://www.google.fr/" "Mozilla/5.0 (Windows NT 10.0; Win64; x64) AppleWebKit/537.36 (KHTML, like Gecko) Chrome/58.0.3029.96 Safari/537.36"
54.210.20.202 - - [05/May/2017:16:47:15 +0000] "POST /wp-cron.php?doing_wp_cron=1494002834.9899868965148925781250 HTTP/1.1" 200 - "http://sundog-soft.com/wp-cron.php?doing_wp_cron=1494002834.9899868965148925781250" "WordPress/4.7.4; http://sundog-soft.com"
8.29.198.27 - - [05/May/2017:16:47:14 +0000] "GET /feed/ HTTP/1.1" 304 - "-" "Feedly/1.0 (+http://www.feedly.com/fetcher.html; like FeedFetcher-Google)"
54.210.20.202 - - [05/May/2017:16:47:24 +0000] "POST /wp-cron.php?doing_wp_cron=1494002844.8948609828948974609375 HTTP/1.1" 200 - "http://sundog-soft.com/wp-cron.php?doing_wp_cron=1494002844.8948609828948974609375" "WordPress/4.7.4; http://sundog-soft.com"
217.182.132.171 - - [05/May/2017:16:47:24 +0000] "GET /2011/12/triton-1-21-adds-lightspeed-visual-studio-2005-support/ HTTP/1.1" 200 14097 "-" "Mozilla/5.0 (compatible; AhrefsBot/5.2; +http://ahrefs.com/robot/)"
54.210.20.202 - - [05/May/2017:16:47:44 +0000] "POST /wp-cron.php?doing_wp_cron=1494002864.4150040149688720703125 HTTP/1.1" 200 - "http://sundog-soft.com/wp-cron.php?doing_wp_cron=1494002864.4150040149688720703125" "WordPress/4.7.4; http://sundog-soft.com"
180.76.15.143 - - [05/May/2017:16:47:43 +0000] "GET /2016/07/what-is-the-matrix/embed/ HTTP/1.1" 301 - "-" "Mozilla/5.0 (compatible; Baiduspider/2.0; +http://www.baidu.com/search/spider.html)"
54.210.20.202 - - [05/May/2017:16:47:46 +0000] "POST /wp-cron.php?doing_wp_cron=1494002866.3068950176239013671875 HTTP/1.1" 200 - "http://sundog-soft.com/wp-cron.php?doing_wp_cron=1494002866.3068950176239013671875" "WordPress/4.7.4; http://sundog-soft.com"
180.76.15.6 - - [05/May/2017:16:47:45 +0000] "GET /2016/07/what-is-the-matrix/embed/ HTTP/1.1" 200 6424 "-" "Mozilla/5.0 (compatible; Baiduspider/2.0; +http://www.baidu.com/search/spider.html)"
5.158.232.139 - - [05/May/2017:16:47:46 +0000] "GET /wp-login.php HTTP/1.1" 200 1623 "-" "Mozilla/5.0 (Windows NT 6.0; rv:34.0) Gecko/20100101 Firefox/34.0"
54.210.20.202 - - [05/May/2017:16:47:48 +0000] "POST /wp-cron.php?doing_wp_cron=1494002868.5714149475097656250000 HTTP/1.1" 200 - "http://sundog-soft.com/wp-cron.php?doing_wp_cron=1494002868.5714149475097656250000" "WordPress/4.7.4; http://sundog-soft.com"
5.158.232.139 - - [05/May/2017:16:47:47 +0000] "POST /wp-login.php HTTP/1.1" 200 2000 "http://sundog-soft.com/wp-login.php" "Mozilla/5.0 (Windows NT 6.0; rv:34.0) Gecko/20100101 Firefox/34.0"
54.210.20.202 - - [05/May/2017:16:48:29 +0000] "POST /wp-cron.php?doing_wp_cron=1494002909.2760970592498779296875 HTTP/1.1" 200 - "http://sundog-soft.com/wp-cron.php?doing_wp_cron=1494002909.2760970592498779296875" "WordPress/4.7.4; http://sundog-soft.com"
212.1.109.85 - - [05/May/2017:16:48:28 +0000] "GET /wp-login.php HTTP/1.1" 200 1624 "-" "Mozilla/5.0 (Windows NT 6.0; rv:34.0) Gecko/20100101 Firefox/34.0"
54.210.20.202 - - [05/May/2017:16:48:30 +0000] "POST /wp-cron.php?doing_wp_cron=1494002910.7779719829559326171875 HTTP/1.1" 200 - "http://sundog-soft.com/wp-cron.php?doing_wp_cron=1494002910.7779719829559326171875" "WordPress/4.7.4; http://sundog-soft.com"
212.1.109.85 - - [05/May/2017:16:48:30 +0000] "POST /wp-login.php HTTP/1.1" 200 2000 "http://sundog-soft.com/wp-login.php" "Mozilla/5.0 (Windows NT 6.0; rv:34.0) Gecko/20100101 Firefox/34.0"
68.180.230.62 - - [05/May/2017:16:49:30 +0000] "GET /docs/triton/class_triton_1_1_wake_generator_parameters.html HTTP/1.1" 200 4855 "-" "Mozilla/5.0 (compatible; Yahoo! Slurp; http://help.yahoo.com/help/us/ysearch/slurp)"
164.132.161.76 - - [05/May/2017:16:50:20 +0000] "GET /docs/triton/functions_func_0x77.html HTTP/1.1" 200 1795 "-" "Mozilla/5.0 (compatible; AhrefsBot/5.2; +http://ahrefs.com/robot/)"
54.210.20.202 - - [05/May/2017:16:50:33 +0000] "POST /wp-cron.php?doing_wp_cron=1494003033.8123750686645507812500 HTTP/1.1" 200 - "http://sundog-soft.com/wp-cron.php?doing_wp_cron=1494003033.8123750686645507812500" "WordPress/4.7.4; http://sundog-soft.com"
52.57.254.14 - - [05/May/2017:16:50:33 +0000] "GET /robots.txt HTTP/1.1" 200 67 "-" "Amazon CloudFront"
54.210.20.202 - - [05/May/2017:16:50:44 +0000] "POST /wp-cron.php?doing_wp_cron=1494003044.8503808975219726562500 HTTP/1.1" 200 - "http://sundog-soft.com/wp-cron.php?doing_wp_cron=1494003044.8503808975219726562500" "WordPress/4.7.4; http://sundog-soft.com"
108.171.129.169 - - [05/May/2017:16:50:44 +0000] "GET /feed/ HTTP/1.1" 200 31812 "-" "Mozilla/5.0 (Windows NT 6.1; Win64; x64; rv:53.0) Gecko/20100101 Firefox/53.0"
54.210.20.202 - - [05/May/2017:16:52:40 +0000] "POST /wp-cron.php?doing_wp_cron=1494003160.5782999992370605468750 HTTP/1.1" 200 - "http://sundog-soft.com/wp-cron.php?doing_wp_cron=1494003160.5782999992370605468750" "WordPress/4.7.4; http://sundog-soft.com"
105.101.127.142 - - [05/May/2017:16:52:39 +0000] "POST / HTTP/1.1" 200 110664 "-" "Mozilla/4.0 (compatible; MSIE 7.0; Windows NT 5.1; BTRS102573; .NET CLR 2.0.50727; .NET CLR 3.0.04506.30; .NET CLR 3.0.04506.648; .NET CLR 3.5.21022)"
54.210.20.202 - - [05/May/2017:16:52:43 +0000] "POST /wp-cron.php?doing_wp_cron=1494003163.2491800785064697265625 HTTP/1.1" 200 - "http://sundog-soft.com/wp-cron.php?doing_wp_cron=1494003163.2491800785064697265625" "WordPress/4.7.4; http://sundog-soft.com"
77.75.79.17 - - [05/May/2017:16:52:42 +0000] "GET /robots.txt HTTP/1.1" 200 67 "-" "Mozilla/5.0 (compatible; SeznamBot/3.2; +http://napoveda.seznam.cz/en/seznambot-intro/)"
77.75.79.17 - - [05/May/2017:16:52:47 +0000] "GET /features/ocean-and-water-rendering-with-triton/unity-water-effects-with-triton-for-unity-pro/ HTTP/1.1" 200 16358 "-" "Mozilla/5.0 (compatible; SeznamBot/3.2; +http://napoveda.seznam.cz/en/seznambot-intro/)"
66.249.64.152 - - [05/May/2017:16:52:54 +0000] "GET /docs/html/functions.html HTTP/1.1" 200 1473 "-" "Mozilla/5.0 (Linux; Android 6.0.1; Nexus 5X Build/MMB29P) AppleWebKit/537.36 (KHTML, like Gecko) Chrome/41.0.2272.96 Mobile Safari/537.36 (compatible; Googlebot/2.1; +http://www.google.com/bot.html)"
66.249.64.152 - - [05/May/2017:16:53:27 +0000] "GET /docs/triton/functions_func_0x65.html HTTP/1.1" 200 1858 "-" "Mozilla/5.0 (compatible; Googlebot/2.1; +http://www.google.com/bot.html)"
54.210.20.202 - - [05/May/2017:16:53:41 +0000] "POST /wp-cron.php?doing_wp_cron=1494003221.1338500976562500000000 HTTP/1.1" 200 - "http://sundog-soft.com/wp-cron.php?doing_wp_cron=1494003221.1338500976562500000000" "WordPress/4.7.4; http://sundog-soft.com"
104.154.198.228 - - [05/May/2017:16:53:40 +0000] "GET /feed/ HTTP/1.1" 200 31812 "-" "Java/1.8.0_121"
66.249.93.131 - - [05/May/2017:16:53:55 +0000] "GET /favicon.ico HTTP/1.1" 200 - "-" "Mozilla/5.0 (X11; Linux x86_64) AppleWebKit/537.36 (KHTML, like Gecko) Chrome/49.0.2623.75 Safari/537.36 Google Favicon"
54.210.20.202 - - [05/May/2017:16:55:52 +0000] "POST /wp-cron.php?doing_wp_cron=1494003352.2523820400238037109375 HTTP/1.1" 200 - "http://sundog-soft.com/wp-cron.php?doing_wp_cron=1494003352.2523820400238037109375" "WordPress/4.7.4; http://sundog-soft.com"
46.151.80.201 - - [05/May/2017:16:55:51 +0000] "GET /wp-login.php HTTP/1.1" 200 1625 "-" "Mozilla/5.0 (Windows NT 6.0; rv:34.0) Gecko/20100101 Firefox/34.0"
54.210.20.202 - - [05/May/2017:16:55:53 +0000] "POST /wp-cron.php?doing_wp_cron=1494003353.7861750125885009765625 HTTP/1.1" 200 - "http://sundog-soft.com/wp-cron.php?doing_wp_cron=1494003353.7861750125885009765625" "WordPress/4.7.4; http://sundog-soft.com"
46.151.80.201 - - [05/May/2017:16:55:53 +0000] "POST /wp-login.php HTTP/1.1" 200 2000 "http://sundog-soft.com/wp-login.php" "Mozilla/5.0 (Windows NT 6.0; rv:34.0) Gecko/20100101 Firefox/34.0"
54.210.20.202 - - [05/May/2017:16:56:13 +0000] "POST /wp-cron.php?doing_wp_cron=1494003373.2737340927124023437500 HTTP/1.1" 200 - "http://sundog-soft.com/wp-cron.php?doing_wp_cron=1494003373.2737340927124023437500" "WordPress/4.7.4; http://sundog-soft.com"
83.69.7.243 - - [05/May/2017:16:56:12 +0000] "GET /wp-login.php HTTP/1.1" 200 1625 "-" "Mozilla/5.0 (Windows NT 6.0; rv:34.0) Gecko/20100101 Firefox/34.0"
54.210.20.202 - - [05/May/2017:16:56:14 +0000] "POST /wp-cron.php?doing_wp_cron=1494003374.8026731014251708984375 HTTP/1.1" 200 - "http://sundog-soft.com/wp-cron.php?doing_wp_cron=1494003374.8026731014251708984375" "WordPress/4.7.4; http://sundog-soft.com"
83.69.7.243 - - [05/May/2017:16:56:14 +0000] "POST /wp-login.php HTTP/1.1" 200 2000 "http://sundog-soft.com/wp-login.php" "Mozilla/5.0 (Windows NT 6.0; rv:34.0) Gecko/20100101 Firefox/34.0"
54.210.20.202 - - [05/May/2017:16:58:46 +0000] "POST /wp-cron.php?doing_wp_cron=1494003526.3536710739135742187500 HTTP/1.1" 200 - "http://sundog-soft.com/wp-cron.php?doing_wp_cron=1494003526.3536710739135742187500" "WordPress/4.7.4; http://sundog-soft.com"
31.134.113.220 - - [05/May/2017:16:58:45 +0000] "GET /wp-login.php HTTP/1.1" 200 1625 "-" "Mozilla/5.0 (Windows NT 6.0; rv:34.0) Gecko/20100101 Firefox/34.0"
54.210.20.202 - - [05/May/2017:16:58:47 +0000] "POST /wp-cron.php?doing_wp_cron=1494003527.9151549339294433593750 HTTP/1.1" 200 - "http://sundog-soft.com/wp-cron.php?doing_wp_cron=1494003527.9151549339294433593750" "WordPress/4.7.4; http://sundog-soft.com"
31.134.113.220 - - [05/May/2017:16:58:47 +0000] "POST /wp-login.php HTTP/1.1" 200 2000 "http://sundog-soft.com/wp-login.php" "Mozilla/5.0 (Windows NT 6.0; rv:34.0) Gecko/20100101 Firefox/34.0"
54.210.20.202 - - [05/May/2017:16:58:59 +0000] "POST /wp-cron.php?doing_wp_cron=1494003539.4302890300750732421875 HTTP/1.1" 200 - "http://sundog-soft.com/wp-cron.php?doing_wp_cron=1494003539.4302890300750732421875" "WordPress/4.7.4; http://sundog-soft.com"
66.249.64.253 - - [05/May/2017:16:58:58 +0000] "GET /feed/ HTTP/1.1" 304 - "-" "Mozilla/5.0 (compatible; Googlebot/2.1; +http://www.google.com/bot.html)"
109.252.83.88 - - [05/May/2017:16:58:59 +0000] "GET /wp-login.php HTTP/1.1" 200 1624 "-" "Mozilla/5.0 (Windows NT 6.0; rv:34.0) Gecko/20100101 Firefox/34.0"
54.210.20.202 - - [05/May/2017:16:59:01 +0000] "POST /wp-cron.php?doing_wp_cron=1494003541.6573410034179687500000 HTTP/1.1" 200 - "http://sundog-soft.com/wp-cron.php?doing_wp_cron=1494003541.6573410034179687500000" "WordPress/4.7.4; http://sundog-soft.com"
109.252.83.88 - - [05/May/2017:16:59:01 +0000] "POST /wp-login.php HTTP/1.1" 200 2000 "http://sundog-soft.com/wp-login.php" "Mozilla/5.0 (Windows NT 6.0; rv:34.0) Gecko/20100101 Firefox/34.0"
212.71.248.19 - - [05/May/2017:16:59:56 +0000] "GET /docs/triton/class_triton_1_1_matrix3.html HTTP/1.1" 200 3972 "-" "Mozilla/5.0 (X11; U; Linux i686; en-GB; rv:1.8.1.10) Gecko/20071126 Ubuntu/7.10 (gutsy) Firefox/2.0.0.10"
178.79.143.171 - - [05/May/2017:17:00:00 +0000] "GET /sds/feed/ HTTP/1.1" 301 236 "-" "arss/testing; fsfeel@gmail.com"
178.79.143.171 - - [05/May/2017:17:00:00 +0000] "GET /feed/ HTTP/1.1" 200 31812 "-" "arss/testing; fsfeel@gmail.com"
54.210.20.202 - - [05/May/2017:17:00:01 +0000] "GET /sitemap_index.xml HTTP/1.1" 200 389 "http://sundog-soft.com/sitemap_index.xml" "W3 Total Cache"
54.210.20.202 - - [05/May/2017:17:00:02 +0000] "GET /post-sitemap.xml HTTP/1.1" 200 13654 "http://sundog-soft.com/post-sitemap.xml" "W3 Total Cache"
54.210.20.202 - - [05/May/2017:17:00:04 +0000] "GET /page-sitemap.xml HTTP/1.1" 200 2198 "http://sundog-soft.com/page-sitemap.xml" "W3 Total Cache"
54.210.20.202 - - [05/May/2017:17:00:04 +0000] "GET /product-sitemap.xml HTTP/1.1" 200 555 "http://sundog-soft.com/product-sitemap.xml" "W3 Total Cache"
54.210.20.202 - - [05/May/2017:17:00:05 +0000] "GET /creativo_portfolio-sitemap.xml HTTP/1.1" 200 658 "http://sundog-soft.com/creativo_portfolio-sitemap.xml" "W3 Total Cache"
54.210.20.202 - - [05/May/2017:17:00:06 +0000] "GET /clients-sitemap.xml HTTP/1.1" 200 3298 "http://sundog-soft.com/clients-sitemap.xml" "W3 Total Cache"
54.210.20.202 - - [05/May/2017:17:00:06 +0000] "GET /category-sitemap.xml HTTP/1.1" 200 411 "http://sundog-soft.com/category-sitemap.xml" "W3 Total Cache"
54.210.20.202 - - [05/May/2017:17:00:07 +0000] "GET /portfolio_category-sitemap.xml HTTP/1.1" 200 337 "http://sundog-soft.com/portfolio_category-sitemap.xml" "W3 Total Cache"
