54.210.20.202 - - [05/May/2017:17:00:08 +0000] "GET /author-sitemap.xml HTTP/1.1" 200 347 "http://sundog-soft.com/author-sitemap.xml" "W3 Total Cache"
54.210.20.202 - - [05/May/2017:17:00:08 +0000] "GET /2011/12/2012-user-survey/ HTTP/1.1" 200 14085 "http://sundog-soft.com/2011/12/2012-user-survey/" "WordPress"
54.210.20.202 - - [05/May/2017:17:00:09 +0000] "GET /2011/12/triton-1-21-adds-lightspeed-visual-studio-2005-support/ HTTP/1.1" 200 14097 "http://sundog-soft.com/2011/12/triton-1-21-adds-lightspeed-visual-studio-2005-support/" "WordPress"
54.210.20.202 - - [05/May/2017:17:00:09 +0000] "GET /2011/12/us-navy-licenses-triton/ HTTP/1.1" 200 14145 "http://sundog-soft.com/2011/12/us-navy-licenses-triton/" "WordPress"
54.210.20.202 - - [05/May/2017:17:00:09 +0000] "GET /2011/04/sundog-and-trinigy-announce-integration-for-sky-and-weather-effects/ HTTP/1.1" 200 15691 "http://sundog-soft.com/2011/04/sundog-and-trinigy-announce-integration-for-sky-and-weather-effects/" "WordPress"
54.210.20.202 - - [05/May/2017:17:00:10 +0000] "GET /2011/03/linux-support-expanded-for-silverlining/ HTTP/1.1" 200 14425 "http://sundog-soft.com/2011/03/linux-support-expanded-for-silverlining/" "WordPress"
54.210.20.202 - - [05/May/2017:17:00:11 +0000] "GET /2010/03/serialization-support-better-directx9-support-new-lightspeed-integration/ HTTP/1.1" 200 14843 "http://sundog-soft.com/2010/03/serialization-support-better-directx9-support-new-lightspeed-integration/" "WordPress"
54.210.20.202 - - [05/May/2017:17:00:12 +0000] "GET /2010/02/now-supporting-hdr-glsl-lens-flare-and-more/ HTTP/1.1" 200 14544 "http://sundog-soft.com/2010/02/now-supporting-hdr-glsl-lens-flare-and-more/" "WordPress"
54.210.20.202 - - [05/May/2017:17:00:13 +0000] "GET /2010/03/silverlining-playing-nice-with-others/ HTTP/1.1" 200 15177 "http://sundog-soft.com/2010/03/silverlining-playing-nice-with-others/" "WordPress"
54.210.20.202 - - [05/May/2017:17:00:14 +0000] "GET /2010/03/were-in-game-engine-gems/ HTTP/1.1" 200 14478 "http://sundog-soft.com/2010/03/were-in-game-engine-gems/" "WordPress"
54.210.20.202 - - [05/May/2017:17:00:15 +0000] "GET /2010/04/visual-c-2010-support/ HTTP/1.1" 200 14054 "http://sundog-soft.com/2010/04/visual-c-2010-support/" "WordPress"
54.210.20.202 - - [05/May/2017:17:00:00 +0000] "POST /wp-cron.php?doing_wp_cron=1494003600.8000690937042236328125 HTTP/1.1" 200 - "http://sundog-soft.com/wp-cron.php?doing_wp_cron=1494003600.8000690937042236328125" "WordPress/4.7.4; http://sundog-soft.com"
54.210.20.202 - - [05/May/2017:17:01:11 +0000] "POST /wp-cron.php?doing_wp_cron=1494003671.1127080917358398437500 HTTP/1.1" 200 - "http://sundog-soft.com/wp-cron.php?doing_wp_cron=1494003671.1127080917358398437500" "WordPress/4.7.4; http://sundog-soft.com"
5.165.86.9 - - [05/May/2017:17:01:10 +0000] "GET /wp-login.php HTTP/1.1" 200 1622 "-" "Mozilla/5.0 (Windows NT 6.0; rv:34.0) Gecko/20100101 Firefox/34.0"
54.210.20.202 - - [05/May/2017:17:01:12 +0000] "POST /wp-cron.php?doing_wp_cron=1494003672.6868000030517578125000 HTTP/1.1" 200 - "http://sundog-soft.com/wp-cron.php?doing_wp_cron=1494003672.6868000030517578125000" "WordPress/4.7.4; http://sundog-soft.com"
5.165.86.9 - - [05/May/2017:17:01:12 +0000] "POST /wp-login.php HTTP/1.1" 200 2000 "http://sundog-soft.com/wp-login.php" "Mozilla/5.0 (Windows NT 6.0; rv:34.0) Gecko/20100101 Firefox/34.0"
54.210.20.202 - - [05/May/2017:17:01:35 +0000] "POST /wp-cron.php?doing_wp_cron=1494003695.0331189632415771484375 HTTP/1.1" 200 - "http://sundog-soft.com/wp-cron.php?doing_wp_cron=1494003695.0331189632415771484375" "WordPress/4.7.4; http://sundog-soft.com"
189.32.129.240 - - [05/May/2017:17:01:34 +0000] "GET /wp-login.php HTTP/1.1" 200 5283 "-" "Mozilla/5.0 (Windows NT 6.1; WOW64; rv:40.0) Gecko/20100101 Firefox/40.1"
54.210.20.202 - - [05/May/2017:17:01:36 +0000] "POST /wp-cron.php?doing_wp_cron=1494003696.5918910503387451171875 HTTP/1.1" 200 - "http://sundog-soft.com/wp-cron.php?doing_wp_cron=1494003696.5918910503387451171875" "WordPress/4.7.4; http://sundog-soft.com"
189.32.129.240 - - [05/May/2017:17:01:35 +0000] "GET / HTTP/1.1" 301 - "-" "Mozilla/5.0 (Windows NT 6.1; WOW64; rv:40.0) Gecko/20100101 Firefox/40.1"
54.210.20.202 - - [05/May/2017:17:01:38 +0000] "POST /wp-cron.php?doing_wp_cron=1494003698.3435540199279785156250 HTTP/1.1" 200 - "http://sundog-soft.com/wp-cron.php?doing_wp_cron=1494003698.3435540199279785156250" "WordPress/4.7.4; http://sundog-soft.com"
189.32.129.240 - - [05/May/2017:17:01:37 +0000] "GET / HTTP/1.1" 200 110612 "-" "Mozilla/5.0 (Windows NT 6.1; WOW64; rv:40.0) Gecko/20100101 Firefox/40.1"
54.210.20.202 - - [05/May/2017:17:01:59 +0000] "POST /wp-cron.php?doing_wp_cron=1494003719.6247448921203613281250 HTTP/1.1" 200 - "http://sundog-soft.com/wp-cron.php?doing_wp_cron=1494003719.6247448921203613281250" "WordPress/4.7.4; http://sundog-soft.com"
104.154.198.228 - - [05/May/2017:17:01:59 +0000] "GET /feed/ HTTP/1.1" 200 31812 "-" "Java/1.8.0_121"
66.249.64.146 - - [05/May/2017:17:02:18 +0000] "GET /docs/triton/functions_func_0x73.html HTTP/1.1" 200 4234 "-" "Mozilla/5.0 (compatible; Googlebot/2.1; +http://www.google.com/bot.html)"
54.210.20.202 - - [05/May/2017:17:02:26 +0000] "POST /wp-cron.php?doing_wp_cron=1494003746.4494590759277343750000 HTTP/1.1" 200 - "http://sundog-soft.com/wp-cron.php?doing_wp_cron=1494003746.4494590759277343750000" "WordPress/4.7.4; http://sundog-soft.com"
87.146.29.243 - - [05/May/2017:17:02:25 +0000] "GET /wp-login.php HTTP/1.1" 200 1625 "-" "Mozilla/5.0 (Windows NT 6.0; rv:34.0) Gecko/20100101 Firefox/34.0"
54.210.20.202 - - [05/May/2017:17:02:27 +0000] "POST /wp-cron.php?doing_wp_cron=1494003747.9767379760742187500000 HTTP/1.1" 200 - "http://sundog-soft.com/wp-cron.php?doing_wp_cron=1494003747.9767379760742187500000" "WordPress/4.7.4; http://sundog-soft.com"
87.146.29.243 - - [05/May/2017:17:02:27 +0000] "POST /wp-login.php HTTP/1.1" 200 2000 "http://sundog-soft.com/wp-login.php" "Mozilla/5.0 (Windows NT 6.0; rv:34.0) Gecko/20100101 Firefox/34.0"
54.210.20.202 - - [05/May/2017:17:02:29 +0000] "POST /wp-cron.php?doing_wp_cron=1494003749.9650499820709228515625 HTTP/1.1" 200 - "http://sundog-soft.com/wp-cron.php?doing_wp_cron=1494003749.9650499820709228515625" "WordPress/4.7.4; http://sundog-soft.com"
123.125.71.43 - - [05/May/2017:17:02:29 +0000] "GET /robots.txt HTTP/1.1" 200 67 "-" "Mozilla/5.0 (compatible; Baiduspider/2.0; +http://www.baidu.com/search/spider.html)"
54.210.20.202 - - [05/May/2017:17:04:02 +0000] "POST /wp-cron.php?doing_wp_cron=1494003842.3852388858795166015625 HTTP/1.1" 200 - "http://sundog-soft.com/wp-cron.php?doing_wp_cron=1494003842.3852388858795166015625" "WordPress/4.7.4; http://sundog-soft.com"
94.25.179.127 - - [05/May/2017:17:04:01 +0000] "GET /wp-login.php HTTP/1.1" 200 1622 "-" "Mozilla/5.0 (Windows NT 6.0; rv:34.0) Gecko/20100101 Firefox/34.0"
54.210.20.202 - - [05/May/2017:17:04:04 +0000] "POST /wp-cron.php?doing_wp_cron=1494003843.9956080913543701171875 HTTP/1.1" 200 - "http://sundog-soft.com/wp-cron.php?doing_wp_cron=1494003843.9956080913543701171875" "WordPress/4.7.4; http://sundog-soft.com"
94.25.179.127 - - [05/May/2017:17:04:03 +0000] "POST /wp-login.php HTTP/1.1" 200 1998 "http://sundog-soft.com/wp-login.php" "Mozilla/5.0 (Windows NT 6.0; rv:34.0) Gecko/20100101 Firefox/34.0"
54.210.20.202 - - [05/May/2017:17:04:22 +0000] "POST /wp-cron.php?doing_wp_cron=1494003862.6688549518585205078125 HTTP/1.1" 200 - "http://sundog-soft.com/wp-cron.php?doing_wp_cron=1494003862.6688549518585205078125" "WordPress/4.7.4; http://sundog-soft.com"
185.119.81.11 - - [05/May/2017:17:04:22 +0000] "GET /wp-login.php HTTP/1.1" 200 5226 "-" "Mozilla/5.0 (Windows NT 10.0; WOW64) AppleWebKit/537.36 (KHTML, like Gecko) Chrome/51.0.2704.103 Safari/537.36"
54.210.20.202 - - [05/May/2017:17:04:24 +0000] "POST /wp-cron.php?doing_wp_cron=1494003864.1661190986633300781250 HTTP/1.1" 200 - "http://sundog-soft.com/wp-cron.php?doing_wp_cron=1494003864.1661190986633300781250" "WordPress/4.7.4; http://sundog-soft.com"
185.119.81.11 - - [05/May/2017:17:04:23 +0000] "POST /wp-login.php HTTP/1.1" 200 6164 "http://sundog-soft.com/wp-login.php" "Mozilla/5.0 (Windows NT 10.0; WOW64) AppleWebKit/537.36 (KHTML, like Gecko) Chrome/51.0.2704.103 Safari/537.36"
66.249.64.199 - - [05/May/2017:17:06:11 +0000] "GET / HTTP/1.1" 200 20503 "-" "Mozilla/5.0 (compatible; Googlebot/2.1; +http://www.google.com/bot.html)"
54.210.20.202 - - [05/May/2017:17:06:11 +0000] "POST /wp-cron.php?doing_wp_cron=1494003971.8331639766693115234375 HTTP/1.1" 200 - "http://sundog-soft.com/wp-cron.php?doing_wp_cron=1494003971.8331639766693115234375" "WordPress/4.7.4; http://sundog-soft.com"
66.249.64.209 - - [05/May/2017:17:06:11 +0000] "GET /robots.txt HTTP/1.1" 200 67 "-" "Mozilla/5.0 (compatible; Googlebot/2.1; +http://www.google.com/bot.html)"
54.210.20.202 - - [05/May/2017:17:06:27 +0000] "POST /wp-cron.php?doing_wp_cron=1494003987.0381400585174560546875 HTTP/1.1" 200 - "http://sundog-soft.com/wp-cron.php?doing_wp_cron=1494003987.0381400585174560546875" "WordPress/4.7.4; http://sundog-soft.com"
117.149.2.41 - - [05/May/2017:17:06:26 +0000] "GET /?gclid=CJn7jZLNtLICFfFV4godLyoA2g HTTP/1.1" 200 20582 "-" "Mozilla/5.0 (iPhone; CPU iPhone OS 10_0 like Mac OS X) AppleWebKit/602.1.38 (KHTML, like Gecko) Version/10.0 Mobile/14A300 Safari/602.1"
54.210.20.202 - - [05/May/2017:17:06:30 +0000] "POST /wp-cron.php?doing_wp_cron=1494003990.1071739196777343750000 HTTP/1.1" 200 - "http://sundog-soft.com/wp-cron.php?doing_wp_cron=1494003990.1071739196777343750000" "WordPress/4.7.4; http://sundog-soft.com"
117.149.2.41 - - [05/May/2017:17:06:29 +0000] "GET /apple-touch-icon-precomposed.png HTTP/1.1" 404 48308 "-" "Safari/12603.1.30.0.34 CFNetwork/811.4.18 Darwin/16.5.0 (x86_64)"
54.210.20.202 - - [05/May/2017:17:06:32 +0000] "POST /wp-cron.php?doing_wp_cron=1494003992.5641338825225830078125 HTTP/1.1" 200 - "http://sundog-soft.com/wp-cron.php?doing_wp_cron=1494003992.5641338825225830078125" "WordPress/4.7.4; http://sundog-soft.com"
117.149.2.41 - - [05/May/2017:17:06:31 +0000] "GET /apple-touch-icon.png HTTP/1.1" 404 48272 "-" "Safari/12603.1.30.0.34 CFNetwork/811.4.18 Darwin/16.5.0 (x86_64)"
117.149.2.41 - - [05/May/2017:17:06:34 +0000] "GET /favicon.ico HTTP/1.1" 200 - "-" "Safari/12603.1.30.0.34 CFNetwork/811.4.18 Darwin/16.5.0 (x86_64)"
54.210.20.202 - - [05/May/2017:17:06:35 +0000] "POST /wp-cron.php?doing_wp_cron=1494003995.3244659900665283203125 HTTP/1.1" 200 - "http://sundog-soft.com/wp-cron.php?doing_wp_cron=1494003995.3244659900665283203125" "WordPress/4.7.4; http://sundog-soft.com"
117.149.2.41 - - [05/May/2017:17:06:34 +0000] "GET /apple-touch-icon-precomposed.png HTTP/1.1" 404 48308 "-" "Safari/12603.1.30.0.34 CFNetwork/811.4.18 Darwin/16.5.0 (x86_64)"
54.210.20.202 - - [05/May/2017:17:06:37 +0000] "POST /wp-cron.php?doing_wp_cron=1494003997.7597100734710693359375 HTTP/1.1" 200 - "http://sundog-soft.com/wp-cron.php?doing_wp_cron=1494003997.7597100734710693359375" "WordPress/4.7.4; http://sundog-soft.com"
117.149.2.41 - - [05/May/2017:17:06:37 +0000] "GET /apple-touch-icon.png HTTP/1.1" 404 48272 "-" "Safari/12603.1.30.0.34 CFNetwork/811.4.18 Darwin/16.5.0 (x86_64)"
117.149.2.41 - - [05/May/2017:17:06:39 +0000] "GET /favicon.ico HTTP/1.1" 200 - "-" "Safari/12603.1.30.0.34 CFNetwork/811.4.18 Darwin/16.5.0 (x86_64)"
54.210.20.202 - - [05/May/2017:17:06:42 +0000] "POST /wp-cron.php?doing_wp_cron=1494004002.5334908962249755859375 HTTP/1.1" 200 - "http://sundog-soft.com/wp-cron.php?doing_wp_cron=1494004002.5334908962249755859375" "WordPress/4.7.4; http://sundog-soft.com"
216.244.66.246 - - [05/May/2017:17:06:41 +0000] "GET /2016/08/using-height-maps-triton-finer-points/ HTTP/1.1" 200 67626 "-" "Mozilla/5.0 (compatible; DotBot/1.1; http://www.opensiteexplorer.org/dotbot, help@moz.com)"
54.210.20.202 - - [05/May/2017:17:06:48 +0000] "POST /wp-cron.php?doing_wp_cron=1494004008.3675630092620849609375 HTTP/1.1" 200 - "http://sundog-soft.com/wp-cron.php?doing_wp_cron=1494004008.3675630092620849609375" "WordPress/4.7.4; http://sundog-soft.com"
216.244.66.246 - - [05/May/2017:17:06:47 +0000] "GET /blog/page/4/ HTTP/1.1" 200 64215 "-" "Mozilla/5.0 (compatible; DotBot/1.1; http://www.opensiteexplorer.org/dotbot, help@moz.com)"
54.210.20.202 - - [05/May/2017:17:06:51 +0000] "POST /wp-cron.php?doing_wp_cron=1494004011.8754909038543701171875 HTTP/1.1" 200 - "http://sundog-soft.com/wp-cron.php?doing_wp_cron=1494004011.8754909038543701171875" "WordPress/4.7.4; http://sundog-soft.com"
216.244.66.246 - - [05/May/2017:17:06:51 +0000] "GET /docs/silverlining-android/classcom_1_1sundogsoftware_1_1silverlining_1_1_s_w_i_g_t_y_p_e__p__std____vector_t__void__p__t.html HTTP/1.1" 404 48593 "-" "Mozilla/5.0 (compatible; DotBot/1.1; http://www.opensiteexplorer.org/dotbot, help@moz.com)"
180.76.15.8 - - [05/May/2017:17:06:58 +0000] "GET /docs/html/_color_8h.html HTTP/1.1" 200 2074 "-" "Mozilla/5.0 (compatible; Baiduspider/2.0; +http://www.baidu.com/search/spider.html)"
54.210.20.202 - - [05/May/2017:17:07:45 +0000] "POST /wp-cron.php?doing_wp_cron=1494004065.4106059074401855468750 HTTP/1.1" 200 - "http://sundog-soft.com/wp-cron.php?doing_wp_cron=1494004065.4106059074401855468750" "WordPress/4.7.4; http://sundog-soft.com"
79.188.190.85 - - [05/May/2017:17:07:44 +0000] "GET /wp-login.php HTTP/1.1" 200 1625 "-" "Mozilla/5.0 (Windows NT 6.0; rv:34.0) Gecko/20100101 Firefox/34.0"
54.210.20.202 - - [05/May/2017:17:07:47 +0000] "POST /wp-cron.php?doing_wp_cron=1494004067.2816329002380371093750 HTTP/1.1" 200 - "http://sundog-soft.com/wp-cron.php?doing_wp_cron=1494004067.2816329002380371093750" "WordPress/4.7.4; http://sundog-soft.com"
79.188.190.85 - - [05/May/2017:17:07:46 +0000] "POST /wp-login.php HTTP/1.1" 200 2000 "http://sundog-soft.com/wp-login.php" "Mozilla/5.0 (Windows NT 6.0; rv:34.0) Gecko/20100101 Firefox/34.0"
54.210.20.202 - - [05/May/2017:17:09:17 +0000] "POST /wp-cron.php?doing_wp_cron=1494004157.5908930301666259765625 HTTP/1.1" 200 - "http://sundog-soft.com/wp-cron.php?doing_wp_cron=1494004157.5908930301666259765625" "WordPress/4.7.4; http://sundog-soft.com"
148.251.21.227 - - [05/May/2017:17:09:17 +0000] "GET /robots.txt HTTP/1.1" 200 67 "-" "Mozilla/5.0 (compatible; BLEXBot/1.0; +http://webmeup-crawler.com/)"
148.251.21.227 - - [05/May/2017:17:09:18 +0000] "GET /docs/triton/class_triton_1_1_matrix4.html HTTP/1.1" 200 4041 "-" "Mozilla/5.0 (compatible; BLEXBot/1.0; +http://webmeup-crawler.com/)"
148.251.21.227 - - [05/May/2017:17:09:24 +0000] "GET /docs/triton/class_triton_1_1_ocean-members.html HTTP/1.1" 200 4253 "-" "Mozilla/5.0 (compatible; BLEXBot/1.0; +http://webmeup-crawler.com/)"
148.251.21.227 - - [05/May/2017:17:09:31 +0000] "GET /docs/triton/class_triton_1_1_vector3.html HTTP/1.1" 200 4201 "-" "Mozilla/5.0 (compatible; BLEXBot/1.0; +http://webmeup-crawler.com/)"
148.251.21.227 - - [05/May/2017:17:09:36 +0000] "GET /docs/triton/class_triton_1_1_wind_fetch.html HTTP/1.1" 200 4296 "-" "Mozilla/5.0 (compatible; BLEXBot/1.0; +http://webmeup-crawler.com/)"
148.251.21.227 - - [05/May/2017:17:09:42 +0000] "GET /docs/triton/classes.html HTTP/1.1" 200 2027 "-" "Mozilla/5.0 (compatible; BLEXBot/1.0; +http://webmeup-crawler.com/)"
54.210.20.202 - - [05/May/2017:17:09:46 +0000] "POST /wp-cron.php?doing_wp_cron=1494004186.3343389034271240234375 HTTP/1.1" 200 - "http://sundog-soft.com/wp-cron.php?doing_wp_cron=1494004186.3343389034271240234375" "WordPress/4.7.4; http://sundog-soft.com"
23.23.222.66 - - [05/May/2017:17:09:45 +0000] "HEAD / HTTP/1.1" 301 - "-" "SiteUptime.com"
23.23.222.66 - - [05/May/2017:17:09:47 +0000] "HEAD / HTTP/1.1" 200 - "-" "SiteUptime.com"
148.251.21.227 - - [05/May/2017:17:09:47 +0000] "GET /docs/triton/files.html HTTP/1.1" 200 2288 "-" "Mozilla/5.0 (compatible; BLEXBot/1.0; +http://webmeup-crawler.com/)"
148.251.21.227 - - [05/May/2017:17:09:55 +0000] "GET /docs/triton/functions.html HTTP/1.1" 200 1884 "-" "Mozilla/5.0 (compatible; BLEXBot/1.0; +http://webmeup-crawler.com/)"
148.251.21.227 - - [05/May/2017:17:10:05 +0000] "GET /docs/triton/graph_legend.html HTTP/1.1" 200 2170 "-" "Mozilla/5.0 (compatible; BLEXBot/1.0; +http://webmeup-crawler.com/)"
54.210.20.202 - - [05/May/2017:17:10:17 +0000] "POST /wp-cron.php?doing_wp_cron=1494004217.4483230113983154296875 HTTP/1.1" 200 - "http://sundog-soft.com/wp-cron.php?doing_wp_cron=1494004217.4483230113983154296875" "WordPress/4.7.4; http://sundog-soft.com"
217.182.132.146 - - [05/May/2017:17:10:16 +0000] "GET /2013/11/skymaxx-pro-x-plane-10-launched/ HTTP/1.1" 200 14476 "-" "Mozilla/5.0 (compatible; AhrefsBot/5.2; +http://ahrefs.com/robot/)"
148.251.21.227 - - [05/May/2017:17:10:22 +0000] "GET /docs/triton/index.html HTTP/1.1" 200 2633 "-" "Mozilla/5.0 (compatible; BLEXBot/1.0; +http://webmeup-crawler.com/)"
66.249.64.209 - - [05/May/2017:17:10:28 +0000] "GET /sds/feed/ HTTP/1.1" 301 236 "-" "Mozilla/5.0 (compatible; Googlebot/2.1; +http://www.google.com/bot.html)"
54.210.20.202 - - [05/May/2017:17:10:29 +0000] "POST /wp-cron.php?doing_wp_cron=1494004229.2056860923767089843750 HTTP/1.1" 200 - "http://sundog-soft.com/wp-cron.php?doing_wp_cron=1494004229.2056860923767089843750" "WordPress/4.7.4; http://sundog-soft.com"
66.249.64.199 - - [05/May/2017:17:10:28 +0000] "GET /feed/ HTTP/1.1" 304 - "-" "Mozilla/5.0 (compatible; Googlebot/2.1; +http://www.google.com/bot.html)"
148.251.21.227 - - [05/May/2017:17:10:42 +0000] "GET /docs/triton/inherits.html HTTP/1.1" 200 2976 "-" "Mozilla/5.0 (compatible; BLEXBot/1.0; +http://webmeup-crawler.com/)"
148.251.21.227 - - [05/May/2017:17:10:58 +0000] "GET /docs/triton/pages.html HTTP/1.1" 200 1800 "-" "Mozilla/5.0 (compatible; BLEXBot/1.0; +http://webmeup-crawler.com/)"
54.210.20.202 - - [05/May/2017:17:11:11 +0000] "POST /wp-cron.php?doing_wp_cron=1494004271.1339979171752929687500 HTTP/1.1" 200 - "http://sundog-soft.com/wp-cron.php?doing_wp_cron=1494004271.1339979171752929687500" "WordPress/4.7.4; http://sundog-soft.com"
66.249.64.204 - - [05/May/2017:17:11:10 +0000] "GET /2014/10/sandstorm-simulation-now-silverlining/ HTTP/1.1" 200 14527 "-" "Mozilla/5.0 (compatible; Googlebot/2.1; +http://www.google.com/bot.html)"
66.249.64.136 - - [05/May/2017:17:11:19 +0000] "GET /docs/triton/functions_func_0x76.html HTTP/1.1" 200 1773 "-" "Mozilla/5.0 (compatible; Googlebot/2.1; +http://www.google.com/bot.html)"
54.210.20.202 - - [05/May/2017:17:12:02 +0000] "POST /wp-cron.php?doing_wp_cron=1494004322.1472940444946289062500 HTTP/1.1" 200 - "http://sundog-soft.com/wp-cron.php?doing_wp_cron=1494004322.1472940444946289062500" "WordPress/4.7.4; http://sundog-soft.com"
37.151.2.222 - - [05/May/2017:17:12:01 +0000] "GET /wp-login.php HTTP/1.1" 200 1623 "-" "Mozilla/5.0 (Windows NT 6.0; rv:34.0) Gecko/20100101 Firefox/34.0"
54.210.20.202 - - [05/May/2017:17:12:03 +0000] "POST /wp-cron.php?doing_wp_cron=1494004323.7465920448303222656250 HTTP/1.1" 200 - "http://sundog-soft.com/wp-cron.php?doing_wp_cron=1494004323.7465920448303222656250" "WordPress/4.7.4; http://sundog-soft.com"
37.151.2.222 - - [05/May/2017:17:12:03 +0000] "POST /wp-login.php HTTP/1.1" 200 2000 "http://sundog-soft.com/wp-login.php" "Mozilla/5.0 (Windows NT 6.0; rv:34.0) Gecko/20100101 Firefox/34.0"
54.210.20.202 - - [05/May/2017:17:12:20 +0000] "POST /wp-cron.php?doing_wp_cron=1494004340.9325931072235107421875 HTTP/1.1" 200 - "http://sundog-soft.com/wp-cron.php?doing_wp_cron=1494004340.9325931072235107421875" "WordPress/4.7.4; http://sundog-soft.com"
104.154.198.228 - - [05/May/2017:17:12:20 +0000] "GET /feed/ HTTP/1.1" 200 31812 "-" "Java/1.8.0_121"
42.3.112.117 - - [05/May/2017:17:12:49 +0000] "GET /sds/wp-content/uploads/2014/01/RotorWash.jpg HTTP/1.1" 301 271 "http://www.bing.com/images/search?view=detailV2&ccid=uHsFstHW&id=CFB666F3F1DEF0788309B4E05B2407FC89F4B950&thid=OIP.uHsFstHWG7YXyYvQbk7l9wEsCo&q=water+ripple+texture+vinyl&simid=607990228935573566&selectedIndex=31&mode=overlay" "Mozilla/5.0 (Windows NT 6.1; WOW64; Trident/7.0; rv:11.0) like Gecko"
42.3.112.117 - - [05/May/2017:17:12:49 +0000] "GET /wp-content/uploads/2014/01/RotorWash.jpg HTTP/1.1" 200 194732 "http://www.bing.com/images/search?view=detailV2&ccid=uHsFstHW&id=CFB666F3F1DEF0788309B4E05B2407FC89F4B950&thid=OIP.uHsFstHWG7YXyYvQbk7l9wEsCo&q=water+ripple+texture+vinyl&simid=607990228935573566&selectedIndex=31&mode=overlay" "Mozilla/5.0 (Windows NT 6.1; WOW64; Trident/7.0; rv:11.0) like Gecko"
81.99.59.190 - - [05/May/2017:17:13:00 +0000] "GET / HTTP/1.1" 200 20503 "https://www.google.co.uk/" "Mozilla/5.0 (Linux; Android 5.1.1; KFFOWI Build/LVY48F) AppleWebKit/537.36 (KHTML, like Gecko) Silk/57.1.109 like Chrome/57.0.2987.132 Safari/537.36"
81.99.59.190 - - [05/May/2017:17:13:00 +0000] "GET /wp-content/plugins/LayerSlider/static/layerslider/css/layerslider.css?ver=6.3.0 HTTP/1.1" 200 3792 "http://sundog-soft.com/" "Mozilla/5.0 (Linux; Android 5.1.1; KFFOWI Build/LVY48F) AppleWebKit/537.36 (KHTML, like Gecko) Silk/57.1.109 like Chrome/57.0.2987.132 Safari/537.36"
81.99.59.190 - - [05/May/2017:17:13:00 +0000] "GET /wp-content/plugins/contact-form-7/includes/css/styles.css?ver=4.7 HTTP/1.1" 200 634 "http://sundog-soft.com/" "Mozilla/5.0 (Linux; Android 5.1.1; KFFOWI Build/LVY48F) AppleWebKit/537.36 (KHTML, like Gecko) Silk/57.1.109 like Chrome/57.0.2987.132 Safari/537.36"
81.99.59.190 - - [05/May/2017:17:13:00 +0000] "GET /wp-content/plugins/revslider/public/assets/css/settings.css?ver=5.4.1 HTTP/1.1" 200 7067 "http://sundog-soft.com/" "Mozilla/5.0 (Linux; Android 5.1.1; KFFOWI Build/LVY48F) AppleWebKit/537.36 (KHTML, like Gecko) Silk/57.1.109 like Chrome/57.0.2987.132 Safari/537.36"
81.99.59.190 - - [05/May/2017:17:13:00 +0000] "GET /wp-content/plugins/tablepress/css/default.min.css?ver=1.8 HTTP/1.1" 200 2739 "http://sundog-soft.com/" "Mozilla/5.0 (Linux; Android 5.1.1; KFFOWI Build/LVY48F) AppleWebKit/537.36 (KHTML, like Gecko) Silk/57.1.109 like Chrome/57.0.2987.132 Safari/537.36"
81.99.59.190 - - [05/May/2017:17:13:00 +0000] "GET /wp-content/plugins/mailchimp-for-wp/assets/css/form-basic.min.css?ver=4.1.1 HTTP/1.1" 200 697 "http://sundog-soft.com/" "Mozilla/5.0 (Linux; Android 5.1.1; KFFOWI Build/LVY48F) AppleWebKit/537.36 (KHTML, like Gecko) Silk/57.1.109 like Chrome/57.0.2987.132 Safari/537.36"
81.99.59.190 - - [05/May/2017:17:13:00 +0000] "GET /wp-content/plugins/js_composer/assets/lib/bower/font-awesome/css/font-awesome.min.css?ver=5.1.2 HTTP/1.1" 200 6684 "http://sundog-soft.com/" "Mozilla/5.0 (Linux; Android 5.1.1; KFFOWI Build/LVY48F) AppleWebKit/537.36 (KHTML, like Gecko) Silk/57.1.109 like Chrome/57.0.2987.132 Safari/537.36"
81.99.59.190 - - [05/May/2017:17:13:00 +0000] "GET /wp-content/plugins/js_composer/assets/css/js_composer.min.css?ver=5.1.2 HTTP/1.1" 200 44414 "http://sundog-soft.com/" "Mozilla/5.0 (Linux; Android 5.1.1; KFFOWI Build/LVY48F) AppleWebKit/537.36 (KHTML, like Gecko) Silk/57.1.109 like Chrome/57.0.2987.132 Safari/537.36"
81.99.59.190 - - [05/May/2017:17:13:00 +0000] "GET /wp-content/plugins/mailchimp-widget/js/mailchimp-widget-min.js?ver=4.7.4 HTTP/1.1" 200 587 "http://sundog-soft.com/" "Mozilla/5.0 (Linux; Android 5.1.1; KFFOWI Build/LVY48F) AppleWebKit/537.36 (KHTML, like Gecko) Silk/57.1.109 like Chrome/57.0.2987.132 Safari/537.36"
81.99.59.190 - - [05/May/2017:17:13:00 +0000] "GET /wp-content/plugins/woocommerce/assets/js/frontend/add-to-cart.min.js?ver=3.0.4 HTTP/1.1" 200 803 "http://sundog-soft.com/" "Mozilla/5.0 (Linux; Android 5.1.1; KFFOWI Build/LVY48F) AppleWebKit/537.36 (KHTML, like Gecko) Silk/57.1.109 like Chrome/57.0.2987.132 Safari/537.36"
81.99.59.190 - - [05/May/2017:17:13:00 +0000] "GET /wp-content/plugins/LayerSlider/static/layerslider/js/layerslider.transitions.js?ver=6.3.0 HTTP/1.1" 200 3396 "http://sundog-soft.com/" "Mozilla/5.0 (Linux; Android 5.1.1; KFFOWI Build/LVY48F) AppleWebKit/537.36 (KHTML, like Gecko) Silk/57.1.109 like Chrome/57.0.2987.132 Safari/537.36"
81.99.59.190 - - [05/May/2017:17:13:00 +0000] "GET /wp-content/plugins/LayerSlider/static/layerslider/js/greensock.js?ver=1.19.0 HTTP/1.1" 200 39570 "http://sundog-soft.com/" "Mozilla/5.0 (Linux; Android 5.1.1; KFFOWI Build/LVY48F) AppleWebKit/537.36 (KHTML, like Gecko) Silk/57.1.109 like Chrome/57.0.2987.132 Safari/537.36"
81.99.59.190 - - [05/May/2017:17:13:00 +0000] "GET /wp-content/plugins/LayerSlider/static/layerslider/js/layerslider.kreaturamedia.jquery.js?ver=6.3.0 HTTP/1.1" 200 42430 "http://sundog-soft.com/" "Mozilla/5.0 (Linux; Android 5.1.1; KFFOWI Build/LVY48F) AppleWebKit/537.36 (KHTML, like Gecko) Silk/57.1.109 like Chrome/57.0.2987.132 Safari/537.36"
81.99.59.190 - - [05/May/2017:17:13:00 +0000] "GET /wp-content/plugins/js_composer/assets/js/vendors/woocommerce-add-to-cart.js?ver=5.1.2 HTTP/1.1" 200 351 "http://sundog-soft.com/" "Mozilla/5.0 (Linux; Android 5.1.1; KFFOWI Build/LVY48F) AppleWebKit/537.36 (KHTML, like Gecko) Silk/57.1.109 like Chrome/57.0.2987.132 Safari/537.36"
81.99.59.190 - - [05/May/2017:17:13:01 +0000] "GET /wp-content/plugins/contact-form-7/includes/js/jquery.form.min.js?ver=3.51.0-2014.06.20 HTTP/1.1" 200 5860 "http://sundog-soft.com/" "Mozilla/5.0 (Linux; Android 5.1.1; KFFOWI Build/LVY48F) AppleWebKit/537.36 (KHTML, like Gecko) Silk/57.1.109 like Chrome/57.0.2987.132 Safari/537.36"
81.99.59.190 - - [05/May/2017:17:13:01 +0000] "GET /wp-content/plugins/contact-form-7/includes/js/scripts.js?ver=4.7 HTTP/1.1" 200 3667 "http://sundog-soft.com/" "Mozilla/5.0 (Linux; Android 5.1.1; KFFOWI Build/LVY48F) AppleWebKit/537.36 (KHTML, like Gecko) Silk/57.1.109 like Chrome/57.0.2987.132 Safari/537.36"
81.99.59.190 - - [05/May/2017:17:13:01 +0000] "GET /wp-content/plugins/woocommerce/assets/js/jquery-blockui/jquery.blockUI.min.js?ver=2.70 HTTP/1.1" 200 3547 "http://sundog-soft.com/" "Mozilla/5.0 (Linux; Android 5.1.1; KFFOWI Build/LVY48F) AppleWebKit/537.36 (KHTML, like Gecko) Silk/57.1.109 like Chrome/57.0.2987.132 Safari/537.36"
81.99.59.190 - - [05/May/2017:17:13:01 +0000] "GET /wp-content/plugins/woocommerce/assets/js/js-cookie/js.cookie.min.js?ver=2.1.4 HTTP/1.1" 200 987 "http://sundog-soft.com/" "Mozilla/5.0 (Linux; Android 5.1.1; KFFOWI Build/LVY48F) AppleWebKit/537.36 (KHTML, like Gecko) Silk/57.1.109 like Chrome/57.0.2987.132 Safari/537.36"
81.99.59.190 - - [05/May/2017:17:13:01 +0000] "GET /wp-content/plugins/woocommerce/assets/js/frontend/woocommerce.min.js?ver=3.0.4 HTTP/1.1" 200 291 "http://sundog-soft.com/" "Mozilla/5.0 (Linux; Android 5.1.1; KFFOWI Build/LVY48F) AppleWebKit/537.36 (KHTML, like Gecko) Silk/57.1.109 like Chrome/57.0.2987.132 Safari/537.36"
81.99.59.190 - - [05/May/2017:17:13:01 +0000] "GET /wp-content/plugins/woocommerce/assets/js/frontend/cart-fragments.min.js?ver=3.0.4 HTTP/1.1" 200 925 "http://sundog-soft.com/" "Mozilla/5.0 (Linux; Android 5.1.1; KFFOWI Build/LVY48F) AppleWebKit/537.36 (KHTML, like Gecko) Silk/57.1.109 like Chrome/57.0.2987.132 Safari/537.36"
81.99.59.190 - - [05/May/2017:17:13:02 +0000] "GET /wp-content/plugins/js_composer/assets/js/dist/js_composer_front.min.js?ver=5.1.2 HTTP/1.1" 200 6450 "http://sundog-soft.com/" "Mozilla/5.0 (Linux; Android 5.1.1; KFFOWI Build/LVY48F) AppleWebKit/537.36 (KHTML, like Gecko) Silk/57.1.109 like Chrome/57.0.2987.132 Safari/537.36"
81.99.59.190 - - [05/May/2017:17:13:02 +0000] "GET /wp-content/plugins/revslider/public/assets/js/jquery.themepunch.tools.min.js?ver=5.4.1 HTTP/1.1" 200 37359 "http://sundog-soft.com/" "Mozilla/5.0 (Linux; Android 5.1.1; KFFOWI Build/LVY48F) AppleWebKit/537.36 (KHTML, like Gecko) Silk/57.1.109 like Chrome/57.0.2987.132 Safari/537.36"
81.99.59.190 - - [05/May/2017:17:13:02 +0000] "GET /wp-content/plugins/revslider/admin/assets/images/dummy.png HTTP/1.1" 200 73 "http://sundog-soft.com/" "Mozilla/5.0 (Linux; Android 5.1.1; KFFOWI Build/LVY48F) AppleWebKit/537.36 (KHTML, like Gecko) Silk/57.1.109 like Chrome/57.0.2987.132 Safari/537.36"
81.99.59.190 - - [05/May/2017:17:13:02 +0000] "GET /wp-content/plugins/revslider/public/assets/js/jquery.themepunch.revolution.min.js?ver=5.4.1 HTTP/1.1" 200 17555 "http://sundog-soft.com/" "Mozilla/5.0 (Linux; Android 5.1.1; KFFOWI Build/LVY48F) AppleWebKit/537.36 (KHTML, like Gecko) Silk/57.1.109 like Chrome/57.0.2987.132 Safari/537.36"
81.99.59.190 - - [05/May/2017:17:13:02 +0000] "GET /wp-includes/js/wp-emoji-release.min.js?ver=4.7.4 HTTP/1.1" 200 4230 "http://sundog-soft.com/" "Mozilla/5.0 (Linux; Android 5.1.1; KFFOWI Build/LVY48F) AppleWebKit/537.36 (KHTML, like Gecko) Silk/57.1.109 like Chrome/57.0.2987.132 Safari/537.36"
81.99.59.190 - - [05/May/2017:17:13:03 +0000] "GET /wp-content/plugins/js_composer/assets/lib/bower/font-awesome/fonts/fontawesome-webfont.woff2?v=4.6.3 HTTP/1.1" 200 71893 "http://sundog-soft.com/wp-content/plugins/js_composer/assets/lib/bower/font-awesome/css/font-awesome.min.css?ver=5.1.2" "Mozilla/5.0 (Linux; Android 5.1.1; KFFOWI Build/LVY48F) AppleWebKit/537.36 (KHTML, like Gecko) Silk/57.1.109 like Chrome/57.0.2987.132 Safari/537.36"
81.99.59.190 - - [05/May/2017:17:13:04 +0000] "GET / HTTP/1.1" 304 - "https://www.google.co.uk/" "Mozilla/5.0 (Linux; Android 5.1.1; KFFOWI Build/LVY48F) AppleWebKit/537.36 (KHTML, like Gecko) Silk/57.1.109 like Chrome/57.0.2987.132 Safari/537.36"
::1 - - [05/May/2017:17:13:12 +0000] "OPTIONS * HTTP/1.0" 200 - "-" "Apache/2.4.25 (Amazon) OpenSSL/1.0.1k-fips PHP/5.6.30 (internal dummy connection)"
81.99.59.190 - - [05/May/2017:17:13:12 +0000] "GET /wp-content/plugins/revslider/public/assets/js/extensions/revolution.extension.slideanims.min.js?version=5.4.1 HTTP/1.1" 200 6800 "http://sundog-soft.com/" "Mozilla/5.0 (Linux; Android 5.1.1; KFFOWI Build/LVY48F) AppleWebKit/537.36 (KHTML, like Gecko) Silk/57.1.109 like Chrome/57.0.2987.132 Safari/537.36"
81.99.59.190 - - [05/May/2017:17:13:12 +0000] "GET /wp-content/plugins/revslider/public/assets/js/extensions/revolution.extension.actions.min.js?version=5.4.1 HTTP/1.1" 200 2694 "http://sundog-soft.com/" "Mozilla/5.0 (Linux; Android 5.1.1; KFFOWI Build/LVY48F) AppleWebKit/537.36 (KHTML, like Gecko) Silk/57.1.109 like Chrome/57.0.2987.132 Safari/537.36"
81.99.59.190 - - [05/May/2017:17:13:12 +0000] "GET /wp-content/plugins/revslider/public/assets/js/extensions/revolution.extension.layeranimation.min.js?version=5.4.1 HTTP/1.1" 200 13985 "http://sundog-soft.com/" "Mozilla/5.0 (Linux; Android 5.1.1; KFFOWI Build/LVY48F) AppleWebKit/537.36 (KHTML, like Gecko) Silk/57.1.109 like Chrome/57.0.2987.132 Safari/537.36"
81.99.59.190 - - [05/May/2017:17:13:12 +0000] "GET /wp-content/plugins/revslider/public/assets/js/extensions/revolution.extension.navigation.min.js?version=5.4.1 HTTP/1.1" 200 7022 "http://sundog-soft.com/" "Mozilla/5.0 (Linux; Android 5.1.1; KFFOWI Build/LVY48F) AppleWebKit/537.36 (KHTML, like Gecko) Silk/57.1.109 like Chrome/57.0.2987.132 Safari/537.36"
54.210.20.202 - - [05/May/2017:17:13:13 +0000] "POST /wp-cron.php?doing_wp_cron=1494004393.2106370925903320312500 HTTP/1.1" 200 - "http://sundog-soft.com/wp-cron.php?doing_wp_cron=1494004393.2106370925903320312500" "WordPress/4.7.4; http://sundog-soft.com"
81.99.59.190 - - [05/May/2017:17:13:12 +0000] "POST /?wc-ajax=get_refreshed_fragments HTTP/1.1" 200 255 "http://sundog-soft.com/" "Mozilla/5.0 (Linux; Android 5.1.1; KFFOWI Build/LVY48F) AppleWebKit/537.36 (KHTML, like Gecko) Silk/57.1.109 like Chrome/57.0.2987.132 Safari/537.36"
81.99.59.190 - - [05/May/2017:17:13:14 +0000] "GET /wp-content/plugins/revslider/public/assets/assets/coloredbg.png HTTP/1.1" 200 184 "http://sundog-soft.com/wp-content/plugins/revslider/public/assets/css/settings.css?ver=5.4.1" "Mozilla/5.0 (Linux; Android 5.1.1; KFFOWI Build/LVY48F) AppleWebKit/537.36 (KHTML, like Gecko) Silk/57.1.109 like Chrome/57.0.2987.132 Safari/537.36"
81.99.59.190 - - [05/May/2017:17:13:15 +0000] "GET /wp-content/plugins/revslider/public/assets/assets/loader.gif HTTP/1.1" 200 2545 "http://sundog-soft.com/wp-content/plugins/revslider/public/assets/css/settings.css?ver=5.4.1" "Mozilla/5.0 (Linux; Android 5.1.1; KFFOWI Build/LVY48F) AppleWebKit/537.36 (KHTML, like Gecko) Silk/57.1.109 like Chrome/57.0.2987.132 Safari/537.36"
81.99.59.190 - - [05/May/2017:17:13:15 +0000] "GET /wp-content/plugins/revslider/public/assets/fonts/revicons/revicons.woff?5510888 HTTP/1.1" 200 7491 "http://sundog-soft.com/wp-content/plugins/revslider/public/assets/css/settings.css?ver=5.4.1" "Mozilla/5.0 (Linux; Android 5.1.1; KFFOWI Build/LVY48F) AppleWebKit/537.36 (KHTML, like Gecko) Silk/57.1.109 like Chrome/57.0.2987.132 Safari/537.36"
54.210.20.202 - - [05/May/2017:17:13:29 +0000] "POST /wp-cron.php?doing_wp_cron=1494004409.2108409404754638671875 HTTP/1.1" 200 - "http://sundog-soft.com/wp-cron.php?doing_wp_cron=1494004409.2108409404754638671875" "WordPress/4.7.4; http://sundog-soft.com"
164.132.164.180 - - [05/May/2017:17:13:28 +0000] "GET /Application%20Programming%20.htm HTTP/1.1" 301 - "-" "Mozilla/5.0 (compatible; AhrefsBot/5.2; +http://ahrefs.com/robot/)"
81.99.59.190 - - [05/May/2017:17:13:32 +0000] "GET /favicon.ico HTTP/1.1" 200 - "http://sundog-soft.com/" "Mozilla/5.0 (Linux; Android 5.1.1; KFFOWI Build/LVY48F) AppleWebKit/537.36 (KHTML, like Gecko) Silk/57.1.109 like Chrome/57.0.2987.132 Safari/537.36"
81.99.59.190 - - [05/May/2017:17:13:40 +0000] "GET / HTTP/1.1" 304 - "https://www.google.co.uk/" "Mozilla/5.0 (Linux; Android 5.1.1; KFFOWI Build/LVY48F) AppleWebKit/537.36 (KHTML, like Gecko) Silk/57.1.109 like Chrome/57.0.2987.132 Safari/537.36"
42.3.112.117 - - [05/May/2017:17:13:40 +0000] "-" 408 - "-" "-"
81.99.59.190 - - [05/May/2017:17:13:54 +0000] "GET / HTTP/1.1" 304 - "https://www.google.co.uk/" "Mozilla/5.0 (Linux; Android 5.1.1; KFFOWI Build/LVY48F) AppleWebKit/537.36 (KHTML, like Gecko) Silk/57.1.109 like Chrome/57.0.2987.132 Safari/537.36"
54.210.20.202 - - [05/May/2017:17:14:06 +0000] "POST /wp-cron.php?doing_wp_cron=1494004446.1109468936920166015625 HTTP/1.1" 200 - "http://sundog-soft.com/wp-cron.php?doing_wp_cron=1494004446.1109468936920166015625" "WordPress/4.7.4; http://sundog-soft.com"
81.99.59.190 - - [05/May/2017:17:14:05 +0000] "GET /features/real-time-3d-clouds/ HTTP/1.1" 200 16430 "https://www.google.co.uk/" "Mozilla/5.0 (Linux; Android 5.1.1; KFFOWI Build/LVY48F) AppleWebKit/537.36 (KHTML, like Gecko) Silk/57.1.109 like Chrome/57.0.2987.132 Safari/537.36"
81.99.59.190 - - [05/May/2017:17:14:18 +0000] "GET /favicon.ico HTTP/1.1" 200 - "http://sundog-soft.com/features/real-time-3d-clouds/" "Mozilla/5.0 (Linux; Android 5.1.1; KFFOWI Build/LVY48F) AppleWebKit/537.36 (KHTML, like Gecko) Silk/57.1.109 like Chrome/57.0.2987.132 Safari/537.36"
81.99.59.190 - - [05/May/2017:17:14:36 +0000] "GET /favicon.ico HTTP/1.1" 200 - "http://sundog-soft.com/features/real-time-3d-clouds/" "Mozilla/5.0 (Linux; Android 5.1.1; KFFOWI Build/LVY48F) AppleWebKit/537.36 (KHTML, like Gecko) Silk/57.1.109 like Chrome/57.0.2987.132 Safari/537.36"
54.210.20.202 - - [05/May/2017:17:15:02 +0000] "POST /wp-cron.php?doing_wp_cron=1494004502.5448861122131347656250 HTTP/1.1" 200 - "http://sundog-soft.com/wp-cron.php?doing_wp_cron=1494004502.5448861122131347656250" "WordPress/4.7.4; http://sundog-soft.com"
178.91.18.124 - - [05/May/2017:17:15:01 +0000] "GET /wp-login.php HTTP/1.1" 200 1624 "-" "Mozilla/5.0 (Windows NT 6.0; rv:34.0) Gecko/20100101 Firefox/34.0"
54.210.20.202 - - [05/May/2017:17:15:04 +0000] "POST /wp-cron.php?doing_wp_cron=1494004504.1631660461425781250000 HTTP/1.1" 200 - "http://sundog-soft.com/wp-cron.php?doing_wp_cron=1494004504.1631660461425781250000" "WordPress/4.7.4; http://sundog-soft.com"
178.91.18.124 - - [05/May/2017:17:15:03 +0000] "POST /wp-login.php HTTP/1.1" 200 2000 "http://sundog-soft.com/wp-login.php" "Mozilla/5.0 (Windows NT 6.0; rv:34.0) Gecko/20100101 Firefox/34.0"
54.210.20.202 - - [05/May/2017:17:15:06 +0000] "POST /wp-cron.php?doing_wp_cron=1494004506.3446519374847412109375 HTTP/1.1" 200 - "http://sundog-soft.com/wp-cron.php?doing_wp_cron=1494004506.3446519374847412109375" "WordPress/4.7.4; http://sundog-soft.com"
176.37.161.60 - - [05/May/2017:17:15:05 +0000] "GET /wp-login.php HTTP/1.1" 200 1625 "-" "Mozilla/5.0 (Windows NT 6.0; rv:34.0) Gecko/20100101 Firefox/34.0"
176.37.161.60 - - [05/May/2017:17:15:07 +0000] "POST /wp-login.php HTTP/1.1" 200 2000 "http://sundog-soft.com/wp-login.php" "Mozilla/5.0 (Windows NT 6.0; rv:34.0) Gecko/20100101 Firefox/34.0"
54.210.20.202 - - [05/May/2017:17:15:08 +0000] "GET /sitemap_index.xml HTTP/1.1" 200 389 "http://sundog-soft.com/sitemap_index.xml" "W3 Total Cache"
54.210.20.202 - - [05/May/2017:17:15:09 +0000] "GET /post-sitemap.xml HTTP/1.1" 200 13654 "http://sundog-soft.com/post-sitemap.xml" "W3 Total Cache"
54.210.20.202 - - [05/May/2017:17:15:09 +0000] "GET /page-sitemap.xml HTTP/1.1" 200 2198 "http://sundog-soft.com/page-sitemap.xml" "W3 Total Cache"
54.210.20.202 - - [05/May/2017:17:15:10 +0000] "GET /product-sitemap.xml HTTP/1.1" 200 555 "http://sundog-soft.com/product-sitemap.xml" "W3 Total Cache"
54.210.20.202 - - [05/May/2017:17:15:11 +0000] "GET /creativo_portfolio-sitemap.xml HTTP/1.1" 200 658 "http://sundog-soft.com/creativo_portfolio-sitemap.xml" "W3 Total Cache"
54.210.20.202 - - [05/May/2017:17:15:12 +0000] "GET /clients-sitemap.xml HTTP/1.1" 200 3298 "http://sundog-soft.com/clients-sitemap.xml" "W3 Total Cache"
54.210.20.202 - - [05/May/2017:17:15:12 +0000] "GET /category-sitemap.xml HTTP/1.1" 200 411 "http://sundog-soft.com/category-sitemap.xml" "W3 Total Cache"
54.210.20.202 - - [05/May/2017:17:15:13 +0000] "GET /portfolio_category-sitemap.xml HTTP/1.1" 200 337 "http://sundog-soft.com/portfolio_category-sitemap.xml" "W3 Total Cache"
54.210.20.202 - - [05/May/2017:17:15:14 +0000] "GET /author-sitemap.xml HTTP/1.1" 200 347 "http://sundog-soft.com/author-sitemap.xml" "W3 Total Cache"
54.210.20.202 - - [05/May/2017:17:15:14 +0000] "GET /2010/04/third-party-dependencies-eliminated/ HTTP/1.1" 200 14446 "http://sundog-soft.com/2010/04/third-party-dependencies-eliminated/" "WordPress"
54.210.20.202 - - [05/May/2017:17:15:15 +0000] "GET /2009/12/sundog-software-awarded-yellow-ribbon-as-a-top-simulation-and-training-company/ HTTP/1.1" 200 14481 "http://sundog-soft.com/2009/12/sundog-software-awarded-yellow-ribbon-as-a-top-simulation-and-training-company/" "WordPress"
54.210.20.202 - - [05/May/2017:17:15:16 +0000] "GET /2010/01/direct-integration-with-custom-renderers/ HTTP/1.1" 200 15617 "http://sundog-soft.com/2010/01/direct-integration-with-custom-renderers/" "WordPress"
54.210.20.202 - - [05/May/2017:17:15:17 +0000] "GET /2009/12/emergent-partners-with-sundog-for-sky-effects/ HTTP/1.1" 200 16019 "http://sundog-soft.com/2009/12/emergent-partners-with-sundog-for-sky-effects/" "WordPress"
54.210.20.202 - - [05/May/2017:17:15:18 +0000] "GET /2009/12/silverliningtm-delivers/ HTTP/1.1" 200 17869 "http://sundog-soft.com/2009/12/silverliningtm-delivers/" "WordPress"
54.210.20.202 - - [05/May/2017:17:15:19 +0000] "GET /2009/12/silverlining-1-91-now-available/ HTTP/1.1" 200 15105 "http://sundog-soft.com/2009/12/silverlining-1-91-now-available/" "WordPress"
54.210.20.202 - - [05/May/2017:17:15:20 +0000] "GET /2009/12/silverlining-1-92/ HTTP/1.1" 200 14589 "http://sundog-soft.com/2009/12/silverlining-1-92/" "WordPress"
54.210.20.202 - - [05/May/2017:17:15:20 +0000] "GET /2009/12/silverlining-1-93-adjustable-alpha-thick-cirrus/ HTTP/1.1" 200 14490 "http://sundog-soft.com/2009/12/silverlining-1-93-adjustable-alpha-thick-cirrus/" "WordPress"
54.210.20.202 - - [05/May/2017:17:15:21 +0000] "GET /2010/06/vizerra-writes-about-collaboration-with-sundog/ HTTP/1.1" 200 14472 "http://sundog-soft.com/2010/06/vizerra-writes-about-collaboration-with-sundog/" "WordPress"
54.210.20.202 - - [05/May/2017:17:15:22 +0000] "GET /2010/06/opengl-3-2-support-and-no-more-popping-clouds/ HTTP/1.1" 200 15466 "http://sundog-soft.com/2010/06/opengl-3-2-support-and-no-more-popping-clouds/" "WordPress"
54.210.20.202 - - [05/May/2017:17:15:07 +0000] "POST /wp-cron.php?doing_wp_cron=1494004507.8364880084991455078125 HTTP/1.1" 200 - "http://sundog-soft.com/wp-cron.php?doing_wp_cron=1494004507.8364880084991455078125" "WordPress/4.7.4; http://sundog-soft.com"
54.210.20.202 - - [05/May/2017:17:16:07 +0000] "POST /wp-cron.php?doing_wp_cron=1494004567.7417960166931152343750 HTTP/1.1" 200 - "http://sundog-soft.com/wp-cron.php?doing_wp_cron=1494004567.7417960166931152343750" "WordPress/4.7.4; http://sundog-soft.com"
8.29.198.25 - - [05/May/2017:17:16:07 +0000] "GET /feed/ HTTP/1.1" 304 - "-" "Feedly/1.0 (+http://www.feedly.com/fetcher.html; like FeedFetcher-Google)"
178.79.143.171 - - [05/May/2017:17:16:17 +0000] "GET /sds/feed/ HTTP/1.1" 301 236 "-" "arss/testing; fsfeel@gmail.com"
54.210.20.202 - - [05/May/2017:17:16:18 +0000] "POST /wp-cron.php?doing_wp_cron=1494004578.5906829833984375000000 HTTP/1.1" 200 - "http://sundog-soft.com/wp-cron.php?doing_wp_cron=1494004578.5906829833984375000000" "WordPress/4.7.4; http://sundog-soft.com"
178.79.143.171 - - [05/May/2017:17:16:18 +0000] "GET /feed/ HTTP/1.1" 200 31812 "-" "arss/testing; fsfeel@gmail.com"
74.87.163.98 - - [05/May/2017:17:16:48 +0000] "GET /feed/ HTTP/1.1" 301 - "" "Mozilla/5.0 (X11; Linux x86_64) AppleWebKit/537.36 (KHTML, like Gecko) Chrome/56.0.2924.87 Safari/537.36; +collection@infegy.com"
74.87.163.80 - - [05/May/2017:17:16:48 +0000] "GET /feed/ HTTP/1.1" 301 - "" "Mozilla/5.0 (X11; Linux x86_64) AppleWebKit/537.36 (KHTML, like Gecko) Chrome/56.0.2924.87 Safari/537.36; +collection@infegy.com"
74.87.163.15 - - [05/May/2017:17:16:48 +0000] "GET /feed/ HTTP/1.1" 301 - "" "Mozilla/5.0 (X11; Linux x86_64) AppleWebKit/537.36 (KHTML, like Gecko) Chrome/56.0.2924.87 Safari/537.36; +collection@infegy.com"
54.210.20.202 - - [05/May/2017:17:16:50 +0000] "POST /wp-cron.php?doing_wp_cron=1494004610.5908799171447753906250 HTTP/1.1" 200 - "http://sundog-soft.com/wp-cron.php?doing_wp_cron=1494004610.5908799171447753906250" "WordPress/4.7.4; http://sundog-soft.com"
74.87.163.98 - - [05/May/2017:17:16:51 +0000] "GET /feed/ HTTP/1.1" 200 31812 "" "Mozilla/5.0 (X11; Linux x86_64) AppleWebKit/537.36 (KHTML, like Gecko) Chrome/56.0.2924.87 Safari/537.36; +collection@infegy.com"
74.87.163.80 - - [05/May/2017:17:16:51 +0000] "GET /feed/ HTTP/1.1" 200 31812 "" "Mozilla/5.0 (X11; Linux x86_64) AppleWebKit/537.36 (KHTML, like Gecko) Chrome/56.0.2924.87 Safari/537.36; +collection@infegy.com"
74.87.163.15 - - [05/May/2017:17:16:52 +0000] "GET /feed/ HTTP/1.1" 200 31812 "" "Mozilla/5.0 (X11; Linux x86_64) AppleWebKit/537.36 (KHTML, like Gecko) Chrome/56.0.2924.87 Safari/537.36; +collection@infegy.com"
54.210.20.202 - - [05/May/2017:17:17:24 +0000] "POST /wp-cron.php?doing_wp_cron=1494004644.4882750511169433593750 HTTP/1.1" 200 - "http://sundog-soft.com/wp-cron.php?doing_wp_cron=1494004644.4882750511169433593750" "WordPress/4.7.4; http://sundog-soft.com"
8.29.198.26 - - [05/May/2017:17:17:23 +0000] "GET /feed/ HTTP/1.1" 304 - "-" "Feedly/1.0 (+http://www.feedly.com/fetcher.html; like FeedFetcher-Google)"
54.210.20.202 - - [05/May/2017:17:17:36 +0000] "POST /wp-cron.php?doing_wp_cron=1494004656.5496220588684082031250 HTTP/1.1" 200 - "http://sundog-soft.com/wp-cron.php?doing_wp_cron=1494004656.5496220588684082031250" "WordPress/4.7.4; http://sundog-soft.com"
109.173.221.225 - - [05/May/2017:17:17:35 +0000] "GET /wp-login.php HTTP/1.1" 200 1624 "-" "Mozilla/5.0 (Windows NT 6.0; rv:34.0) Gecko/20100101 Firefox/34.0"
54.210.20.202 - - [05/May/2017:17:17:38 +0000] "POST /wp-cron.php?doing_wp_cron=1494004658.1664979457855224609375 HTTP/1.1" 200 - "http://sundog-soft.com/wp-cron.php?doing_wp_cron=1494004658.1664979457855224609375" "WordPress/4.7.4; http://sundog-soft.com"
109.173.221.225 - - [05/May/2017:17:17:37 +0000] "POST /wp-login.php HTTP/1.1" 200 2000 "http://sundog-soft.com/wp-login.php" "Mozilla/5.0 (Windows NT 6.0; rv:34.0) Gecko/20100101 Firefox/34.0"
54.210.20.202 - - [05/May/2017:17:18:10 +0000] "POST /wp-cron.php?doing_wp_cron=1494004690.3119430541992187500000 HTTP/1.1" 200 - "http://sundog-soft.com/wp-cron.php?doing_wp_cron=1494004690.3119430541992187500000" "WordPress/4.7.4; http://sundog-soft.com"
66.249.75.181 - - [05/May/2017:17:18:09 +0000] "GET /robots.txt HTTP/1.1" 200 67 "-" "Mozilla/5.0 (compatible; Googlebot/2.1; +http://www.google.com/bot.html)"
54.210.20.202 - - [05/May/2017:17:18:40 +0000] "POST /wp-cron.php?doing_wp_cron=1494004720.8721370697021484375000 HTTP/1.1" 200 - "http://sundog-soft.com/wp-cron.php?doing_wp_cron=1494004720.8721370697021484375000" "WordPress/4.7.4; http://sundog-soft.com"
185.15.62.79 - - [05/May/2017:17:18:40 +0000] "GET /wp-login.php HTTP/1.1" 200 1622 "-" "Mozilla/5.0 (Windows NT 6.0; rv:34.0) Gecko/20100101 Firefox/34.0"
54.210.20.202 - - [05/May/2017:17:18:42 +0000] "POST /wp-cron.php?doing_wp_cron=1494004722.4329330921173095703125 HTTP/1.1" 200 - "http://sundog-soft.com/wp-cron.php?doing_wp_cron=1494004722.4329330921173095703125" "WordPress/4.7.4; http://sundog-soft.com"
185.15.62.79 - - [05/May/2017:17:18:41 +0000] "POST /wp-login.php HTTP/1.1" 200 2000 "http://sundog-soft.com/wp-login.php" "Mozilla/5.0 (Windows NT 6.0; rv:34.0) Gecko/20100101 Firefox/34.0"
54.210.20.202 - - [05/May/2017:17:19:10 +0000] "POST /wp-cron.php?doing_wp_cron=1494004750.3208620548248291015625 HTTP/1.1" 200 - "http://sundog-soft.com/wp-cron.php?doing_wp_cron=1494004750.3208620548248291015625" "WordPress/4.7.4; http://sundog-soft.com"
23.105.50.42 - - [05/May/2017:17:19:09 +0000] "GET /blog/ HTTP/1.1" 200 68021 "-" "Mozilla/5.0 (Windows NT 6.1) AppleWebKit/537.36 (KHTML, like Gecko) Chrome/41.0.2228.0 Safari/537.36"
212.71.248.19 - - [05/May/2017:17:19:38 +0000] "GET /docs/triton/class_triton_1_1_matrix3-members.html HTTP/1.1" 200 2088 "-" "Mozilla/5.0 (X11; U; Linux i686; en-GB; rv:1.8.1.10) Gecko/20071126 Ubuntu/7.10 (gutsy) Firefox/2.0.0.10"
66.249.64.148 - - [05/May/2017:17:19:38 +0000] "GET /docs/html/graph_legend.html HTTP/1.1" 200 1535 "-" "Mozilla/5.0 (Linux; Android 6.0.1; Nexus 5X Build/MMB29P) AppleWebKit/537.36 (KHTML, like Gecko) Chrome/41.0.2272.96 Mobile Safari/537.36 (compatible; Googlebot/2.1; +http://www.google.com/bot.html)"
66.249.64.146 - - [05/May/2017:17:19:39 +0000] "GET /docs/triton/functions_func_0x72.html HTTP/1.1" 200 1935 "-" "Mozilla/5.0 (compatible; Googlebot/2.1; +http://www.google.com/bot.html)"
52.56.127.38 - - [05/May/2017:17:19:52 +0000] "GET /sds/wp-content/uploads/2015/12/sundog-alphapixel.jpg HTTP/1.1" 301 279 "-" "Amazon CloudFront"
54.210.20.202 - - [05/May/2017:17:20:09 +0000] "POST /wp-cron.php?doing_wp_cron=1494004809.3541660308837890625000 HTTP/1.1" 200 - "http://sundog-soft.com/wp-cron.php?doing_wp_cron=1494004809.3541660308837890625000" "WordPress/4.7.4; http://sundog-soft.com"
185.170.42.4 - - [05/May/2017:17:20:08 +0000] "GET / HTTP/1.1" 301 - "-" "Mozilla/5.0 (Windows NT 5.1; rv:7.0.1) Gecko/20100101 Firefox/7.0.1"
185.170.42.4 - - [05/May/2017:17:20:10 +0000] "GET / HTTP/1.1" 200 20503 "-" "Mozilla/5.0 (Windows NT 5.1; rv:7.0.1) Gecko/20100101 Firefox/7.0.1"
52.56.127.38 - - [05/May/2017:17:20:12 +0000] "GET /robots.txt HTTP/1.1" 200 67 "-" "Amazon CloudFront"
54.210.20.202 - - [05/May/2017:17:20:13 +0000] "POST /wp-cron.php?doing_wp_cron=1494004813.7019479274749755859375 HTTP/1.1" 200 - "http://sundog-soft.com/wp-cron.php?doing_wp_cron=1494004813.7019479274749755859375" "WordPress/4.7.4; http://sundog-soft.com"
185.170.42.4 - - [05/May/2017:17:20:12 +0000] "GET / HTTP/1.1" 301 - "http://sundogsoftware.com/" "Mozilla/5.0 (Windows NT 5.1; rv:7.0.1) Gecko/20100101 Firefox/7.0.1"
18.85.22.204 - - [05/May/2017:17:20:15 +0000] "GET / HTTP/1.1" 200 20503 "http://sundogsoftware.com/" "Mozilla/5.0 (Windows NT 5.1; rv:7.0.1) Gecko/20100101 Firefox/7.0.1"
89.234.157.254 - - [05/May/2017:17:20:25 +0000] "GET / HTTP/1.1" 200 20503 "-" "Mozilla/5.0 (Windows NT 5.1; rv:7.0.1) Gecko/20100101 Firefox/7.0.1"
89.234.157.254 - - [05/May/2017:17:20:28 +0000] "GET / HTTP/1.1" 200 20503 "http://sundog-soft.info/" "Mozilla/5.0 (Windows NT 5.1; rv:7.0.1) Gecko/20100101 Firefox/7.0.1"
54.210.20.202 - - [05/May/2017:17:20:44 +0000] "POST /wp-cron.php?doing_wp_cron=1494004844.9890539646148681640625 HTTP/1.1" 200 - "http://sundog-soft.com/wp-cron.php?doing_wp_cron=1494004844.9890539646148681640625" "WordPress/4.7.4; http://sundog-soft.com"
108.171.129.169 - - [05/May/2017:17:20:44 +0000] "GET /feed/ HTTP/1.1" 200 31812 "-" "Mozilla/5.0 (Windows NT 6.1; Win64; x64; rv:53.0) Gecko/20100101 Firefox/53.0"
54.210.20.202 - - [05/May/2017:17:22:39 +0000] "POST /wp-cron.php?doing_wp_cron=1494004959.2587530612945556640625 HTTP/1.1" 200 - "http://sundog-soft.com/wp-cron.php?doing_wp_cron=1494004959.2587530612945556640625" "WordPress/4.7.4; http://sundog-soft.com"
104.154.198.228 - - [05/May/2017:17:22:38 +0000] "GET /feed/ HTTP/1.1" 200 31812 "-" "Java/1.8.0_121"
54.210.20.202 - - [05/May/2017:17:23:26 +0000] "POST /wp-cron.php?doing_wp_cron=1494005006.8706109523773193359375 HTTP/1.1" 200 - "http://sundog-soft.com/wp-cron.php?doing_wp_cron=1494005006.8706109523773193359375" "WordPress/4.7.4; http://sundog-soft.com"
92.246.216.117 - - [05/May/2017:17:23:26 +0000] "GET /wp-login.php HTTP/1.1" 200 1625 "-" "Mozilla/5.0 (Windows NT 6.0; rv:34.0) Gecko/20100101 Firefox/34.0"
54.210.20.202 - - [05/May/2017:17:23:28 +0000] "POST /wp-cron.php?doing_wp_cron=1494005008.4474079608917236328125 HTTP/1.1" 200 - "http://sundog-soft.com/wp-cron.php?doing_wp_cron=1494005008.4474079608917236328125" "WordPress/4.7.4; http://sundog-soft.com"
92.246.216.117 - - [05/May/2017:17:23:27 +0000] "POST /wp-login.php HTTP/1.1" 200 2000 "http://sundog-soft.com/wp-login.php" "Mozilla/5.0 (Windows NT 6.0; rv:34.0) Gecko/20100101 Firefox/34.0"
54.210.20.202 - - [05/May/2017:17:24:25 +0000] "POST /wp-cron.php?doing_wp_cron=1494005065.4548289775848388671875 HTTP/1.1" 200 - "http://sundog-soft.com/wp-cron.php?doing_wp_cron=1494005065.4548289775848388671875" "WordPress/4.7.4; http://sundog-soft.com"
95.78.232.201 - - [05/May/2017:17:24:24 +0000] "GET /wp-login.php HTTP/1.1" 200 1625 "-" "Mozilla/5.0 (Windows NT 6.0; rv:34.0) Gecko/20100101 Firefox/34.0"
