54.210.20.202 - - [05/May/2017:17:40:41 +0000] "POST /wp-cron.php?doing_wp_cron=1494006041.9749069213867187500000 HTTP/1.1" 200 - "http://sundog-soft.com/wp-cron.php?doing_wp_cron=1494006041.9749069213867187500000" "WordPress/4.7.4; http://sundog-soft.com"
199.21.99.207 - - [05/May/2017:17:40:41 +0000] "GET /2016/07/openig-2-0/ HTTP/1.1" 200 14404 "-" "Mozilla/5.0 (compatible; YandexBot/3.0; +http://yandex.com/bots)"
54.210.20.202 - - [05/May/2017:17:40:45 +0000] "POST /wp-cron.php?doing_wp_cron=1494006045.7093150615692138671875 HTTP/1.1" 200 - "http://sundog-soft.com/wp-cron.php?doing_wp_cron=1494006045.7093150615692138671875" "WordPress/4.7.4; http://sundog-soft.com"
199.21.99.207 - - [05/May/2017:17:40:45 +0000] "GET /2013/04/silverlining-sightings-at-the-wats-conference/ HTTP/1.1" 200 15095 "-" "Mozilla/5.0 (compatible; YandexBot/3.0; +http://yandex.com/bots)"
199.21.99.207 - - [05/May/2017:17:40:48 +0000] "GET /2010/03/were-in-game-engine-gems/ HTTP/1.1" 200 14478 "-" "Mozilla/5.0 (compatible; YandexBot/3.0; +http://yandex.com/bots)"
199.21.99.207 - - [05/May/2017:17:40:52 +0000] "GET /2015/11/check-that-end-of-the-year-budget/ HTTP/1.1" 200 14591 "-" "Mozilla/5.0 (compatible; YandexBot/3.0; +http://yandex.com/bots)"
180.76.15.137 - - [05/May/2017:17:40:55 +0000] "GET / HTTP/1.1" 301 - "-" "Mozilla/5.0 (compatible; Baiduspider/2.0; +http://www.baidu.com/search/spider.html)"
54.210.20.202 - - [05/May/2017:17:40:56 +0000] "POST /wp-cron.php?doing_wp_cron=1494006056.0346200466156005859375 HTTP/1.1" 200 - "http://sundog-soft.com/wp-cron.php?doing_wp_cron=1494006056.0346200466156005859375" "WordPress/4.7.4; http://sundog-soft.com"
199.21.99.207 - - [05/May/2017:17:40:56 +0000] "GET /2015/09/which-way-does-the-moon-face/ HTTP/1.1" 200 14871 "-" "Mozilla/5.0 (compatible; YandexBot/3.0; +http://yandex.com/bots)"
54.210.20.202 - - [05/May/2017:17:41:00 +0000] "POST /wp-cron.php?doing_wp_cron=1494006060.3203620910644531250000 HTTP/1.1" 200 - "http://sundog-soft.com/wp-cron.php?doing_wp_cron=1494006060.3203620910644531250000" "WordPress/4.7.4; http://sundog-soft.com"
199.21.99.207 - - [05/May/2017:17:40:59 +0000] "GET /author/admin/page/11/ HTTP/1.1" 200 14918 "-" "Mozilla/5.0 (compatible; YandexBot/3.0; +http://yandex.com/bots)"
54.210.20.202 - - [05/May/2017:17:41:03 +0000] "POST /wp-cron.php?doing_wp_cron=1494006063.9029090404510498046875 HTTP/1.1" 200 - "http://sundog-soft.com/wp-cron.php?doing_wp_cron=1494006063.9029090404510498046875" "WordPress/4.7.4; http://sundog-soft.com"
199.21.99.207 - - [05/May/2017:17:41:03 +0000] "GET /2015/02/silverlining-performance-tips/ HTTP/1.1" 200 15942 "-" "Mozilla/5.0 (compatible; YandexBot/3.0; +http://yandex.com/bots)"
54.210.20.202 - - [05/May/2017:17:41:07 +0000] "POST /wp-cron.php?doing_wp_cron=1494006067.4543120861053466796875 HTTP/1.1" 200 - "http://sundog-soft.com/wp-cron.php?doing_wp_cron=1494006067.4543120861053466796875" "WordPress/4.7.4; http://sundog-soft.com"
199.21.99.207 - - [05/May/2017:17:41:06 +0000] "GET /2014/06/triton-now-uses-cuda-6-matters/ HTTP/1.1" 200 15120 "-" "Mozilla/5.0 (compatible; YandexBot/3.0; +http://yandex.com/bots)"
95.72.12.9 - - [05/May/2017:17:41:07 +0000] "GET /wp-login.php HTTP/1.1" 200 1623 "-" "Mozilla/5.0 (Windows NT 6.0; rv:34.0) Gecko/20100101 Firefox/34.0"
199.21.99.207 - - [05/May/2017:17:41:10 +0000] "GET /docs/triton/class_triton_1_1_swell_description.html HTTP/1.1" 200 2403 "-" "Mozilla/5.0 (compatible; YandexBot/3.0; +http://yandex.com/bots)"
54.210.20.202 - - [05/May/2017:17:41:09 +0000] "POST /wp-cron.php?doing_wp_cron=1494006069.8724479675292968750000 HTTP/1.1" 200 - "http://sundog-soft.com/wp-cron.php?doing_wp_cron=1494006069.8724479675292968750000" "WordPress/4.7.4; http://sundog-soft.com"
95.72.12.9 - - [05/May/2017:17:41:09 +0000] "POST /wp-login.php HTTP/1.1" 200 2000 "http://sundog-soft.com/wp-login.php" "Mozilla/5.0 (Windows NT 6.0; rv:34.0) Gecko/20100101 Firefox/34.0"
148.251.21.227 - - [05/May/2017:17:41:11 +0000] "GET /docs/triton/_wind_fetch_8h.html HTTP/1.1" 200 2136 "-" "Mozilla/5.0 (compatible; BLEXBot/1.0; +http://webmeup-crawler.com/)"
164.132.161.62 - - [05/May/2017:17:41:15 +0000] "GET /features/ocean-and-water-rendering-with-triton/unity-water-effects-with-triton-for-unity-pro/ HTTP/1.1" 200 16358 "-" "Mozilla/5.0 (compatible; AhrefsBot/5.2; +http://ahrefs.com/robot/)"
54.210.20.202 - - [05/May/2017:17:41:14 +0000] "POST /wp-cron.php?doing_wp_cron=1494006074.4260919094085693359375 HTTP/1.1" 200 - "http://sundog-soft.com/wp-cron.php?doing_wp_cron=1494006074.4260919094085693359375" "WordPress/4.7.4; http://sundog-soft.com"
199.21.99.207 - - [05/May/2017:17:41:13 +0000] "GET /2016/04/game-engine-gems-3/ HTTP/1.1" 200 14722 "-" "Mozilla/5.0 (compatible; YandexBot/3.0; +http://yandex.com/bots)"
199.21.99.207 - - [05/May/2017:17:41:17 +0000] "GET /docs/triton/class_triton_1_1_utils.html HTTP/1.1" 200 4067 "-" "Mozilla/5.0 (compatible; YandexBot/3.0; +http://yandex.com/bots)"
199.21.99.207 - - [05/May/2017:17:41:20 +0000] "GET /docs/triton/functions.html HTTP/1.1" 200 1884 "-" "Mozilla/5.0 (compatible; YandexBot/3.0; +http://yandex.com/bots)"
66.249.64.199 - - [05/May/2017:17:41:21 +0000] "GET / HTTP/1.1" 200 20503 "-" "Mozilla/5.0 (Linux; Android 6.0.1; Nexus 5X Build/MMB29P) AppleWebKit/537.36 (KHTML, like Gecko) Chrome/41.0.2272.96 Mobile Safari/537.36 (compatible; Googlebot/2.1; +http://www.google.com/bot.html)"
199.21.99.207 - - [05/May/2017:17:41:24 +0000] "GET /2011/03/silverlining-2-12-now-available/ HTTP/1.1" 200 14610 "-" "Mozilla/5.0 (compatible; YandexBot/3.0; +http://yandex.com/bots)"
199.21.99.207 - - [05/May/2017:17:41:27 +0000] "GET /docs/triton/_triton_common_8h.html HTTP/1.1" 200 2771 "-" "Mozilla/5.0 (compatible; YandexBot/3.0; +http://yandex.com/bots)"
199.21.99.207 - - [05/May/2017:17:41:30 +0000] "GET /docs/triton/_vector3_8h.html HTTP/1.1" 200 2638 "-" "Mozilla/5.0 (compatible; YandexBot/3.0; +http://yandex.com/bots)"
148.251.21.227 - - [05/May/2017:17:41:32 +0000] "GET /docs/triton/class_triton_1_1_breaking_waves_parameters.html HTTP/1.1" 200 3931 "-" "Mozilla/5.0 (compatible; BLEXBot/1.0; +http://webmeup-crawler.com/)"
199.21.99.207 - - [05/May/2017:17:41:34 +0000] "GET /docs/triton/class_triton_1_1_allocator-members.html HTTP/1.1" 200 1699 "-" "Mozilla/5.0 (compatible; YandexBot/3.0; +http://yandex.com/bots)"
199.21.99.207 - - [05/May/2017:17:41:37 +0000] "GET /docs/html/functions_func.html HTTP/1.1" 200 1364 "-" "Mozilla/5.0 (compatible; YandexBot/3.0; +http://yandex.com/bots)"
199.21.99.207 - - [05/May/2017:17:41:40 +0000] "GET /docs/html/globals_eval.html HTTP/1.1" 200 2152 "-" "Mozilla/5.0 (compatible; YandexBot/3.0; +http://yandex.com/bots)"
199.21.99.207 - - [05/May/2017:17:41:43 +0000] "GET /docs/triton/_rotor_wash_8h_source.html HTTP/1.1" 200 3580 "-" "Mozilla/5.0 (compatible; YandexBot/3.0; +http://yandex.com/bots)"
199.21.99.207 - - [05/May/2017:17:41:47 +0000] "GET /docs/html/_plane_8h.html HTTP/1.1" 200 1687 "-" "Mozilla/5.0 (compatible; YandexBot/3.0; +http://yandex.com/bots)"
199.21.99.207 - - [05/May/2017:17:41:50 +0000] "GET /docs/triton/class_triton_1_1_matrix4-members.html HTTP/1.1" 200 2119 "-" "Mozilla/5.0 (compatible; YandexBot/3.0; +http://yandex.com/bots)"
148.251.21.227 - - [05/May/2017:17:41:55 +0000] "GET /docs/triton/class_triton_1_1_mem_object.html HTTP/1.1" 200 2975 "-" "Mozilla/5.0 (compatible; BLEXBot/1.0; +http://webmeup-crawler.com/)"
148.251.21.227 - - [05/May/2017:17:42:07 +0000] "GET /docs/triton/class_triton_1_1_oriented_bounding_box.html HTTP/1.1" 200 2925 "-" "Mozilla/5.0 (compatible; BLEXBot/1.0; +http://webmeup-crawler.com/)"
54.210.20.202 - - [05/May/2017:17:42:07 +0000] "POST /wp-cron.php?doing_wp_cron=1494006127.8952970504760742187500 HTTP/1.1" 200 - "http://sundog-soft.com/wp-cron.php?doing_wp_cron=1494006127.8952970504760742187500" "WordPress/4.7.4; http://sundog-soft.com"
188.243.236.82 - - [05/May/2017:17:42:07 +0000] "GET /wp-login.php HTTP/1.1" 200 1623 "-" "Mozilla/5.0 (Windows NT 6.0; rv:34.0) Gecko/20100101 Firefox/34.0"
54.210.20.202 - - [05/May/2017:17:42:09 +0000] "POST /wp-cron.php?doing_wp_cron=1494006129.4670989513397216796875 HTTP/1.1" 200 - "http://sundog-soft.com/wp-cron.php?doing_wp_cron=1494006129.4670989513397216796875" "WordPress/4.7.4; http://sundog-soft.com"
188.243.236.82 - - [05/May/2017:17:42:08 +0000] "POST /wp-login.php HTTP/1.1" 200 2000 "http://sundog-soft.com/wp-login.php" "Mozilla/5.0 (Windows NT 6.0; rv:34.0) Gecko/20100101 Firefox/34.0"
148.251.21.227 - - [05/May/2017:17:42:18 +0000] "GET /docs/triton/class_triton_1_1_random_number_generator.html HTTP/1.1" 200 3083 "-" "Mozilla/5.0 (compatible; BLEXBot/1.0; +http://webmeup-crawler.com/)"
148.251.21.227 - - [05/May/2017:17:42:27 +0000] "GET /docs/triton/class_triton_1_1_resource_loader.html HTTP/1.1" 200 4138 "-" "Mozilla/5.0 (compatible; BLEXBot/1.0; +http://webmeup-crawler.com/)"
66.249.64.148 - - [05/May/2017:17:42:38 +0000] "GET /docs/html/_cloud_layer_8h.html HTTP/1.1" 200 2059 "-" "Mozilla/5.0 (Linux; Android 6.0.1; Nexus 5X Build/MMB29P) AppleWebKit/537.36 (KHTML, like Gecko) Chrome/41.0.2272.96 Mobile Safari/537.36 (compatible; Googlebot/2.1; +http://www.google.com/bot.html)"
148.251.21.227 - - [05/May/2017:17:42:38 +0000] "GET /docs/triton/class_triton_1_1_swell_description.html HTTP/1.1" 200 2403 "-" "Mozilla/5.0 (compatible; BLEXBot/1.0; +http://webmeup-crawler.com/)"
148.251.21.227 - - [05/May/2017:17:42:48 +0000] "GET /docs/triton/class_triton_1_1_tidal_stream_wake.html HTTP/1.1" 200 4073 "-" "Mozilla/5.0 (compatible; BLEXBot/1.0; +http://webmeup-crawler.com/)"
148.251.21.227 - - [05/May/2017:17:42:59 +0000] "GET /docs/triton/class_triton_1_1_wake_generator.html HTTP/1.1" 200 5457 "-" "Mozilla/5.0 (compatible; BLEXBot/1.0; +http://webmeup-crawler.com/)"
66.249.64.152 - - [05/May/2017:17:44:14 +0000] "GET /docs/triton/functions_func_0x63.html HTTP/1.1" 200 2169 "-" "Mozilla/5.0 (compatible; Googlebot/2.1; +http://www.google.com/bot.html)"
63.243.252.59 - - [05/May/2017:17:45:29 +0000] "GET /docs/html/usage.html HTTP/1.1" 200 25320 "-" "Mozilla/5.0 (compatible; Baiduspider/2.0; +http://www.baidu.com/search/spider.html)"
8.29.198.27 - - [05/May/2017:17:46:14 +0000] "GET /feed/ HTTP/1.1" 304 - "-" "Feedly/1.0 (+http://www.feedly.com/fetcher.html; like FeedFetcher-Google)"
54.210.20.202 - - [05/May/2017:17:46:15 +0000] "GET /sitemap_index.xml HTTP/1.1" 200 389 "http://sundog-soft.com/sitemap_index.xml" "W3 Total Cache"
54.210.20.202 - - [05/May/2017:17:46:16 +0000] "GET /post-sitemap.xml HTTP/1.1" 200 13654 "http://sundog-soft.com/post-sitemap.xml" "W3 Total Cache"
54.210.20.202 - - [05/May/2017:17:46:16 +0000] "GET /page-sitemap.xml HTTP/1.1" 200 2198 "http://sundog-soft.com/page-sitemap.xml" "W3 Total Cache"
148.251.21.227 - - [05/May/2017:17:46:16 +0000] "GET /robots.txt HTTP/1.1" 200 67 "-" "Mozilla/5.0 (compatible; BLEXBot/1.0; +http://webmeup-crawler.com/)"
54.210.20.202 - - [05/May/2017:17:46:18 +0000] "GET /product-sitemap.xml HTTP/1.1" 200 555 "http://sundog-soft.com/product-sitemap.xml" "W3 Total Cache"
148.251.21.227 - - [05/May/2017:17:46:19 +0000] "GET /docs/triton/class_triton_1_1_wake_generator_parameters.html HTTP/1.1" 200 4855 "-" "Mozilla/5.0 (compatible; BLEXBot/1.0; +http://webmeup-crawler.com/)"
54.210.20.202 - - [05/May/2017:17:46:18 +0000] "GET /creativo_portfolio-sitemap.xml HTTP/1.1" 200 658 "http://sundog-soft.com/creativo_portfolio-sitemap.xml" "W3 Total Cache"
54.210.20.202 - - [05/May/2017:17:46:19 +0000] "GET /clients-sitemap.xml HTTP/1.1" 200 3298 "http://sundog-soft.com/clients-sitemap.xml" "W3 Total Cache"
54.210.20.202 - - [05/May/2017:17:46:20 +0000] "GET /category-sitemap.xml HTTP/1.1" 200 411 "http://sundog-soft.com/category-sitemap.xml" "W3 Total Cache"
54.210.20.202 - - [05/May/2017:17:46:20 +0000] "GET /portfolio_category-sitemap.xml HTTP/1.1" 200 337 "http://sundog-soft.com/portfolio_category-sitemap.xml" "W3 Total Cache"
54.210.20.202 - - [05/May/2017:17:46:21 +0000] "GET /author-sitemap.xml HTTP/1.1" 200 347 "http://sundog-soft.com/author-sitemap.xml" "W3 Total Cache"
54.210.20.202 - - [05/May/2017:17:46:22 +0000] "GET /2010/09/silverlining-2-0-beta-1-available/ HTTP/1.1" 200 14858 "http://sundog-soft.com/2010/09/silverlining-2-0-beta-1-available/" "WordPress"
54.210.20.202 - - [05/May/2017:17:46:23 +0000] "GET /2010/10/silverlining-2-02-plus-a-new-video/ HTTP/1.1" 200 14350 "http://sundog-soft.com/2010/10/silverlining-2-02-plus-a-new-video/" "WordPress"
54.210.20.202 - - [05/May/2017:17:46:24 +0000] "GET /2012/04/silverlining-for-unity-1-2-available/ HTTP/1.1" 200 14514 "http://sundog-soft.com/2012/04/silverlining-for-unity-1-2-available/" "WordPress"
54.210.20.202 - - [05/May/2017:17:46:24 +0000] "GET /2012/05/new-linux-packages-for-silverlining-and-triton/ HTTP/1.1" 200 14523 "http://sundog-soft.com/2012/05/new-linux-packages-for-silverlining-and-triton/" "WordPress"
54.210.20.202 - - [05/May/2017:17:46:25 +0000] "GET /2013/11/skymaxx-pro-x-plane-10-launched/ HTTP/1.1" 200 14476 "http://sundog-soft.com/2013/11/skymaxx-pro-x-plane-10-launched/" "WordPress"
54.210.20.202 - - [05/May/2017:17:46:25 +0000] "GET /2013/12/sundog-iitsec-2013/ HTTP/1.1" 200 15177 "http://sundog-soft.com/2013/12/sundog-iitsec-2013/" "WordPress"
54.210.20.202 - - [05/May/2017:17:46:26 +0000] "GET /2014/01/thank-amazing-2013/ HTTP/1.1" 200 14903 "http://sundog-soft.com/2014/01/thank-amazing-2013/" "WordPress"
54.210.20.202 - - [05/May/2017:17:46:27 +0000] "GET /2014/01/triton-ocean-sdk-40-faster/ HTTP/1.1" 200 14776 "http://sundog-soft.com/2014/01/triton-ocean-sdk-40-faster/" "WordPress"
54.210.20.202 - - [05/May/2017:17:46:28 +0000] "GET /2014/01/check-new-game-demo-video/ HTTP/1.1" 200 14458 "http://sundog-soft.com/2014/01/check-new-game-demo-video/" "WordPress"
54.210.20.202 - - [05/May/2017:17:46:29 +0000] "GET /2014/01/new-rotor-wash-decal-texture-effects/ HTTP/1.1" 200 14910 "http://sundog-soft.com/2014/01/new-rotor-wash-decal-texture-effects/" "WordPress"
54.210.20.202 - - [05/May/2017:17:46:14 +0000] "POST /wp-cron.php?doing_wp_cron=1494006374.6762270927429199218750 HTTP/1.1" 200 - "http://sundog-soft.com/wp-cron.php?doing_wp_cron=1494006374.6762270927429199218750" "WordPress/4.7.4; http://sundog-soft.com"
148.251.21.227 - - [05/May/2017:17:46:37 +0000] "GET /docs/triton/functions_0x6d.html HTTP/1.1" 200 1842 "-" "Mozilla/5.0 (compatible; BLEXBot/1.0; +http://webmeup-crawler.com/)"
148.251.21.227 - - [05/May/2017:17:46:45 +0000] "GET /docs/triton/functions_vars.html HTTP/1.1" 200 2804 "-" "Mozilla/5.0 (compatible; BLEXBot/1.0; +http://webmeup-crawler.com/)"
54.210.20.202 - - [05/May/2017:17:46:51 +0000] "POST /wp-cron.php?doing_wp_cron=1494006411.4722869396209716796875 HTTP/1.1" 200 - "http://sundog-soft.com/wp-cron.php?doing_wp_cron=1494006411.4722869396209716796875" "WordPress/4.7.4; http://sundog-soft.com"
5.175.122.174 - - [05/May/2017:17:46:50 +0000] "GET /wp-login.php HTTP/1.1" 200 1625 "-" "Mozilla/5.0 (Windows NT 6.0; rv:34.0) Gecko/20100101 Firefox/34.0"
54.210.20.202 - - [05/May/2017:17:46:52 +0000] "POST /wp-cron.php?doing_wp_cron=1494006412.9891059398651123046875 HTTP/1.1" 200 - "http://sundog-soft.com/wp-cron.php?doing_wp_cron=1494006412.9891059398651123046875" "WordPress/4.7.4; http://sundog-soft.com"
5.175.122.174 - - [05/May/2017:17:46:52 +0000] "POST /wp-login.php HTTP/1.1" 200 2000 "http://sundog-soft.com/wp-login.php" "Mozilla/5.0 (Windows NT 6.0; rv:34.0) Gecko/20100101 Firefox/34.0"
148.251.21.227 - - [05/May/2017:17:46:58 +0000] "GET /docs/triton/releasenotes.txt HTTP/1.1" 200 18903 "-" "Mozilla/5.0 (compatible; BLEXBot/1.0; +http://webmeup-crawler.com/)"
180.76.15.153 - - [05/May/2017:17:47:07 +0000] "GET /sds/features/ocean-and-water-rendering-with-triton/unity-water-effects-with-triton-for-unity-pro/ HTTP/1.1" 301 324 "-" "Mozilla/5.0 (compatible; Baiduspider/2.0; +http://www.baidu.com/search/spider.html)"
180.76.15.5 - - [05/May/2017:17:47:07 +0000] "GET /features/ocean-and-water-rendering-with-triton/unity-water-effects-with-triton-for-unity-pro/ HTTP/1.1" 200 16358 "-" "Mozilla/5.0 (compatible; Baiduspider/2.0; +http://www.baidu.com/search/spider.html)"
217.182.132.78 - - [05/May/2017:17:47:09 +0000] "GET /docs/triton/functions_func_0x76.html HTTP/1.1" 200 1773 "-" "Mozilla/5.0 (compatible; AhrefsBot/5.2; +http://ahrefs.com/robot/)"
54.210.20.202 - - [05/May/2017:17:47:08 +0000] "POST /wp-cron.php?doing_wp_cron=1494006428.8223400115966796875000 HTTP/1.1" 200 - "http://sundog-soft.com/wp-cron.php?doing_wp_cron=1494006428.8223400115966796875000" "WordPress/4.7.4; http://sundog-soft.com"
148.251.21.227 - - [05/May/2017:17:47:08 +0000] "GET /impressum.php HTTP/1.1" 404 48251 "-" "Mozilla/5.0 (compatible; BLEXBot/1.0; +http://webmeup-crawler.com/)"
54.210.20.202 - - [05/May/2017:17:47:17 +0000] "POST /wp-cron.php?doing_wp_cron=1494006437.7426369190216064453125 HTTP/1.1" 200 - "http://sundog-soft.com/wp-cron.php?doing_wp_cron=1494006437.7426369190216064453125" "WordPress/4.7.4; http://sundog-soft.com"
148.251.21.227 - - [05/May/2017:17:47:17 +0000] "GET /kommunikation.php HTTP/1.1" 404 48263 "-" "Mozilla/5.0 (compatible; BLEXBot/1.0; +http://webmeup-crawler.com/)"
54.210.20.202 - - [05/May/2017:17:47:28 +0000] "POST /wp-cron.php?doing_wp_cron=1494006448.0139279365539550781250 HTTP/1.1" 200 - "http://sundog-soft.com/wp-cron.php?doing_wp_cron=1494006448.0139279365539550781250" "WordPress/4.7.4; http://sundog-soft.com"
148.251.21.227 - - [05/May/2017:17:47:27 +0000] "GET /kontakt.php HTTP/1.1" 404 48245 "-" "Mozilla/5.0 (compatible; BLEXBot/1.0; +http://webmeup-crawler.com/)"
54.210.20.202 - - [05/May/2017:17:47:38 +0000] "POST /wp-cron.php?doing_wp_cron=1494006458.0437459945678710937500 HTTP/1.1" 200 - "http://sundog-soft.com/wp-cron.php?doing_wp_cron=1494006458.0437459945678710937500" "WordPress/4.7.4; http://sundog-soft.com"
8.29.198.25 - - [05/May/2017:17:47:37 +0000] "GET /feed/ HTTP/1.1" 304 - "-" "Feedly/1.0 (+http://www.feedly.com/fetcher.html; like FeedFetcher-Google)"
54.210.20.202 - - [05/May/2017:17:47:48 +0000] "POST /wp-cron.php?doing_wp_cron=1494006468.5020830631256103515625 HTTP/1.1" 200 - "http://sundog-soft.com/wp-cron.php?doing_wp_cron=1494006468.5020830631256103515625" "WordPress/4.7.4; http://sundog-soft.com"
148.251.21.227 - - [05/May/2017:17:47:47 +0000] "GET /licensed-user-download/ HTTP/1.1" 301 - "-" "Mozilla/5.0 (compatible; BLEXBot/1.0; +http://webmeup-crawler.com/)"
54.210.20.202 - - [05/May/2017:17:48:00 +0000] "POST /wp-cron.php?doing_wp_cron=1494006480.9619829654693603515625 HTTP/1.1" 200 - "http://sundog-soft.com/wp-cron.php?doing_wp_cron=1494006480.9619829654693603515625" "WordPress/4.7.4; http://sundog-soft.com"
148.251.21.227 - - [05/May/2017:17:48:00 +0000] "GET /news.php HTTP/1.1" 404 48236 "-" "Mozilla/5.0 (compatible; BLEXBot/1.0; +http://webmeup-crawler.com/)"
216.244.66.246 - - [05/May/2017:17:48:06 +0000] "GET /docs/triton/functions_func.html HTTP/1.1" 200 6874 "-" "Mozilla/5.0 (compatible; DotBot/1.1; http://www.opensiteexplorer.org/dotbot, help@moz.com)"
54.210.20.202 - - [05/May/2017:17:48:12 +0000] "POST /wp-cron.php?doing_wp_cron=1494006492.2329430580139160156250 HTTP/1.1" 200 - "http://sundog-soft.com/wp-cron.php?doing_wp_cron=1494006492.2329430580139160156250" "WordPress/4.7.4; http://sundog-soft.com"
148.251.21.227 - - [05/May/2017:17:48:11 +0000] "GET /praxis.php HTTP/1.1" 404 48242 "-" "Mozilla/5.0 (compatible; BLEXBot/1.0; +http://webmeup-crawler.com/)"
216.244.66.246 - - [05/May/2017:17:48:14 +0000] "GET /docs/triton/functions_0x69.html HTTP/1.1" 200 7472 "-" "Mozilla/5.0 (compatible; DotBot/1.1; http://www.opensiteexplorer.org/dotbot, help@moz.com)"
54.210.20.202 - - [05/May/2017:17:48:21 +0000] "POST /wp-cron.php?doing_wp_cron=1494006501.8027770519256591796875 HTTP/1.1" 200 - "http://sundog-soft.com/wp-cron.php?doing_wp_cron=1494006501.8027770519256591796875" "WordPress/4.7.4; http://sundog-soft.com"
148.251.21.227 - - [05/May/2017:17:48:21 +0000] "GET /product/silverlining-product-license-source-code/ HTTP/1.1" 200 14520 "-" "Mozilla/5.0 (compatible; BLEXBot/1.0; +http://webmeup-crawler.com/)"
54.210.20.202 - - [05/May/2017:17:48:41 +0000] "POST /wp-cron.php?doing_wp_cron=1494006521.9329791069030761718750 HTTP/1.1" 200 - "http://sundog-soft.com/wp-cron.php?doing_wp_cron=1494006521.9329791069030761718750" "WordPress/4.7.4; http://sundog-soft.com"
148.251.21.227 - - [05/May/2017:17:48:41 +0000] "GET /produkte.php HTTP/1.1" 404 48248 "-" "Mozilla/5.0 (compatible; BLEXBot/1.0; +http://webmeup-crawler.com/)"
148.251.21.227 - - [05/May/2017:17:48:54 +0000] "GET /sds/2014/07/triton-oceans-unity-pro-documentation/ HTTP/1.1" 301 277 "-" "Mozilla/5.0 (compatible; BLEXBot/1.0; +http://webmeup-crawler.com/)"
148.251.21.227 - - [05/May/2017:17:49:01 +0000] "GET /sds/download/ HTTP/1.1" 301 240 "-" "Mozilla/5.0 (compatible; BLEXBot/1.0; +http://webmeup-crawler.com/)"
54.210.20.202 - - [05/May/2017:17:49:09 +0000] "POST /wp-cron.php?doing_wp_cron=1494006549.3268580436706542968750 HTTP/1.1" 200 - "http://sundog-soft.com/wp-cron.php?doing_wp_cron=1494006549.3268580436706542968750" "WordPress/4.7.4; http://sundog-soft.com"
66.131.48.73 - - [05/May/2017:17:49:08 +0000] "GET /wp-login.php HTTP/1.1" 200 1623 "-" "Mozilla/5.0 (Windows NT 6.0; rv:34.0) Gecko/20100101 Firefox/34.0"
54.210.20.202 - - [05/May/2017:17:49:10 +0000] "POST /wp-cron.php?doing_wp_cron=1494006550.7154040336608886718750 HTTP/1.1" 200 - "http://sundog-soft.com/wp-cron.php?doing_wp_cron=1494006550.7154040336608886718750" "WordPress/4.7.4; http://sundog-soft.com"
66.131.48.73 - - [05/May/2017:17:49:10 +0000] "POST /wp-login.php HTTP/1.1" 200 2000 "http://sundog-soft.com/wp-login.php" "Mozilla/5.0 (Windows NT 6.0; rv:34.0) Gecko/20100101 Firefox/34.0"
148.251.21.227 - - [05/May/2017:17:49:13 +0000] "GET /sds/purchase-a-license/ HTTP/1.1" 301 250 "-" "Mozilla/5.0 (compatible; BLEXBot/1.0; +http://webmeup-crawler.com/)"
54.210.20.202 - - [05/May/2017:17:49:16 +0000] "POST /wp-cron.php?doing_wp_cron=1494006556.5719559192657470703125 HTTP/1.1" 200 - "http://sundog-soft.com/wp-cron.php?doing_wp_cron=1494006556.5719559192657470703125" "WordPress/4.7.4; http://sundog-soft.com"
104.154.198.228 - - [05/May/2017:17:49:15 +0000] "GET /feed/ HTTP/1.1" 200 31812 "-" "Java/1.8.0_121"
54.210.20.202 - - [05/May/2017:17:49:21 +0000] "POST /wp-cron.php?doing_wp_cron=1494006561.9815399646759033203125 HTTP/1.1" 200 - "http://sundog-soft.com/wp-cron.php?doing_wp_cron=1494006561.9815399646759033203125" "WordPress/4.7.4; http://sundog-soft.com"
148.251.21.227 - - [05/May/2017:17:49:21 +0000] "GET /termine.php HTTP/1.1" 404 48245 "-" "Mozilla/5.0 (compatible; BLEXBot/1.0; +http://webmeup-crawler.com/)"
54.210.20.202 - - [05/May/2017:17:49:34 +0000] "POST /wp-cron.php?doing_wp_cron=1494006574.4102010726928710937500 HTTP/1.1" 200 - "http://sundog-soft.com/wp-cron.php?doing_wp_cron=1494006574.4102010726928710937500" "WordPress/4.7.4; http://sundog-soft.com"
148.251.21.227 - - [05/May/2017:17:49:33 +0000] "GET /therapie.php HTTP/1.1" 404 48248 "-" "Mozilla/5.0 (compatible; BLEXBot/1.0; +http://webmeup-crawler.com/)"
96.4.107.33 - - [05/May/2017:17:49:36 +0000] "GET / HTTP/1.1" 200 20503 "-" "Mozilla/5.0 (Macintosh; Intel Mac OS X 10_8_5) AppleWebKit/600.8.9 (KHTML, like Gecko) Version/6.2.8 Safari/537.85.17"
96.4.107.33 - - [05/May/2017:17:49:36 +0000] "GET /wp-content/plugins/LayerSlider/static/layerslider/css/layerslider.css?ver=6.3.0 HTTP/1.1" 200 3792 "http://sundog-soft.com/" "Mozilla/5.0 (Macintosh; Intel Mac OS X 10_8_5) AppleWebKit/600.8.9 (KHTML, like Gecko) Version/6.2.8 Safari/537.85.17"
96.4.107.33 - - [05/May/2017:17:49:36 +0000] "GET /wp-content/plugins/revslider/public/assets/css/settings.css?ver=5.4.1 HTTP/1.1" 200 7067 "http://sundog-soft.com/" "Mozilla/5.0 (Macintosh; Intel Mac OS X 10_8_5) AppleWebKit/600.8.9 (KHTML, like Gecko) Version/6.2.8 Safari/537.85.17"
96.4.107.33 - - [05/May/2017:17:49:36 +0000] "GET /wp-content/plugins/tablepress/css/default.min.css?ver=1.8 HTTP/1.1" 200 2739 "http://sundog-soft.com/" "Mozilla/5.0 (Macintosh; Intel Mac OS X 10_8_5) AppleWebKit/600.8.9 (KHTML, like Gecko) Version/6.2.8 Safari/537.85.17"
96.4.107.33 - - [05/May/2017:17:49:36 +0000] "GET /wp-content/plugins/contact-form-7/includes/css/styles.css?ver=4.7 HTTP/1.1" 200 634 "http://sundog-soft.com/" "Mozilla/5.0 (Macintosh; Intel Mac OS X 10_8_5) AppleWebKit/600.8.9 (KHTML, like Gecko) Version/6.2.8 Safari/537.85.17"
96.4.107.33 - - [05/May/2017:17:49:36 +0000] "GET /wp-content/plugins/mailchimp-for-wp/assets/css/form-basic.min.css?ver=4.1.1 HTTP/1.1" 200 697 "http://sundog-soft.com/" "Mozilla/5.0 (Macintosh; Intel Mac OS X 10_8_5) AppleWebKit/600.8.9 (KHTML, like Gecko) Version/6.2.8 Safari/537.85.17"
96.4.107.33 - - [05/May/2017:17:49:36 +0000] "GET /wp-content/plugins/js_composer/assets/lib/bower/font-awesome/css/font-awesome.min.css?ver=5.1.2 HTTP/1.1" 200 6684 "http://sundog-soft.com/" "Mozilla/5.0 (Macintosh; Intel Mac OS X 10_8_5) AppleWebKit/600.8.9 (KHTML, like Gecko) Version/6.2.8 Safari/537.85.17"
96.4.107.33 - - [05/May/2017:17:49:36 +0000] "GET /wp-content/plugins/js_composer/assets/css/js_composer.min.css?ver=5.1.2 HTTP/1.1" 200 44414 "http://sundog-soft.com/" "Mozilla/5.0 (Macintosh; Intel Mac OS X 10_8_5) AppleWebKit/600.8.9 (KHTML, like Gecko) Version/6.2.8 Safari/537.85.17"
96.4.107.33 - - [05/May/2017:17:49:36 +0000] "GET /wp-content/plugins/mailchimp-widget/js/mailchimp-widget-min.js?ver=4.7.4 HTTP/1.1" 200 587 "http://sundog-soft.com/" "Mozilla/5.0 (Macintosh; Intel Mac OS X 10_8_5) AppleWebKit/600.8.9 (KHTML, like Gecko) Version/6.2.8 Safari/537.85.17"
96.4.107.33 - - [05/May/2017:17:49:36 +0000] "GET /wp-content/plugins/LayerSlider/static/layerslider/js/greensock.js?ver=1.19.0 HTTP/1.1" 200 39570 "http://sundog-soft.com/" "Mozilla/5.0 (Macintosh; Intel Mac OS X 10_8_5) AppleWebKit/600.8.9 (KHTML, like Gecko) Version/6.2.8 Safari/537.85.17"
96.4.107.33 - - [05/May/2017:17:49:36 +0000] "GET /wp-content/plugins/LayerSlider/static/layerslider/js/layerslider.transitions.js?ver=6.3.0 HTTP/1.1" 200 3396 "http://sundog-soft.com/" "Mozilla/5.0 (Macintosh; Intel Mac OS X 10_8_5) AppleWebKit/600.8.9 (KHTML, like Gecko) Version/6.2.8 Safari/537.85.17"
96.4.107.33 - - [05/May/2017:17:49:36 +0000] "GET /wp-content/plugins/revslider/public/assets/js/jquery.themepunch.tools.min.js?ver=5.4.1 HTTP/1.1" 200 37359 "http://sundog-soft.com/" "Mozilla/5.0 (Macintosh; Intel Mac OS X 10_8_5) AppleWebKit/600.8.9 (KHTML, like Gecko) Version/6.2.8 Safari/537.85.17"
96.4.107.33 - - [05/May/2017:17:49:36 +0000] "GET /wp-content/plugins/LayerSlider/static/layerslider/js/layerslider.kreaturamedia.jquery.js?ver=6.3.0 HTTP/1.1" 200 42430 "http://sundog-soft.com/" "Mozilla/5.0 (Macintosh; Intel Mac OS X 10_8_5) AppleWebKit/600.8.9 (KHTML, like Gecko) Version/6.2.8 Safari/537.85.17"
96.4.107.33 - - [05/May/2017:17:49:36 +0000] "GET /wp-content/plugins/revslider/public/assets/js/jquery.themepunch.revolution.min.js?ver=5.4.1 HTTP/1.1" 200 17555 "http://sundog-soft.com/" "Mozilla/5.0 (Macintosh; Intel Mac OS X 10_8_5) AppleWebKit/600.8.9 (KHTML, like Gecko) Version/6.2.8 Safari/537.85.17"
96.4.107.33 - - [05/May/2017:17:49:36 +0000] "GET /wp-content/plugins/woocommerce/assets/js/frontend/add-to-cart.min.js?ver=3.0.4 HTTP/1.1" 200 803 "http://sundog-soft.com/" "Mozilla/5.0 (Macintosh; Intel Mac OS X 10_8_5) AppleWebKit/600.8.9 (KHTML, like Gecko) Version/6.2.8 Safari/537.85.17"
96.4.107.33 - - [05/May/2017:17:49:36 +0000] "GET /wp-content/plugins/js_composer/assets/js/vendors/woocommerce-add-to-cart.js?ver=5.1.2 HTTP/1.1" 200 351 "http://sundog-soft.com/" "Mozilla/5.0 (Macintosh; Intel Mac OS X 10_8_5) AppleWebKit/600.8.9 (KHTML, like Gecko) Version/6.2.8 Safari/537.85.17"
96.4.107.33 - - [05/May/2017:17:49:36 +0000] "GET /wp-content/plugins/contact-form-7/includes/js/jquery.form.min.js?ver=3.51.0-2014.06.20 HTTP/1.1" 200 5860 "http://sundog-soft.com/" "Mozilla/5.0 (Macintosh; Intel Mac OS X 10_8_5) AppleWebKit/600.8.9 (KHTML, like Gecko) Version/6.2.8 Safari/537.85.17"
96.4.107.33 - - [05/May/2017:17:49:36 +0000] "GET /wp-content/plugins/contact-form-7/includes/js/scripts.js?ver=4.7 HTTP/1.1" 200 3667 "http://sundog-soft.com/" "Mozilla/5.0 (Macintosh; Intel Mac OS X 10_8_5) AppleWebKit/600.8.9 (KHTML, like Gecko) Version/6.2.8 Safari/537.85.17"
96.4.107.33 - - [05/May/2017:17:49:36 +0000] "GET /wp-content/plugins/woocommerce/assets/js/jquery-blockui/jquery.blockUI.min.js?ver=2.70 HTTP/1.1" 200 3547 "http://sundog-soft.com/" "Mozilla/5.0 (Macintosh; Intel Mac OS X 10_8_5) AppleWebKit/600.8.9 (KHTML, like Gecko) Version/6.2.8 Safari/537.85.17"
96.4.107.33 - - [05/May/2017:17:49:36 +0000] "GET /wp-content/plugins/woocommerce/assets/js/js-cookie/js.cookie.min.js?ver=2.1.4 HTTP/1.1" 200 987 "http://sundog-soft.com/" "Mozilla/5.0 (Macintosh; Intel Mac OS X 10_8_5) AppleWebKit/600.8.9 (KHTML, like Gecko) Version/6.2.8 Safari/537.85.17"
96.4.107.33 - - [05/May/2017:17:49:36 +0000] "GET /wp-content/plugins/woocommerce/assets/js/frontend/woocommerce.min.js?ver=3.0.4 HTTP/1.1" 200 291 "http://sundog-soft.com/" "Mozilla/5.0 (Macintosh; Intel Mac OS X 10_8_5) AppleWebKit/600.8.9 (KHTML, like Gecko) Version/6.2.8 Safari/537.85.17"
96.4.107.33 - - [05/May/2017:17:49:36 +0000] "GET /wp-content/plugins/woocommerce/assets/js/frontend/cart-fragments.min.js?ver=3.0.4 HTTP/1.1" 200 925 "http://sundog-soft.com/" "Mozilla/5.0 (Macintosh; Intel Mac OS X 10_8_5) AppleWebKit/600.8.9 (KHTML, like Gecko) Version/6.2.8 Safari/537.85.17"
96.4.107.33 - - [05/May/2017:17:49:36 +0000] "GET /wp-content/plugins/js_composer/assets/js/dist/js_composer_front.min.js?ver=5.1.2 HTTP/1.1" 200 6450 "http://sundog-soft.com/" "Mozilla/5.0 (Macintosh; Intel Mac OS X 10_8_5) AppleWebKit/600.8.9 (KHTML, like Gecko) Version/6.2.8 Safari/537.85.17"
96.4.107.33 - - [05/May/2017:17:49:37 +0000] "GET /wp-includes/js/wp-emoji-release.min.js?ver=4.7.4 HTTP/1.1" 200 4230 "http://sundog-soft.com/" "Mozilla/5.0 (Macintosh; Intel Mac OS X 10_8_5) AppleWebKit/600.8.9 (KHTML, like Gecko) Version/6.2.8 Safari/537.85.17"
96.4.107.33 - - [05/May/2017:17:49:38 +0000] "GET /wp-content/plugins/revslider/public/assets/js/extensions/revolution.extension.layeranimation.min.js?version=5.4.1 HTTP/1.1" 200 13985 "http://sundog-soft.com/" "Mozilla/5.0 (Macintosh; Intel Mac OS X 10_8_5) AppleWebKit/600.8.9 (KHTML, like Gecko) Version/6.2.8 Safari/537.85.17"
96.4.107.33 - - [05/May/2017:17:49:38 +0000] "GET /wp-content/plugins/revslider/public/assets/js/extensions/revolution.extension.navigation.min.js?version=5.4.1 HTTP/1.1" 200 7022 "http://sundog-soft.com/" "Mozilla/5.0 (Macintosh; Intel Mac OS X 10_8_5) AppleWebKit/600.8.9 (KHTML, like Gecko) Version/6.2.8 Safari/537.85.17"
96.4.107.33 - - [05/May/2017:17:49:38 +0000] "GET /wp-content/plugins/revslider/public/assets/js/extensions/revolution.extension.actions.min.js?version=5.4.1 HTTP/1.1" 200 2694 "http://sundog-soft.com/" "Mozilla/5.0 (Macintosh; Intel Mac OS X 10_8_5) AppleWebKit/600.8.9 (KHTML, like Gecko) Version/6.2.8 Safari/537.85.17"
96.4.107.33 - - [05/May/2017:17:49:38 +0000] "GET /wp-content/plugins/revslider/admin/assets/images/dummy.png HTTP/1.1" 200 73 "http://sundog-soft.com/" "Mozilla/5.0 (Macintosh; Intel Mac OS X 10_8_5) AppleWebKit/600.8.9 (KHTML, like Gecko) Version/6.2.8 Safari/537.85.17"
96.4.107.33 - - [05/May/2017:17:49:38 +0000] "GET /wp-content/plugins/revslider/public/assets/js/extensions/revolution.extension.slideanims.min.js?version=5.4.1 HTTP/1.1" 200 6800 "http://sundog-soft.com/" "Mozilla/5.0 (Macintosh; Intel Mac OS X 10_8_5) AppleWebKit/600.8.9 (KHTML, like Gecko) Version/6.2.8 Safari/537.85.17"
96.4.107.33 - - [05/May/2017:17:49:38 +0000] "GET /wp-content/plugins/js_composer/assets/lib/bower/font-awesome/fonts/fontawesome-webfont.woff?v=4.6.3 HTTP/1.1" 200 90313 "http://sundog-soft.com/" "Mozilla/5.0 (Macintosh; Intel Mac OS X 10_8_5) AppleWebKit/600.8.9 (KHTML, like Gecko) Version/6.2.8 Safari/537.85.17"
162.243.69.215 - - [05/May/2017:17:49:38 +0000] "GET /wp-content/plugins/js_composer/assets/lib/bower/font-awesome/fonts/fontawesome-webfont.woff HTTP/1.0" 200 90412 "(null)" "Mozilla/5.0 (Windows NT 6.1; WOW64; rv:33.0) Gecko/20100101 Firefox/33.0"
96.4.107.33 - - [05/May/2017:17:49:39 +0000] "GET /wp-content/plugins/revslider/public/assets/assets/loader.gif HTTP/1.1" 200 2545 "http://sundog-soft.com/" "Mozilla/5.0 (Macintosh; Intel Mac OS X 10_8_5) AppleWebKit/600.8.9 (KHTML, like Gecko) Version/6.2.8 Safari/537.85.17"
96.4.107.33 - - [05/May/2017:17:49:39 +0000] "GET /wp-content/plugins/revslider/public/assets/assets/coloredbg.png HTTP/1.1" 200 184 "http://sundog-soft.com/" "Mozilla/5.0 (Macintosh; Intel Mac OS X 10_8_5) AppleWebKit/600.8.9 (KHTML, like Gecko) Version/6.2.8 Safari/537.85.17"
96.4.107.33 - - [05/May/2017:17:49:39 +0000] "GET /wp-content/plugins/revslider/public/assets/fonts/revicons/revicons.woff?5510888 HTTP/1.1" 200 7491 "http://sundog-soft.com/" "Mozilla/5.0 (Macintosh; Intel Mac OS X 10_8_5) AppleWebKit/600.8.9 (KHTML, like Gecko) Version/6.2.8 Safari/537.85.17"
107.170.96.6 - - [05/May/2017:17:49:39 +0000] "GET /wp-content/plugins/revslider/public/assets/fonts/revicons/revicons.woff HTTP/1.0" 200 7536 "(null)" "Mozilla/5.0 (Windows NT 6.1; WOW64; rv:33.0) Gecko/20100101 Firefox/33.0"
54.210.20.202 - - [05/May/2017:17:49:39 +0000] "POST /wp-cron.php?doing_wp_cron=1494006579.1684219837188720703125 HTTP/1.1" 200 - "http://sundog-soft.com/wp-cron.php?doing_wp_cron=1494006579.1684219837188720703125" "WordPress/4.7.4; http://sundog-soft.com"
96.4.107.33 - - [05/May/2017:17:49:38 +0000] "POST /?wc-ajax=get_refreshed_fragments HTTP/1.1" 200 255 "http://sundog-soft.com/" "Mozilla/5.0 (Macintosh; Intel Mac OS X 10_8_5) AppleWebKit/600.8.9 (KHTML, like Gecko) Version/6.2.8 Safari/537.85.17"
52.220.191.50 - - [05/May/2017:17:49:39 +0000] "GET /wp-content/plugins/js_composer/assets/lib/bower/font-awesome/fonts/fontawesome-webfont.woff HTTP/1.1" 200 90412 "-" "Amazon CloudFront"
52.220.191.30 - - [05/May/2017:17:49:40 +0000] "GET /wp-content/plugins/revslider/public/assets/fonts/revicons/revicons.woff HTTP/1.1" 200 7536 "-" "Amazon CloudFront"
96.4.107.33 - - [05/May/2017:17:49:40 +0000] "GET /favicon.ico HTTP/1.1" 200 - "http://sundog-soft.com/" "Mozilla/5.0 (Macintosh; Intel Mac OS X 10_8_5) AppleWebKit/600.8.9 (KHTML, like Gecko) Version/6.2.8 Safari/537.85.17"
54.210.20.202 - - [05/May/2017:17:49:45 +0000] "POST /wp-cron.php?doing_wp_cron=1494006585.2704830169677734375000 HTTP/1.1" 200 - "http://sundog-soft.com/wp-cron.php?doing_wp_cron=1494006585.2704830169677734375000" "WordPress/4.7.4; http://sundog-soft.com"
148.251.21.227 - - [05/May/2017:17:49:44 +0000] "GET /thework.php HTTP/1.1" 404 48245 "-" "Mozilla/5.0 (compatible; BLEXBot/1.0; +http://webmeup-crawler.com/)"
::1 - - [05/May/2017:17:49:47 +0000] "OPTIONS * HTTP/1.0" 200 - "-" "Apache/2.4.25 (Amazon) OpenSSL/1.0.1k-fips PHP/5.6.30 (internal dummy connection)"
::1 - - [05/May/2017:17:49:48 +0000] "OPTIONS * HTTP/1.0" 200 - "-" "Apache/2.4.25 (Amazon) OpenSSL/1.0.1k-fips PHP/5.6.30 (internal dummy connection)"
::1 - - [05/May/2017:17:49:49 +0000] "OPTIONS * HTTP/1.0" 200 - "-" "Apache/2.4.25 (Amazon) OpenSSL/1.0.1k-fips PHP/5.6.30 (internal dummy connection)"
::1 - - [05/May/2017:17:49:50 +0000] "OPTIONS * HTTP/1.0" 200 - "-" "Apache/2.4.25 (Amazon) OpenSSL/1.0.1k-fips PHP/5.6.30 (internal dummy connection)"
54.210.20.202 - - [05/May/2017:17:49:53 +0000] "POST /wp-cron.php?doing_wp_cron=1494006593.6056530475616455078125 HTTP/1.1" 200 - "http://sundog-soft.com/wp-cron.php?doing_wp_cron=1494006593.6056530475616455078125" "WordPress/4.7.4; http://sundog-soft.com"
148.251.21.227 - - [05/May/2017:17:49:53 +0000] "GET /uebermich.php HTTP/1.1" 404 48251 "-" "Mozilla/5.0 (compatible; BLEXBot/1.0; +http://webmeup-crawler.com/)"
64.233.172.153 - - [05/May/2017:17:50:19 +0000] "GET / HTTP/1.1" 200 20503 "-" "Mozilla/5.0 (X11; Linux x86_64) AppleWebKit/537.36 (KHTML, like Gecko) Chrome/49.0.2623.75 Safari/537.36 Google Favicon"
64.233.172.149 - - [05/May/2017:17:50:19 +0000] "GET /favicon.ico HTTP/1.1" 200 - "-" "Mozilla/5.0 (X11; Linux x86_64) AppleWebKit/537.36 (KHTML, like Gecko) Chrome/49.0.2623.75 Safari/537.36 Google Favicon"
54.210.20.202 - - [05/May/2017:17:50:45 +0000] "POST /wp-cron.php?doing_wp_cron=1494006645.1812520027160644531250 HTTP/1.1" 200 - "http://sundog-soft.com/wp-cron.php?doing_wp_cron=1494006645.1812520027160644531250" "WordPress/4.7.4; http://sundog-soft.com"
108.171.129.169 - - [05/May/2017:17:50:44 +0000] "GET /feed/ HTTP/1.1" 200 31812 "-" "Mozilla/5.0 (Windows NT 6.1; Win64; x64; rv:53.0) Gecko/20100101 Firefox/53.0"
54.210.20.202 - - [05/May/2017:17:51:42 +0000] "POST /wp-cron.php?doing_wp_cron=1494006702.1990909576416015625000 HTTP/1.1" 200 - "http://sundog-soft.com/wp-cron.php?doing_wp_cron=1494006702.1990909576416015625000" "WordPress/4.7.4; http://sundog-soft.com"
66.249.64.199 - - [05/May/2017:17:51:41 +0000] "GET /2017/04/skymaxx-pro-4-5-coming/ HTTP/1.1" 200 14702 "-" "Mozilla/5.0 (compatible; Googlebot/2.1; +http://www.google.com/bot.html)"
54.210.20.202 - - [05/May/2017:17:51:48 +0000] "POST /wp-cron.php?doing_wp_cron=1494006708.5429189205169677734375 HTTP/1.1" 200 - "http://sundog-soft.com/wp-cron.php?doing_wp_cron=1494006708.5429189205169677734375" "WordPress/4.7.4; http://sundog-soft.com"
212.150.211.166 - - [05/May/2017:17:51:47 +0000] "GET /robots.txt HTTP/1.0" 200 67 "-" "omgili/0.5 +http://omgili.com"
212.150.211.166 - - [05/May/2017:17:51:50 +0000] "GET /sds/feed HTTP/1.1" 301 235 "-" "UniversalFeedParser/5.1.3 +https://code.google.com/p/feedparser/"
54.210.20.202 - - [05/May/2017:17:51:51 +0000] "POST /wp-cron.php?doing_wp_cron=1494006711.3154439926147460937500 HTTP/1.1" 200 - "http://sundog-soft.com/wp-cron.php?doing_wp_cron=1494006711.3154439926147460937500" "WordPress/4.7.4; http://sundog-soft.com"
212.150.211.166 - - [05/May/2017:17:51:50 +0000] "GET /feed HTTP/1.1" 301 - "-" "UniversalFeedParser/5.1.3 +https://code.google.com/p/feedparser/"
54.210.20.202 - - [05/May/2017:17:51:53 +0000] "POST /wp-cron.php?doing_wp_cron=1494006713.2126810550689697265625 HTTP/1.1" 200 - "http://sundog-soft.com/wp-cron.php?doing_wp_cron=1494006713.2126810550689697265625" "WordPress/4.7.4; http://sundog-soft.com"
212.150.211.166 - - [05/May/2017:17:51:52 +0000] "GET /feed/ HTTP/1.1" 200 31812 "-" "UniversalFeedParser/5.1.3 +https://code.google.com/p/feedparser/"
54.210.20.202 - - [05/May/2017:17:52:25 +0000] "POST /wp-cron.php?doing_wp_cron=1494006745.2552039623260498046875 HTTP/1.1" 200 - "http://sundog-soft.com/wp-cron.php?doing_wp_cron=1494006745.2552039623260498046875" "WordPress/4.7.4; http://sundog-soft.com"
190.74.187.138 - - [05/May/2017:17:52:24 +0000] "GET /wp-login.php HTTP/1.1" 200 1625 "-" "Mozilla/5.0 (Windows NT 6.0; rv:34.0) Gecko/20100101 Firefox/34.0"
54.210.20.202 - - [05/May/2017:17:52:26 +0000] "POST /wp-cron.php?doing_wp_cron=1494006746.7731719017028808593750 HTTP/1.1" 200 - "http://sundog-soft.com/wp-cron.php?doing_wp_cron=1494006746.7731719017028808593750" "WordPress/4.7.4; http://sundog-soft.com"
190.74.187.138 - - [05/May/2017:17:52:26 +0000] "POST /wp-login.php HTTP/1.1" 200 2000 "http://sundog-soft.com/wp-login.php" "Mozilla/5.0 (Windows NT 6.0; rv:34.0) Gecko/20100101 Firefox/34.0"
66.249.64.146 - - [05/May/2017:17:52:44 +0000] "GET /docs/triton/class_triton_1_1_vector4.html HTTP/1.1" 200 3497 "-" "Mozilla/5.0 (compatible; Googlebot/2.1; +http://www.google.com/bot.html)"
54.210.20.202 - - [05/May/2017:17:54:23 +0000] "POST /wp-cron.php?doing_wp_cron=1494006863.3697700500488281250000 HTTP/1.1" 200 - "http://sundog-soft.com/wp-cron.php?doing_wp_cron=1494006863.3697700500488281250000" "WordPress/4.7.4; http://sundog-soft.com"
188.170.194.39 - - [05/May/2017:17:54:22 +0000] "GET /wp-login.php HTTP/1.1" 200 1625 "-" "Mozilla/5.0 (Windows NT 6.0; rv:34.0) Gecko/20100101 Firefox/34.0"
54.210.20.202 - - [05/May/2017:17:54:25 +0000] "POST /wp-cron.php?doing_wp_cron=1494006864.9980230331420898437500 HTTP/1.1" 200 - "http://sundog-soft.com/wp-cron.php?doing_wp_cron=1494006864.9980230331420898437500" "WordPress/4.7.4; http://sundog-soft.com"
188.170.194.39 - - [05/May/2017:17:54:24 +0000] "POST /wp-login.php HTTP/1.1" 200 2000 "http://sundog-soft.com/wp-login.php" "Mozilla/5.0 (Windows NT 6.0; rv:34.0) Gecko/20100101 Firefox/34.0"
54.210.20.202 - - [05/May/2017:17:54:52 +0000] "POST /wp-cron.php?doing_wp_cron=1494006892.5103919506072998046875 HTTP/1.1" 200 - "http://sundog-soft.com/wp-cron.php?doing_wp_cron=1494006892.5103919506072998046875" "WordPress/4.7.4; http://sundog-soft.com"
109.252.37.224 - - [05/May/2017:17:54:51 +0000] "GET /wp-login.php HTTP/1.1" 200 1625 "-" "Mozilla/5.0 (Windows NT 6.0; rv:34.0) Gecko/20100101 Firefox/34.0"
54.210.20.202 - - [05/May/2017:17:54:54 +0000] "POST /wp-cron.php?doing_wp_cron=1494006894.0403869152069091796875 HTTP/1.1" 200 - "http://sundog-soft.com/wp-cron.php?doing_wp_cron=1494006894.0403869152069091796875" "WordPress/4.7.4; http://sundog-soft.com"
109.252.37.224 - - [05/May/2017:17:54:53 +0000] "POST /wp-login.php HTTP/1.1" 200 1999 "http://sundog-soft.com/wp-login.php" "Mozilla/5.0 (Windows NT 6.0; rv:34.0) Gecko/20100101 Firefox/34.0"
54.210.20.202 - - [05/May/2017:17:56:32 +0000] "POST /wp-cron.php?doing_wp_cron=1494006992.5273499488830566406250 HTTP/1.1" 200 - "http://sundog-soft.com/wp-cron.php?doing_wp_cron=1494006992.5273499488830566406250" "WordPress/4.7.4; http://sundog-soft.com"
2.94.244.146 - - [05/May/2017:17:56:31 +0000] "GET /wp-login.php HTTP/1.1" 200 1625 "-" "Mozilla/5.0 (Windows NT 6.0; rv:34.0) Gecko/20100101 Firefox/34.0"
54.210.20.202 - - [05/May/2017:17:56:34 +0000] "POST /wp-cron.php?doing_wp_cron=1494006994.0544550418853759765625 HTTP/1.1" 200 - "http://sundog-soft.com/wp-cron.php?doing_wp_cron=1494006994.0544550418853759765625" "WordPress/4.7.4; http://sundog-soft.com"
2.94.244.146 - - [05/May/2017:17:56:33 +0000] "POST /wp-login.php HTTP/1.1" 200 2000 "http://sundog-soft.com/wp-login.php" "Mozilla/5.0 (Windows NT 6.0; rv:34.0) Gecko/20100101 Firefox/34.0"
178.79.143.171 - - [05/May/2017:17:56:45 +0000] "GET /sds/feed/ HTTP/1.1" 301 236 "-" "arss/testing; fsfeel@gmail.com"
54.210.20.202 - - [05/May/2017:17:56:46 +0000] "POST /wp-cron.php?doing_wp_cron=1494007006.0450239181518554687500 HTTP/1.1" 200 - "http://sundog-soft.com/wp-cron.php?doing_wp_cron=1494007006.0450239181518554687500" "WordPress/4.7.4; http://sundog-soft.com"
178.79.143.171 - - [05/May/2017:17:56:45 +0000] "GET /feed/ HTTP/1.1" 200 31812 "-" "arss/testing; fsfeel@gmail.com"
54.210.20.202 - - [05/May/2017:17:57:00 +0000] "POST /wp-cron.php?doing_wp_cron=1494007020.7019360065460205078125 HTTP/1.1" 200 - "http://sundog-soft.com/wp-cron.php?doing_wp_cron=1494007020.7019360065460205078125" "WordPress/4.7.4; http://sundog-soft.com"
104.154.198.228 - - [05/May/2017:17:57:00 +0000] "GET /feed/ HTTP/1.1" 200 31812 "-" "Java/1.8.0_121"
54.210.20.202 - - [05/May/2017:17:57:02 +0000] "POST /wp-cron.php?doing_wp_cron=1494007022.9303359985351562500000 HTTP/1.1" 200 - "http://sundog-soft.com/wp-cron.php?doing_wp_cron=1494007022.9303359985351562500000" "WordPress/4.7.4; http://sundog-soft.com"
79.106.209.82 - - [05/May/2017:17:57:02 +0000] "GET /wp-login.php HTTP/1.1" 200 5226 "-" "Mozilla/5.0 (Windows NT 6.1; WOW64; rv:40.0) Gecko/20100101 Firefox/40.1"
79.106.209.82 - - [05/May/2017:17:57:03 +0000] "GET / HTTP/1.1" 200 110612 "-" "Mozilla/5.0 (Windows NT 6.1; WOW64; rv:40.0) Gecko/20100101 Firefox/40.1"
51.15.43.202 - - [05/May/2017:17:57:13 +0000] "GET / HTTP/1.1" 200 20503 "-" "Mozilla/5.0 (Windows NT 5.1; rv:7.0.1) Gecko/20100101 Firefox/7.0.1"
51.15.43.202 - - [05/May/2017:17:57:15 +0000] "GET / HTTP/1.1" 200 20503 "http://sundog-soft.net/" "Mozilla/5.0 (Windows NT 5.1; rv:7.0.1) Gecko/20100101 Firefox/7.0.1"
52.15.127.150 - - [05/May/2017:17:57:27 +0000] "GET /sds/wp-content/gallery/triton/rough-best.jpg HTTP/1.1" 301 271 "-" "Amazon CloudFront"
75.126.59.146 - - [05/May/2017:17:57:27 +0000] "GET /wp-content/gallery/triton/rough-best.jpg HTTP/1.0" 200 373957 "-" "XenForo/1.5 (https://forum.unity3d.com)"
54.210.20.202 - - [05/May/2017:17:58:02 +0000] "POST /wp-cron.php?doing_wp_cron=1494007082.8078908920288085937500 HTTP/1.1" 200 - "http://sundog-soft.com/wp-cron.php?doing_wp_cron=1494007082.8078908920288085937500" "WordPress/4.7.4; http://sundog-soft.com"
85.235.35.29 - - [05/May/2017:17:58:02 +0000] "GET /wp-login.php HTTP/1.1" 200 1625 "-" "Mozilla/5.0 (Windows NT 6.0; rv:34.0) Gecko/20100101 Firefox/34.0"
54.210.20.202 - - [05/May/2017:17:58:04 +0000] "POST /wp-cron.php?doing_wp_cron=1494007084.3841629028320312500000 HTTP/1.1" 200 - "http://sundog-soft.com/wp-cron.php?doing_wp_cron=1494007084.3841629028320312500000" "WordPress/4.7.4; http://sundog-soft.com"
85.235.35.29 - - [05/May/2017:17:58:03 +0000] "POST /wp-login.php HTTP/1.1" 200 1999 "http://sundog-soft.com/wp-login.php" "Mozilla/5.0 (Windows NT 6.0; rv:34.0) Gecko/20100101 Firefox/34.0"
54.210.20.202 - - [05/May/2017:17:58:08 +0000] "POST /wp-cron.php?doing_wp_cron=1494007088.9856259822845458984375 HTTP/1.1" 200 - "http://sundog-soft.com/wp-cron.php?doing_wp_cron=1494007088.9856259822845458984375" "WordPress/4.7.4; http://sundog-soft.com"
157.55.39.114 - - [05/May/2017:17:58:08 +0000] "GET /download/ HTTP/1.1" 301 - "-" "msnbot-media/1.1 (+http://search.msn.com/msnbot.htm)"
1.169.49.125 - - [05/May/2017:17:58:21 +0000] "GET /sds/wp-content/uploads/2014/05/Thunderstorm-below.jpg HTTP/1.1" 301 280 "https://www.google.com.tw/" "Mozilla/5.0 (Windows NT 10.0; Win64; x64) AppleWebKit/537.36 (KHTML, like Gecko) Chrome/58.0.3029.96 Safari/537.36"
1.169.49.125 - - [05/May/2017:17:58:21 +0000] "GET /wp-content/uploads/2014/05/Thunderstorm-below.jpg HTTP/1.1" 200 9577 "https://www.google.com.tw/" "Mozilla/5.0 (Windows NT 10.0; Win64; x64) AppleWebKit/537.36 (KHTML, like Gecko) Chrome/58.0.3029.96 Safari/537.36"
54.210.20.202 - - [05/May/2017:17:58:23 +0000] "POST /wp-cron.php?doing_wp_cron=1494007103.1497509479522705078125 HTTP/1.1" 200 - "http://sundog-soft.com/wp-cron.php?doing_wp_cron=1494007103.1497509479522705078125" "WordPress/4.7.4; http://sundog-soft.com"
95.142.161.63 - - [05/May/2017:17:58:22 +0000] "GET / HTTP/1.1" 301 - "-" "Mozilla/5.0 (Windows NT 5.1; rv:7.0.1) Gecko/20100101 Firefox/7.0.1"
95.142.161.63 - - [05/May/2017:17:58:24 +0000] "GET / HTTP/1.1" 200 20503 "-" "Mozilla/5.0 (Windows NT 5.1; rv:7.0.1) Gecko/20100101 Firefox/7.0.1"
54.210.20.202 - - [05/May/2017:17:58:27 +0000] "POST /wp-cron.php?doing_wp_cron=1494007107.4071040153503417968750 HTTP/1.1" 200 - "http://sundog-soft.com/wp-cron.php?doing_wp_cron=1494007107.4071040153503417968750" "WordPress/4.7.4; http://sundog-soft.com"
95.142.161.63 - - [05/May/2017:17:58:26 +0000] "GET / HTTP/1.1" 301 - "http://sundogsoftware.com/" "Mozilla/5.0 (Windows NT 5.1; rv:7.0.1) Gecko/20100101 Firefox/7.0.1"
95.142.161.63 - - [05/May/2017:17:58:28 +0000] "GET / HTTP/1.1" 200 20503 "http://sundogsoftware.com/" "Mozilla/5.0 (Windows NT 5.1; rv:7.0.1) Gecko/20100101 Firefox/7.0.1"
212.71.248.19 - - [05/May/2017:17:58:38 +0000] "GET /docs/triton/class_triton_1_1_matrix4-members.html HTTP/1.1" 200 2119 "-" "Mozilla/5.0 (X11; U; Linux i686; en-GB; rv:1.8.1.10) Gecko/20071126 Ubuntu/7.10 (gutsy) Firefox/2.0.0.10"
54.210.20.202 - - [05/May/2017:17:59:15 +0000] "POST /wp-cron.php?doing_wp_cron=1494007155.3356230258941650390625 HTTP/1.1" 200 - "http://sundog-soft.com/wp-cron.php?doing_wp_cron=1494007155.3356230258941650390625" "WordPress/4.7.4; http://sundog-soft.com"
212.118.47.140 - - [05/May/2017:17:59:14 +0000] "GET /wp-login.php HTTP/1.1" 200 1625 "-" "Mozilla/5.0 (Windows NT 6.0; rv:34.0) Gecko/20100101 Firefox/34.0"
54.210.20.202 - - [05/May/2017:17:59:16 +0000] "POST /wp-cron.php?doing_wp_cron=1494007156.9740281105041503906250 HTTP/1.1" 200 - "http://sundog-soft.com/wp-cron.php?doing_wp_cron=1494007156.9740281105041503906250" "WordPress/4.7.4; http://sundog-soft.com"
212.118.47.140 - - [05/May/2017:17:59:16 +0000] "POST /wp-login.php HTTP/1.1" 200 2000 "http://sundog-soft.com/wp-login.php" "Mozilla/5.0 (Windows NT 6.0; rv:34.0) Gecko/20100101 Firefox/34.0"
54.210.20.202 - - [05/May/2017:17:59:54 +0000] "POST /wp-cron.php?doing_wp_cron=1494007194.2563350200653076171875 HTTP/1.1" 200 - "http://sundog-soft.com/wp-cron.php?doing_wp_cron=1494007194.2563350200653076171875" "WordPress/4.7.4; http://sundog-soft.com"
94.153.239.222 - - [05/May/2017:17:59:53 +0000] "GET /wp-login.php HTTP/1.1" 200 1622 "-" "Mozilla/5.0 (Windows NT 6.0; rv:34.0) Gecko/20100101 Firefox/34.0"
54.210.20.202 - - [05/May/2017:17:59:55 +0000] "POST /wp-cron.php?doing_wp_cron=1494007195.7724020481109619140625 HTTP/1.1" 200 - "http://sundog-soft.com/wp-cron.php?doing_wp_cron=1494007195.7724020481109619140625" "WordPress/4.7.4; http://sundog-soft.com"
94.153.239.222 - - [05/May/2017:17:59:55 +0000] "POST /wp-login.php HTTP/1.1" 200 1999 "http://sundog-soft.com/wp-login.php" "Mozilla/5.0 (Windows NT 6.0; rv:34.0) Gecko/20100101 Firefox/34.0"
66.249.64.146 - - [05/May/2017:18:01:16 +0000] "GET /docs/triton/class_triton_1_1_matrix4.html HTTP/1.1" 200 4041 "-" "Mozilla/5.0 (compatible; Googlebot/2.1; +http://www.google.com/bot.html)"
86.62.96.49 - - [05/May/2017:18:01:39 +0000] "GET /wp-login.php HTTP/1.1" 200 1622 "-" "Mozilla/5.0 (Windows NT 6.0; rv:34.0) Gecko/20100101 Firefox/34.0"
54.210.20.202 - - [05/May/2017:18:01:40 +0000] "GET /sitemap_index.xml HTTP/1.1" 200 389 "http://sundog-soft.com/sitemap_index.xml" "W3 Total Cache"
86.62.96.49 - - [05/May/2017:18:01:41 +0000] "POST /wp-login.php HTTP/1.1" 200 2000 "http://sundog-soft.com/wp-login.php" "Mozilla/5.0 (Windows NT 6.0; rv:34.0) Gecko/20100101 Firefox/34.0"
54.210.20.202 - - [05/May/2017:18:01:41 +0000] "GET /post-sitemap.xml HTTP/1.1" 200 13654 "http://sundog-soft.com/post-sitemap.xml" "W3 Total Cache"
